nohup: 忽略输入
GEN 1 SUCCESS 13 / 24 NOMINAL 1 OBJECTIVE 192.76 STALE 0
GEN 2 SUCCESS 13 / 24 NOMINAL 1 OBJECTIVE 192.76 STALE 1
GEN 3 SUCCESS 13 / 24 NOMINAL 1 OBJECTIVE 192.76 STALE 2
GEN 4 SUCCESS 13 / 24 NOMINAL 1 OBJECTIVE 192.76 STALE 3
GEN 5 SUCCESS 13 / 24 NOMINAL 1 OBJECTIVE 192.76 STALE 4
GEN 6 SUCCESS 13 / 24 NOMINAL 1 OBJECTIVE 192.76 STALE 5
GEN 7 SUCCESS 13 / 24 NOMINAL 1 OBJECTIVE 192.76 STALE 6
GEN 8 SUCCESS 13 / 24 NOMINAL 1 OBJECTIVE 192.76 STALE 7
GEN 9 SUCCESS 13 / 24 NOMINAL 1 OBJECTIVE 192.76 STALE 8
GEN 10 SUCCESS 13 / 24 NOMINAL 1 OBJECTIVE 192.76 STALE 9
GEN 11 SUCCESS 13 / 24 NOMINAL 1 OBJECTIVE 192.76 STALE 10
GEN 12 SUCCESS 13 / 24 NOMINAL 1 OBJECTIVE 192.76 STALE 11
GEN 13 SUCCESS 13 / 24 NOMINAL 1 OBJECTIVE 192.76 STALE 12
HELDOUT None 1 1
HELDOUT 774000 1 1
HELDOUT 774001 0 0
HELDOUT 774002 0 0
HELDOUT 774003 1 1
HELDOUT 774004 0 0
HELDOUT 774005 0 0
HELDOUT 774006 0 0
HELDOUT 774007 0 0
HELDOUT 774008 0 0
HELDOUT 774009 0 0
HELDOUT 774010 0 0
HELDOUT 774011 0 0
HELDOUT 774012 0 0
HELDOUT 774013 1 1
HELDOUT 774014 0 0
HELDOUT 774015 1 1
HELDOUT 774016 0 0
HELDOUT 774017 0 0
HELDOUT 774018 0 0
HELDOUT 774019 0 0
HELDOUT 774020 0 0
HELDOUT 774021 0 0
HELDOUT 774022 0 0
HELDOUT 774023 1 1
HELDOUT 774024 0 0
HELDOUT 774025 0 0
HELDOUT 774026 0 0
HELDOUT 774027 0 0
HELDOUT 774028 0 0
HELDOUT 774029 0 0
HELDOUT 774030 1 1
HELDOUT 774031 0 0
HELDOUT 774032 1 1
HELDOUT 774033 0 0
HELDOUT 774034 0 0
HELDOUT 774035 0 0
HELDOUT 774036 1 1
HELDOUT 774037 0 0
HELDOUT 774038 1 1
HELDOUT 774039 0 0
RESULTS_SAVED /data/shijinsheng/open_duck/outputs/getup_shortpath_feedback_r70_left_20260930
