...F........
======================================================================
FAIL: test_head_position_has_no_task_effect (__main__.FootTaskTests.test_head_position_has_no_task_effect)
----------------------------------------------------------------------
Traceback (most recent call last):
  File "/data/shijinsheng/open_duck/projects/Open_Duck_Playground/diagnostics/test_getup_foot_task_r177.py", line 51, in test_head_position_has_no_task_effect
    for a,b in zip(self.call(x=x),self.call()):np.testing.assert_array_equal(a,b)
                                               ^^^^^^^^^^^^^^^^^^^^^^^^^^^^^^^^^^
  File "/data/shijinsheng/open_duck/projects/Open_Duck_Playground/.venv/lib/python3.11/site-packages/numpy/testing/_private/utils.py", line 1121, in assert_array_equal
    assert_array_compare(operator.__eq__, actual, desired, err_msg=err_msg,
  File "/data/shijinsheng/open_duck/projects/Open_Duck_Playground/.venv/lib/python3.11/site-packages/numpy/testing/_private/utils.py", line 983, in assert_array_compare
    raise AssertionError(msg)
AssertionError: 
Arrays are not equal

Mismatched elements: 15 / 30 (50%)
First 5 mismatches are at indices:
 [0, 0, 0]: -0.06737798063356065 (ACTUAL), -0.06737798063356067 (DESIRED)
 [0, 0, 3]: 0.05818077851064565 (ACTUAL), 0.05818077851064564 (DESIRED)
 [0, 1, 1]: -0.12548418849815335 (ACTUAL), -0.12548418849815332 (DESIRED)
 [0, 1, 3]: 0.0029196277847063144 (ACTUAL), 0.002919627784706315 (DESIRED)
 [0, 2, 0]: -1.4713882159995317e-15 (ACTUAL), -1.471388215999532e-15 (DESIRED)
Max absolute difference among violations: 2.77555756e-17
Max relative difference among violations: 4.73648875e-16
 ACTUAL: array([[[-6.737798e-02,  2.509687e-04,  1.217369e-01,  5.818078e-02,
          0.000000e+00],
        [-9.614533e-03, -1.254842e-01,  5.920644e-04,  2.919628e-03,...
 DESIRED: array([[[-6.737798e-02,  2.509687e-04,  1.217369e-01,  5.818078e-02,
          0.000000e+00],
        [-9.614533e-03, -1.254842e-01,  5.920644e-04,  2.919628e-03,...

----------------------------------------------------------------------
Ran 12 tests in 0.663s

FAILED (failures=1)
