{"read_only": true, "no_MjData_environment_forward_or_integration": true, "no_outcome_or_validity_relabeling": true, "smoke": false, "distinct_actual_programs": 21, "nonzero_programs": 20, "actual_training_trajectories": 525, "generations": 4, "selected_parameters": [0.0, 0.0, 0.0], "candidate_successes": 18, "baseline_successes": 18, "candidate_physical_failures": 0, "development_gate": false, "best_nonzero": "/data/shijinsheng/open_duck/outputs/getup_velocity_damping_r165_left_20261006/training/generation_0003/candidate_05", "best_all_valid_nonzero": "/data/shijinsheng/open_duck/outputs/getup_velocity_damping_r165_left_20261006/training/generation_0001/candidate_07", "all_valid_nonzero_programs": 5, "paired_algebra_not_dynamic_counterfactual": true, "sign_invariance_not_total_energy_or_recovery_proof": true, "qpos_qvel_only_read_for_separate_original_field_parity_not_feedback_inputs": true, "source_hashes_unchanged": true, "qualification_never_loaded": true, "full_task_completed": false, "hardware_readiness": false}
R166_PROGRAM training/generation_0001/candidate_00 18 0 [] []
R166_PROGRAM training/generation_0001/candidate_02 8 2 [769002, 773004, 773015] [769001, 769003, 769006, 769007, 773002, 773006, 773007, 773009, 773010, 773011, 773012, 773013, 773014]
R166_PROGRAM training/generation_0001/candidate_03 5 3 [] [769000, 769001, 769003, 769005, 769006, 773000, 773002, 773003, 773006, 773007, 773008, 773013, 773014]
R166_PROGRAM training/generation_0001/candidate_04 8 0 [769002, 773001, 773015] [769000, 769005, 769006, 769007, 773000, 773002, 773003, 773008, 773009, 773010, 773011, 773012, 773013]
R166_PROGRAM training/generation_0001/candidate_05 4 0 [773001, 773004] [769000, 769001, 769003, 769005, 769007, 773002, 773003, 773006, 773007, 773008, 773009, 773010, 773011, 773012, 773013, 773014]
R166_PROGRAM training/generation_0001/candidate_06 4 0 [769002, 773004, 773005] [769000, 769001, 769003, 769005, 769006, 769007, 773002, 773003, 773006, 773007, 773008, 773009, 773010, 773011, 773012, 773013, 773014]
R166_PROGRAM training/generation_0001/candidate_07 8 0 [769004, 773005] [769001, 769003, 769005, 769006, 773000, 773002, 773003, 773010, 773011, 773012, 773013, 773014]
R166_PROGRAM training/generation_0002/candidate_02 5 3 [773001] [769000, 769001, 769003, 769005, 769006, 773000, 773003, 773006, 773007, 773008, 773009, 773010, 773011, 773014]
R166_PROGRAM training/generation_0002/candidate_04 9 3 [769002, 769004, 773004, 773005, 773015] [769005, 769006, 769007, 773000, 773002, 773003, 773006, 773007, 773008, 773010, 773011, 773012, 773013, 773014]
R166_PROGRAM training/generation_0002/candidate_05 3 1 [773001, 773004] [769000, 769001, 769005, 769006, 769007, 773000, 773002, 773003, 773006, 773007, 773008, 773009, 773010, 773011, 773012, 773013, 773014]
R166_PROGRAM training/generation_0002/candidate_06 8 1 [769002, 769004, 773004, 773005] [769003, 769005, 769006, 769007, 773000, 773003, 773006, 773008, 773009, 773010, 773011, 773012, 773013, 773014]
R166_PROGRAM training/generation_0002/candidate_07 4 2 [769002] [769000, 769001, 769003, 769005, 769006, 773000, 773002, 773006, 773007, 773008, 773009, 773010, 773011, 773013, 773014]
R166_PROGRAM training/generation_0003/candidate_02 5 1 [773001] [769000, 769001, 769003, 769006, 769007, 773002, 773003, 773006, 773007, 773008, 773009, 773012, 773013, 773014]
R166_PROGRAM training/generation_0003/candidate_03 8 1 [769002, 773001, 773005] [769000, 769001, 769003, 769005, 769006, 773000, 773002, 773003, 773006, 773010, 773011, 773012, 773013]
R166_PROGRAM training/generation_0003/candidate_04 3 3 [769004] [769000, 769001, 769003, 769005, 769007, 773000, 773002, 773003, 773006, 773007, 773008, 773009, 773010, 773011, 773013, 773014]
R166_PROGRAM training/generation_0003/candidate_05 10 2 [769004, 773004, 773005, 773015] [769000, 769001, 769003, 773000, 773003, 773006, 773007, 773009, 773010, 773011, 773012, 773013]
R166_PROGRAM training/generation_0003/candidate_06 8 1 [769002, 773005] [769001, 769006, 769007, 773000, 773002, 773003, 773007, 773008, 773011, 773012, 773013, 773014]
R166_PROGRAM training/generation_0004/candidate_02 8 1 [773001, 773004] [769000, 769003, 769005, 769006, 769007, 773000, 773002, 773003, 773006, 773007, 773008, 773011]
R166_PROGRAM training/generation_0004/candidate_03 6 1 [769004, 773004, 773015] [769000, 769001, 769003, 769006, 769007, 773000, 773002, 773003, 773006, 773008, 773009, 773010, 773011, 773012, 773014]
R166_PROGRAM training/generation_0004/candidate_04 7 1 [] [769001, 769005, 769007, 773002, 773006, 773007, 773008, 773009, 773010, 773011, 773014]
R166_PROGRAM training/generation_0004/candidate_07 4 0 [773015] [769000, 769003, 769006, 769007, 773000, 773002, 773003, 773006, 773007, 773008, 773009, 773010, 773011, 773013, 773014]
