R160_ZERO_AND_NOMINAL_FULL_PARITY_PASS
R160_CANDIDATE 1 0 18 0
R160_CANDIDATE 1 1 18 0
R160_CANDIDATE 1 2 7 1
R160_CANDIDATE 1 3 11 1
R160_CANDIDATE 1 4 7 3
R160_CANDIDATE 1 5 7 1
R160_CANDIDATE 1 6 2 2
R160_CANDIDATE 1 7 8 0
R160_CANDIDATE 1 8 5 1
R160_CANDIDATE 1 9 11 0
R160_CANDIDATE 1 10 4 6
R160_CANDIDATE 1 11 7 5
R160_CANDIDATE 2 0 18 0
R160_CANDIDATE 2 1 18 0
R160_CANDIDATE 2 2 9 2
R160_CANDIDATE 2 3 8 2
R160_CANDIDATE 2 4 11 2
R160_CANDIDATE 2 5 12 2
R160_CANDIDATE 2 6 6 1
R160_CANDIDATE 2 7 3 2
R160_CANDIDATE 2 8 8 2
R160_CANDIDATE 2 9 5 1
R160_CANDIDATE 2 10 7 1
R160_CANDIDATE 2 11 10 0
R160_CANDIDATE 3 0 18 0
R160_CANDIDATE 3 1 18 0
R160_CANDIDATE 3 2 9 2
R160_CANDIDATE 3 3 7 0
R160_CANDIDATE 3 4 6 0
R160_CANDIDATE 3 5 6 1
R160_CANDIDATE 3 6 4 3
R160_CANDIDATE 3 7 3 2
R160_CANDIDATE 3 8 4 3
R160_CANDIDATE 3 9 10 1
R160_CANDIDATE 3 10 11 0
R160_CANDIDATE 3 11 3 0
R160_CANDIDATE 4 0 18 0
R160_CANDIDATE 4 1 18 0
R160_CANDIDATE 4 2 6 2
R160_CANDIDATE 4 3 9 1
R160_CANDIDATE 4 4 10 3
R160_CANDIDATE 4 5 9 3
R160_CANDIDATE 4 6 7 2
R160_CANDIDATE 4 7 8 1
R160_CANDIDATE 4 8 3 2
R160_CANDIDATE 4 9 7 3
R160_CANDIDATE 4 10 7 1
R160_CANDIDATE 4 11 8 2
R160_CANDIDATE 5 0 18 0
R160_CANDIDATE 5 1 18 0
R160_CANDIDATE 5 2 3 2
R160_CANDIDATE 5 3 5 2
R160_CANDIDATE 5 4 7 1
R160_CANDIDATE 5 5 6 3
R160_CANDIDATE 5 6 11 2
R160_CANDIDATE 5 7 9 0
R160_CANDIDATE 5 8 6 1
R160_CANDIDATE 5 9 7 3
R160_CANDIDATE 5 10 7 1
R160_CANDIDATE 5 11 11 2
R160_CANDIDATE 6 0 18 0
R160_CANDIDATE 6 1 18 0
R160_CANDIDATE 6 2 9 1
R160_CANDIDATE 6 3 7 1
R160_CANDIDATE 6 4 5 3
R160_CANDIDATE 6 5 9 1
R160_CANDIDATE 6 6 8 2
R160_CANDIDATE 6 7 6 1
R160_CANDIDATE 6 8 10 1
R160_CANDIDATE 6 9 8 1
R160_CANDIDATE 6 10 6 1
R160_CANDIDATE 6 11 5 1
R160_FULL_DEVELOPMENT 18 18 0
