nohup: 忽略输入
FULL_FALL None BASE 1 CANDIDATE 1
FULL_FALL 768000 BASE 0 CANDIDATE 0
FULL_FALL 768001 BASE 0 CANDIDATE 0
FULL_FALL 768002 BASE 0 CANDIDATE 0
FULL_FALL 768003 BASE 0 CANDIDATE 0
FULL_FALL 768004 BASE 1 CANDIDATE 1
FULL_FALL 768005 BASE 1 CANDIDATE 1
FULL_FALL 768006 BASE 1 CANDIDATE 0
FULL_FALL 768007 BASE 0 CANDIDATE 0
FULL_FALL 768008 BASE 0 CANDIDATE 0
FULL_FALL 768009 BASE 0 CANDIDATE 0
FULL_FALL 768010 BASE 0 CANDIDATE 0
FULL_FALL 768011 BASE 1 CANDIDATE 1
FULL_FALL 768012 BASE 1 CANDIDATE 1
FULL_FALL 768013 BASE 0 CANDIDATE 0
FULL_FALL 768014 BASE 1 CANDIDATE 1
FULL_FALL 768015 BASE 1 CANDIDATE 1
FULL_FALL 768016 BASE 1 CANDIDATE 1
FULL_FALL 768017 BASE 1 CANDIDATE 0
FULL_FALL 768018 BASE 0 CANDIDATE 0
FULL_FALL 768019 BASE 0 CANDIDATE 0
SUMMARY {"trials": 20, "baseline_successes": 9, "candidate_successes": 7, "wins": 0, "regressions": 2}
RESULTS_SAVED /data/shijinsheng/open_duck/outputs/getup_fullfall_feedback_r66_left_20260930
