PREFIX_SCAN {"total_prefixes": 772, "physically_valid": 772, "eligible_prefixes": 0, "selected_prefixes": [], "maximum_up": 0.7769862361297807, "control_steps": 113466}
BRIDGE_TERMINAL prone nominal_success False
PREFIX_SCAN {"total_prefixes": 731, "physically_valid": 731, "eligible_prefixes": 11, "selected_prefixes": [275, 5, 658, 33, 24, 12, 122, 6, 7, 85, 17], "maximum_up": 0.8613664587981926, "control_steps": 138265}
BRIDGE_PREFIX 275 successes 0 / 14
BRIDGE_PREFIX 5 successes 0 / 14
BRIDGE_PREFIX 658 successes 0 / 14
BRIDGE_PREFIX 33 successes 0 / 14
BRIDGE_PREFIX 24 successes 0 / 14
BRIDGE_PREFIX 12 successes 0 / 14
BRIDGE_PREFIX 122 successes 0 / 14
BRIDGE_PREFIX 6 successes 0 / 14
BRIDGE_PREFIX 7 successes 0 / 14
BRIDGE_PREFIX 85 successes 0 / 14
BRIDGE_PREFIX 17 successes 0 / 14
BRIDGE_TERMINAL supine nominal_success False
PREFIX_SCAN {"total_prefixes": 722, "physically_valid": 722, "eligible_prefixes": 6, "selected_prefixes": [384, 339, 370, 341, 512, 356], "maximum_up": 0.8365890616596505, "control_steps": 123001}
BRIDGE_PREFIX 384 successes 0 / 14
BRIDGE_PREFIX 339 successes 0 / 14
BRIDGE_PREFIX 370 successes 0 / 14
BRIDGE_PREFIX 341 successes 0 / 14
BRIDGE_PREFIX 512 successes 0 / 14
BRIDGE_PREFIX 356 successes 0 / 14
BRIDGE_TERMINAL left_side nominal_success False
PREFIX_SCAN {"total_prefixes": 741, "physically_valid": 741, "eligible_prefixes": 0, "selected_prefixes": [], "maximum_up": 0.6566032995878419, "control_steps": 117707}
BRIDGE_TERMINAL right_side nominal_success False
R31_BRIDGE_ALL_ORIENTATIONS_TERMINAL
