{"generation": 1, "cells": 22, "control_steps_total": 3792, "physically_valid": 31, "strict_entries": 0, "found_nominal_30s": false, "wall_seconds": 8.886120015755296, "best_up": 0.398918615296004, "best_height": 0.10720685288529813, "best_load": 1.0}
{"generation": 2, "cells": 46, "control_steps_total": 9030, "physically_valid": 29, "strict_entries": 0, "found_nominal_30s": false, "wall_seconds": 19.765806110575795, "best_up": 0.398918615296004, "best_height": 0.10720685288529813, "best_load": 1.0}
{"generation": 3, "cells": 64, "control_steps_total": 14308, "physically_valid": 29, "strict_entries": 0, "found_nominal_30s": false, "wall_seconds": 30.67767979670316, "best_up": 0.398918615296004, "best_height": 0.10720685288529813, "best_load": 1.0}
{"generation": 4, "cells": 75, "control_steps_total": 19986, "physically_valid": 30, "strict_entries": 0, "found_nominal_30s": false, "wall_seconds": 42.12885684520006, "best_up": 0.398918615296004, "best_height": 0.10720685288529813, "best_load": 1.0}
{"generation": 5, "cells": 96, "control_steps_total": 25083, "physically_valid": 32, "strict_entries": 0, "found_nominal_30s": false, "wall_seconds": 52.985873671248555, "best_up": 0.398918615296004, "best_height": 0.10720685288529813, "best_load": 1.0}
{"generation": 6, "cells": 118, "control_steps_total": 30311, "physically_valid": 32, "strict_entries": 0, "found_nominal_30s": false, "wall_seconds": 63.81358385551721, "best_up": 0.398918615296004, "best_height": 0.10720685288529813, "best_load": 1.0}
{"generation": 7, "cells": 140, "control_steps_total": 34883, "physically_valid": 30, "strict_entries": 0, "found_nominal_30s": false, "wall_seconds": 73.27636707015336, "best_up": 0.398918615296004, "best_height": 0.10720685288529813, "best_load": 1.0}
{"generation": 8, "cells": 154, "control_steps_total": 39272, "physically_valid": 25, "strict_entries": 0, "found_nominal_30s": false, "wall_seconds": 82.53288555517793, "best_up": 0.398918615296004, "best_height": 0.10720685288529813, "best_load": 1.0}
{"generation": 9, "cells": 175, "control_steps_total": 43333, "physically_valid": 29, "strict_entries": 0, "found_nominal_30s": false, "wall_seconds": 91.20110134035349, "best_up": 0.398918615296004, "best_height": 0.10720685288529813, "best_load": 1.0}
{"generation": 10, "cells": 192, "control_steps_total": 47999, "physically_valid": 27, "strict_entries": 0, "found_nominal_30s": false, "wall_seconds": 101.09450945351273, "best_up": 0.398918615296004, "best_height": 0.10720685288529813, "best_load": 1.0}
{"generation": 11, "cells": 212, "control_steps_total": 52075, "physically_valid": 31, "strict_entries": 0, "found_nominal_30s": false, "wall_seconds": 110.07069715391845, "best_up": 0.398918615296004, "best_height": 0.10720685288529813, "best_load": 1.0}
{"generation": 12, "cells": 231, "control_steps_total": 56902, "physically_valid": 32, "strict_entries": 0, "found_nominal_30s": false, "wall_seconds": 120.11340925656259, "best_up": 0.398918615296004, "best_height": 0.10720685288529813, "best_load": 1.0}
{"generation": 13, "cells": 250, "control_steps_total": 61221, "physically_valid": 29, "strict_entries": 0, "found_nominal_30s": false, "wall_seconds": 129.39378735236824, "best_up": 0.398918615296004, "best_height": 0.10720685288529813, "best_load": 1.0}
{"generation": 14, "cells": 275, "control_steps_total": 64953, "physically_valid": 29, "strict_entries": 0, "found_nominal_30s": false, "wall_seconds": 137.95114760939032, "best_up": 0.398918615296004, "best_height": 0.10720685288529813, "best_load": 1.0}
{"generation": 15, "cells": 294, "control_steps_total": 68936, "physically_valid": 31, "strict_entries": 0, "found_nominal_30s": false, "wall_seconds": 146.62126210797578, "best_up": 0.398918615296004, "best_height": 0.10720685288529813, "best_load": 1.0}
{"generation": 16, "cells": 310, "control_steps_total": 73222, "physically_valid": 30, "strict_entries": 0, "found_nominal_30s": false, "wall_seconds": 155.86288169398904, "best_up": 0.398918615296004, "best_height": 0.10720685288529813, "best_load": 1.0}
{"generation": 17, "cells": 329, "control_steps_total": 77519, "physically_valid": 30, "strict_entries": 0, "found_nominal_30s": false, "wall_seconds": 165.17068720795214, "best_up": 0.398918615296004, "best_height": 0.10720685288529813, "best_load": 1.0}
{"generation": 18, "cells": 348, "control_steps_total": 81477, "physically_valid": 27, "strict_entries": 0, "found_nominal_30s": false, "wall_seconds": 174.15588151291013, "best_up": 0.398918615296004, "best_height": 0.10720685288529813, "best_load": 1.0}
{"generation": 19, "cells": 360, "control_steps_total": 85692, "physically_valid": 31, "strict_entries": 0, "found_nominal_30s": false, "wall_seconds": 183.63827859424055, "best_up": 0.398918615296004, "best_height": 0.10720685288529813, "best_load": 1.0}
{"generation": 20, "cells": 377, "control_steps_total": 90495, "physically_valid": 28, "strict_entries": 0, "found_nominal_30s": false, "wall_seconds": 194.12193017080426, "best_up": 0.398918615296004, "best_height": 0.10720685288529813, "best_load": 1.0}
{"generation": 21, "cells": 393, "control_steps_total": 94828, "physically_valid": 27, "strict_entries": 0, "found_nominal_30s": false, "wall_seconds": 203.64826681651175, "best_up": 0.398918615296004, "best_height": 0.10720685288529813, "best_load": 1.0}
{"generation": 22, "cells": 409, "control_steps_total": 98794, "physically_valid": 30, "strict_entries": 0, "found_nominal_30s": false, "wall_seconds": 212.5456583444029, "best_up": 0.398918615296004, "best_height": 0.10720685288529813, "best_load": 1.0}
{"generation": 23, "cells": 422, "control_steps_total": 103930, "physically_valid": 28, "strict_entries": 0, "found_nominal_30s": false, "wall_seconds": 223.27903901226819, "best_up": 0.398918615296004, "best_height": 0.10720685288529813, "best_load": 1.0}
{"generation": 24, "cells": 440, "control_steps_total": 108497, "physically_valid": 30, "strict_entries": 0, "found_nominal_30s": false, "wall_seconds": 232.91161251347512, "best_up": 0.398918615296004, "best_height": 0.10720685288529813, "best_load": 1.0}
{"generation": 25, "cells": 453, "control_steps_total": 112630, "physically_valid": 29, "strict_entries": 0, "found_nominal_30s": false, "wall_seconds": 242.4253169540316, "best_up": 0.398918615296004, "best_height": 0.10720685288529813, "best_load": 1.0}
{"generation": 26, "cells": 468, "control_steps_total": 117733, "physically_valid": 30, "strict_entries": 0, "found_nominal_30s": false, "wall_seconds": 253.1672980012372, "best_up": 0.398918615296004, "best_height": 0.10720685288529813, "best_load": 1.0}
{"generation": 27, "cells": 486, "control_steps_total": 122390, "physically_valid": 29, "strict_entries": 0, "found_nominal_30s": false, "wall_seconds": 263.4993416015059, "best_up": 0.398918615296004, "best_height": 0.10720685288529813, "best_load": 1.0}
{"generation": 28, "cells": 499, "control_steps_total": 127203, "physically_valid": 31, "strict_entries": 0, "found_nominal_30s": false, "wall_seconds": 273.76521387603134, "best_up": 0.398918615296004, "best_height": 0.10720685288529813, "best_load": 1.0}
{"generation": 29, "cells": 513, "control_steps_total": 131895, "physically_valid": 27, "strict_entries": 0, "found_nominal_30s": false, "wall_seconds": 283.99534534383565, "best_up": 0.398918615296004, "best_height": 0.10720685288529813, "best_load": 1.0}
{"generation": 30, "cells": 527, "control_steps_total": 136489, "physically_valid": 28, "strict_entries": 0, "found_nominal_30s": false, "wall_seconds": 294.4412977118045, "best_up": 0.398918615296004, "best_height": 0.10720685288529813, "best_load": 1.0}
{"generation": 31, "cells": 542, "control_steps_total": 141324, "physically_valid": 29, "strict_entries": 0, "found_nominal_30s": false, "wall_seconds": 305.4772387072444, "best_up": 0.398918615296004, "best_height": 0.10720685288529813, "best_load": 1.0}
{"generation": 32, "cells": 555, "control_steps_total": 145809, "physically_valid": 27, "strict_entries": 0, "found_nominal_30s": false, "wall_seconds": 315.3548603421077, "best_up": 0.398918615296004, "best_height": 0.10720685288529813, "best_load": 1.0}
{"generation": 33, "cells": 572, "control_steps_total": 150325, "physically_valid": 28, "strict_entries": 0, "found_nominal_30s": false, "wall_seconds": 325.4661940243095, "best_up": 0.398918615296004, "best_height": 0.10720685288529813, "best_load": 1.0}
{"generation": 34, "cells": 586, "control_steps_total": 154851, "physically_valid": 28, "strict_entries": 0, "found_nominal_30s": false, "wall_seconds": 335.6653171284124, "best_up": 0.398918615296004, "best_height": 0.10720685288529813, "best_load": 1.0}
{"generation": 35, "cells": 604, "control_steps_total": 159618, "physically_valid": 31, "strict_entries": 0, "found_nominal_30s": false, "wall_seconds": 346.04643258079886, "best_up": 0.398918615296004, "best_height": 0.10720685288529813, "best_load": 1.0}
{"generation": 36, "cells": 618, "control_steps_total": 164508, "physically_valid": 27, "strict_entries": 0, "found_nominal_30s": false, "wall_seconds": 356.53116297069937, "best_up": 0.398918615296004, "best_height": 0.10720685288529813, "best_load": 1.0}
{"generation": 37, "cells": 630, "control_steps_total": 168718, "physically_valid": 24, "strict_entries": 0, "found_nominal_30s": false, "wall_seconds": 365.9387581469491, "best_up": 0.398918615296004, "best_height": 0.10720685288529813, "best_load": 1.0}
{"generation": 38, "cells": 647, "control_steps_total": 174051, "physically_valid": 32, "strict_entries": 0, "found_nominal_30s": false, "wall_seconds": 377.16110704187304, "best_up": 0.398918615296004, "best_height": 0.10720685288529813, "best_load": 1.0}
{"generation": 39, "cells": 660, "control_steps_total": 178937, "physically_valid": 31, "strict_entries": 0, "found_nominal_30s": false, "wall_seconds": 388.11390938423574, "best_up": 0.398918615296004, "best_height": 0.10720685288529813, "best_load": 1.0}
{"generation": 40, "cells": 678, "control_steps_total": 184023, "physically_valid": 31, "strict_entries": 0, "found_nominal_30s": false, "wall_seconds": 399.4047098606825, "best_up": 0.398918615296004, "best_height": 0.10720685288529813, "best_load": 1.0}
{"generation": 41, "cells": 688, "control_steps_total": 188639, "physically_valid": 27, "strict_entries": 0, "found_nominal_30s": false, "wall_seconds": 409.86013817600906, "best_up": 0.398918615296004, "best_height": 0.10720685288529813, "best_load": 1.0}
{"generation": 42, "cells": 700, "control_steps_total": 193053, "physically_valid": 30, "strict_entries": 0, "found_nominal_30s": false, "wall_seconds": 420.23866482824087, "best_up": 0.398918615296004, "best_height": 0.10720685288529813, "best_load": 1.0}
{"generation": 43, "cells": 713, "control_steps_total": 197632, "physically_valid": 26, "strict_entries": 0, "found_nominal_30s": false, "wall_seconds": 430.42880771588534, "best_up": 0.398918615296004, "best_height": 0.10720685288529813, "best_load": 1.0}
{"generation": 44, "cells": 721, "control_steps_total": 202546, "physically_valid": 30, "strict_entries": 0, "found_nominal_30s": false, "wall_seconds": 441.16545978281647, "best_up": 0.398918615296004, "best_height": 0.10720685288529813, "best_load": 1.0}
{"generation": 45, "cells": 735, "control_steps_total": 207990, "physically_valid": 31, "strict_entries": 0, "found_nominal_30s": false, "wall_seconds": 453.06942641176283, "best_up": 0.398918615296004, "best_height": 0.10720685288529813, "best_load": 1.0}
{"generation": 46, "cells": 752, "control_steps_total": 213552, "physically_valid": 31, "strict_entries": 0, "found_nominal_30s": false, "wall_seconds": 465.01252774801105, "best_up": 0.398918615296004, "best_height": 0.10720685288529813, "best_load": 1.0}
{"generation": 47, "cells": 762, "control_steps_total": 218729, "physically_valid": 29, "strict_entries": 0, "found_nominal_30s": false, "wall_seconds": 476.41319520026445, "best_up": 0.398918615296004, "best_height": 0.10720685288529813, "best_load": 1.0}
{"generation": 48, "cells": 772, "control_steps_total": 223823, "physically_valid": 29, "strict_entries": 0, "found_nominal_30s": false, "wall_seconds": 487.4145657364279, "best_up": 0.398918615296004, "best_height": 0.10720685288529813, "best_load": 1.0}
ORIENTATION VALIDATION prone 0 / 3
{"generation": 1, "cells": 12, "control_steps_total": 3151, "physically_valid": 31, "strict_entries": 0, "found_nominal_30s": false, "wall_seconds": 8.584428972564638, "best_up": 0.6858370685090632, "best_height": 0.11501602266225565, "best_load": 0.0}
{"generation": 2, "cells": 30, "control_steps_total": 7126, "physically_valid": 30, "strict_entries": 0, "found_nominal_30s": false, "wall_seconds": 18.151232954114676, "best_up": 0.6603501320070236, "best_height": 0.11929538288135638, "best_load": 0.2583991776631614}
{"generation": 3, "cells": 54, "control_steps_total": 11759, "physically_valid": 30, "strict_entries": 0, "found_nominal_30s": false, "wall_seconds": 29.291351608000696, "best_up": 0.6603501320070236, "best_height": 0.11929538288135638, "best_load": 0.2583991776631614}
{"generation": 4, "cells": 75, "control_steps_total": 16385, "physically_valid": 32, "strict_entries": 0, "found_nominal_30s": false, "wall_seconds": 39.98812096565962, "best_up": 0.6603501320070236, "best_height": 0.11929538288135638, "best_load": 0.2583991776631614}
{"generation": 5, "cells": 94, "control_steps_total": 21424, "physically_valid": 31, "strict_entries": 0, "found_nominal_30s": false, "wall_seconds": 51.92550415638834, "best_up": 0.6603501320070236, "best_height": 0.11929538288135638, "best_load": 0.2583991776631614}
{"generation": 6, "cells": 112, "control_steps_total": 25683, "physically_valid": 31, "strict_entries": 0, "found_nominal_30s": false, "wall_seconds": 61.988963092677295, "best_up": 0.6603501320070236, "best_height": 0.11929538288135638, "best_load": 0.2583991776631614}
{"generation": 7, "cells": 126, "control_steps_total": 30509, "physically_valid": 28, "strict_entries": 0, "found_nominal_30s": false, "wall_seconds": 73.28214942011982, "best_up": 0.6603501320070236, "best_height": 0.11929538288135638, "best_load": 0.2583991776631614}
{"generation": 8, "cells": 144, "control_steps_total": 35393, "physically_valid": 29, "strict_entries": 0, "found_nominal_30s": false, "wall_seconds": 84.79031037539244, "best_up": 0.49059910422425823, "best_height": 0.1370197586745626, "best_load": 0.09805988204474347}
{"generation": 9, "cells": 168, "control_steps_total": 40504, "physically_valid": 30, "strict_entries": 0, "found_nominal_30s": false, "wall_seconds": 96.8907618522644, "best_up": 0.49059910422425823, "best_height": 0.1370197586745626, "best_load": 0.09805988204474347}
{"generation": 10, "cells": 182, "control_steps_total": 45741, "physically_valid": 31, "strict_entries": 0, "found_nominal_30s": false, "wall_seconds": 108.77286283671856, "best_up": 0.49059910422425823, "best_height": 0.1370197586745626, "best_load": 0.09805988204474347}
{"generation": 11, "cells": 196, "control_steps_total": 50240, "physically_valid": 32, "strict_entries": 0, "found_nominal_30s": false, "wall_seconds": 119.37401479575783, "best_up": 0.49059910422425823, "best_height": 0.1370197586745626, "best_load": 0.09805988204474347}
{"generation": 12, "cells": 212, "control_steps_total": 55480, "physically_valid": 29, "strict_entries": 0, "found_nominal_30s": false, "wall_seconds": 132.1270958557725, "best_up": 0.49059910422425823, "best_height": 0.1370197586745626, "best_load": 0.09805988204474347}
{"generation": 13, "cells": 228, "control_steps_total": 60170, "physically_valid": 31, "strict_entries": 0, "found_nominal_30s": false, "wall_seconds": 143.09322534687817, "best_up": 0.49059910422425823, "best_height": 0.1370197586745626, "best_load": 0.09805988204474347}
{"generation": 14, "cells": 245, "control_steps_total": 65048, "physically_valid": 31, "strict_entries": 0, "found_nominal_30s": false, "wall_seconds": 154.9337049489841, "best_up": 0.49059910422425823, "best_height": 0.1370197586745626, "best_load": 0.09805988204474347}
{"generation": 15, "cells": 261, "control_steps_total": 69792, "physically_valid": 31, "strict_entries": 0, "found_nominal_30s": false, "wall_seconds": 166.05965403281152, "best_up": 0.49059910422425823, "best_height": 0.1370197586745626, "best_load": 0.09805988204474347}
{"generation": 16, "cells": 280, "control_steps_total": 74884, "physically_valid": 31, "strict_entries": 0, "found_nominal_30s": false, "wall_seconds": 177.8238267209381, "best_up": 0.49059910422425823, "best_height": 0.1370197586745626, "best_load": 0.09805988204474347}
{"generation": 17, "cells": 294, "control_steps_total": 79802, "physically_valid": 29, "strict_entries": 0, "found_nominal_30s": false, "wall_seconds": 189.55977505631745, "best_up": 0.49059910422425823, "best_height": 0.1370197586745626, "best_load": 0.09805988204474347}
{"generation": 18, "cells": 313, "control_steps_total": 85447, "physically_valid": 29, "strict_entries": 0, "found_nominal_30s": false, "wall_seconds": 202.3581884857267, "best_up": 0.49059910422425823, "best_height": 0.1370197586745626, "best_load": 0.09805988204474347}
{"generation": 19, "cells": 327, "control_steps_total": 90441, "physically_valid": 30, "strict_entries": 0, "found_nominal_30s": false, "wall_seconds": 214.29117057099938, "best_up": 0.49059910422425823, "best_height": 0.1370197586745626, "best_load": 0.09805988204474347}
{"generation": 20, "cells": 342, "control_steps_total": 96297, "physically_valid": 28, "strict_entries": 0, "found_nominal_30s": false, "wall_seconds": 228.1955278115347, "best_up": 0.49059910422425823, "best_height": 0.1370197586745626, "best_load": 0.09805988204474347}
{"generation": 21, "cells": 360, "control_steps_total": 102317, "physically_valid": 32, "strict_entries": 0, "found_nominal_30s": false, "wall_seconds": 242.57658839598298, "best_up": 0.49059910422425823, "best_height": 0.1370197586745626, "best_load": 0.09805988204474347}
{"generation": 22, "cells": 375, "control_steps_total": 108411, "physically_valid": 28, "strict_entries": 0, "found_nominal_30s": false, "wall_seconds": 256.51854979339987, "best_up": 0.49059910422425823, "best_height": 0.1370197586745626, "best_load": 0.09805988204474347}
{"generation": 23, "cells": 385, "control_steps_total": 113521, "physically_valid": 29, "strict_entries": 0, "found_nominal_30s": false, "wall_seconds": 269.1419498408213, "best_up": 0.49059910422425823, "best_height": 0.1370197586745626, "best_load": 0.09805988204474347}
{"generation": 24, "cells": 400, "control_steps_total": 119008, "physically_valid": 30, "strict_entries": 0, "found_nominal_30s": false, "wall_seconds": 282.4361659223214, "best_up": 0.49059910422425823, "best_height": 0.1370197586745626, "best_load": 0.09805988204474347}
{"generation": 25, "cells": 417, "control_steps_total": 124496, "physically_valid": 32, "strict_entries": 0, "found_nominal_30s": false, "wall_seconds": 295.1468292241916, "best_up": 0.49059910422425823, "best_height": 0.1370197586745626, "best_load": 0.09805988204474347}
{"generation": 26, "cells": 432, "control_steps_total": 130131, "physically_valid": 31, "strict_entries": 0, "found_nominal_30s": false, "wall_seconds": 308.0131268138066, "best_up": 0.49059910422425823, "best_height": 0.1370197586745626, "best_load": 0.09805988204474347}
{"generation": 27, "cells": 450, "control_steps_total": 136024, "physically_valid": 29, "strict_entries": 0, "found_nominal_30s": false, "wall_seconds": 321.5710395919159, "best_up": 0.49059910422425823, "best_height": 0.1370197586745626, "best_load": 0.09805988204474347}
{"generation": 28, "cells": 466, "control_steps_total": 141699, "physically_valid": 31, "strict_entries": 0, "found_nominal_30s": false, "wall_seconds": 334.1426303125918, "best_up": 0.49059910422425823, "best_height": 0.1370197586745626, "best_load": 0.09805988204474347}
{"generation": 29, "cells": 483, "control_steps_total": 147118, "physically_valid": 31, "strict_entries": 0, "found_nominal_30s": false, "wall_seconds": 346.7843636954203, "best_up": 0.49059910422425823, "best_height": 0.1370197586745626, "best_load": 0.09805988204474347}
{"generation": 30, "cells": 497, "control_steps_total": 152944, "physically_valid": 31, "strict_entries": 0, "found_nominal_30s": false, "wall_seconds": 360.405230415985, "best_up": 0.49059910422425823, "best_height": 0.1370197586745626, "best_load": 0.09805988204474347}
{"generation": 31, "cells": 514, "control_steps_total": 159111, "physically_valid": 30, "strict_entries": 0, "found_nominal_30s": false, "wall_seconds": 374.72643206175417, "best_up": 0.49059910422425823, "best_height": 0.1370197586745626, "best_load": 0.09805988204474347}
{"generation": 32, "cells": 529, "control_steps_total": 165429, "physically_valid": 31, "strict_entries": 0, "found_nominal_30s": false, "wall_seconds": 389.38198250811547, "best_up": 0.49059910422425823, "best_height": 0.1370197586745626, "best_load": 0.09805988204474347}
{"generation": 33, "cells": 537, "control_steps_total": 171006, "physically_valid": 31, "strict_entries": 0, "found_nominal_30s": false, "wall_seconds": 401.9241815479472, "best_up": 0.49059910422425823, "best_height": 0.1370197586745626, "best_load": 0.09805988204474347}
{"generation": 34, "cells": 551, "control_steps_total": 176898, "physically_valid": 32, "strict_entries": 0, "found_nominal_30s": false, "wall_seconds": 415.203662420623, "best_up": 0.49059910422425823, "best_height": 0.1370197586745626, "best_load": 0.09805988204474347}
{"generation": 35, "cells": 563, "control_steps_total": 182708, "physically_valid": 30, "strict_entries": 0, "found_nominal_30s": false, "wall_seconds": 428.5341167906299, "best_up": 0.49059910422425823, "best_height": 0.1370197586745626, "best_load": 0.09805988204474347}
{"generation": 36, "cells": 577, "control_steps_total": 188507, "physically_valid": 31, "strict_entries": 0, "found_nominal_30s": false, "wall_seconds": 441.9198961770162, "best_up": 0.49059910422425823, "best_height": 0.1370197586745626, "best_load": 0.09805988204474347}
{"generation": 37, "cells": 592, "control_steps_total": 194729, "physically_valid": 29, "strict_entries": 0, "found_nominal_30s": false, "wall_seconds": 456.1553846485913, "best_up": 0.49059910422425823, "best_height": 0.1370197586745626, "best_load": 0.09805988204474347}
{"generation": 38, "cells": 602, "control_steps_total": 200174, "physically_valid": 29, "strict_entries": 0, "found_nominal_30s": false, "wall_seconds": 468.92821752652526, "best_up": 0.49059910422425823, "best_height": 0.1370197586745626, "best_load": 0.09805988204474347}
{"generation": 39, "cells": 616, "control_steps_total": 206279, "physically_valid": 29, "strict_entries": 0, "found_nominal_30s": false, "wall_seconds": 483.0678679347038, "best_up": 0.49059910422425823, "best_height": 0.1370197586745626, "best_load": 0.09805988204474347}
{"generation": 40, "cells": 635, "control_steps_total": 212561, "physically_valid": 32, "strict_entries": 0, "found_nominal_30s": false, "wall_seconds": 497.1379443118349, "best_up": 0.49059910422425823, "best_height": 0.1370197586745626, "best_load": 0.09805988204474347}
{"generation": 41, "cells": 643, "control_steps_total": 218150, "physically_valid": 28, "strict_entries": 0, "found_nominal_30s": false, "wall_seconds": 510.39531924854964, "best_up": 0.49059910422425823, "best_height": 0.1370197586745626, "best_load": 0.09805988204474347}
{"generation": 42, "cells": 655, "control_steps_total": 224769, "physically_valid": 28, "strict_entries": 0, "found_nominal_30s": false, "wall_seconds": 525.0652360236272, "best_up": 0.49059910422425823, "best_height": 0.1370197586745626, "best_load": 0.09805988204474347}
{"generation": 43, "cells": 665, "control_steps_total": 230333, "physically_valid": 28, "strict_entries": 0, "found_nominal_30s": false, "wall_seconds": 538.0410038232803, "best_up": 0.7519164973591965, "best_height": 0.14022497278317614, "best_load": 0.0}
{"generation": 44, "cells": 676, "control_steps_total": 236601, "physically_valid": 31, "strict_entries": 0, "found_nominal_30s": false, "wall_seconds": 551.8941900422797, "best_up": 0.7519164973591965, "best_height": 0.14022497278317614, "best_load": 0.0}
{"generation": 45, "cells": 694, "control_steps_total": 243230, "physically_valid": 31, "strict_entries": 0, "found_nominal_30s": false, "wall_seconds": 566.7919728728011, "best_up": 0.7519164973591965, "best_height": 0.14022497278317614, "best_load": 0.0}
{"generation": 46, "cells": 708, "control_steps_total": 250163, "physically_valid": 31, "strict_entries": 0, "found_nominal_30s": false, "wall_seconds": 582.3688721256331, "best_up": 0.7519164973591965, "best_height": 0.14022497278317614, "best_load": 0.0}
{"generation": 47, "cells": 721, "control_steps_total": 256216, "physically_valid": 31, "strict_entries": 0, "found_nominal_30s": false, "wall_seconds": 596.5608116146177, "best_up": 0.7519164973591965, "best_height": 0.14022497278317614, "best_load": 0.0}
{"generation": 48, "cells": 731, "control_steps_total": 262688, "physically_valid": 31, "strict_entries": 0, "found_nominal_30s": false, "wall_seconds": 610.8024109825492, "best_up": 0.7519164973591965, "best_height": 0.14022497278317614, "best_load": 0.0}
ORIENTATION VALIDATION supine 0 / 3
{"generation": 1, "cells": 22, "control_steps_total": 3419, "physically_valid": 32, "strict_entries": 0, "found_nominal_30s": false, "wall_seconds": 7.8900741543620825, "best_up": 0.3404090725066814, "best_height": 0.14671034684664466, "best_load": 0.0}
{"generation": 2, "cells": 39, "control_steps_total": 6895, "physically_valid": 30, "strict_entries": 0, "found_nominal_30s": false, "wall_seconds": 15.714111615903676, "best_up": 0.3404090725066814, "best_height": 0.14671034684664466, "best_load": 0.0}
{"generation": 3, "cells": 59, "control_steps_total": 10806, "physically_valid": 31, "strict_entries": 0, "found_nominal_30s": false, "wall_seconds": 24.360155704431236, "best_up": 0.3404090725066814, "best_height": 0.14671034684664466, "best_load": 0.0}
{"generation": 4, "cells": 77, "control_steps_total": 14853, "physically_valid": 29, "strict_entries": 0, "found_nominal_30s": false, "wall_seconds": 33.33015623688698, "best_up": 0.3404090725066814, "best_height": 0.14671034684664466, "best_load": 0.0}
{"generation": 5, "cells": 96, "control_steps_total": 18642, "physically_valid": 30, "strict_entries": 0, "found_nominal_30s": false, "wall_seconds": 41.81641522515565, "best_up": 0.3404090725066814, "best_height": 0.14671034684664466, "best_load": 0.0}
{"generation": 6, "cells": 114, "control_steps_total": 22549, "physically_valid": 32, "strict_entries": 0, "found_nominal_30s": false, "wall_seconds": 50.49185319431126, "best_up": 0.3404090725066814, "best_height": 0.14671034684664466, "best_load": 0.0}
{"generation": 7, "cells": 133, "control_steps_total": 26595, "physically_valid": 31, "strict_entries": 0, "found_nominal_30s": false, "wall_seconds": 59.533508306369185, "best_up": 0.3404090725066814, "best_height": 0.14671034684664466, "best_load": 0.0}
{"generation": 8, "cells": 148, "control_steps_total": 30670, "physically_valid": 29, "strict_entries": 0, "found_nominal_30s": false, "wall_seconds": 68.94417684432119, "best_up": 0.3404090725066814, "best_height": 0.14671034684664466, "best_load": 0.0}
{"generation": 9, "cells": 166, "control_steps_total": 34692, "physically_valid": 30, "strict_entries": 0, "found_nominal_30s": false, "wall_seconds": 77.77225194685161, "best_up": 0.3404090725066814, "best_height": 0.14671034684664466, "best_load": 0.0}
{"generation": 10, "cells": 181, "control_steps_total": 38964, "physically_valid": 32, "strict_entries": 0, "found_nominal_30s": false, "wall_seconds": 87.57003495842218, "best_up": 0.3404090725066814, "best_height": 0.14671034684664466, "best_load": 0.0}
{"generation": 11, "cells": 197, "control_steps_total": 43267, "physically_valid": 32, "strict_entries": 0, "found_nominal_30s": false, "wall_seconds": 97.30010972730815, "best_up": 0.3404090725066814, "best_height": 0.14671034684664466, "best_load": 0.0}
{"generation": 12, "cells": 212, "control_steps_total": 47838, "physically_valid": 31, "strict_entries": 0, "found_nominal_30s": false, "wall_seconds": 107.2781174313277, "best_up": 0.3404090725066814, "best_height": 0.14671034684664466, "best_load": 0.0}
{"generation": 13, "cells": 227, "control_steps_total": 52354, "physically_valid": 32, "strict_entries": 0, "found_nominal_30s": false, "wall_seconds": 117.19425379484892, "best_up": 0.3404090725066814, "best_height": 0.14671034684664466, "best_load": 0.0}
{"generation": 14, "cells": 246, "control_steps_total": 56040, "physically_valid": 29, "strict_entries": 0, "found_nominal_30s": false, "wall_seconds": 125.40142214670777, "best_up": 0.3404090725066814, "best_height": 0.14671034684664466, "best_load": 0.0}
{"generation": 15, "cells": 263, "control_steps_total": 60396, "physically_valid": 31, "strict_entries": 0, "found_nominal_30s": false, "wall_seconds": 135.00916104856879, "best_up": 0.3404090725066814, "best_height": 0.14671034684664466, "best_load": 0.0}
{"generation": 16, "cells": 278, "control_steps_total": 64715, "physically_valid": 31, "strict_entries": 0, "found_nominal_30s": false, "wall_seconds": 144.8832311341539, "best_up": 0.3404090725066814, "best_height": 0.14671034684664466, "best_load": 0.0}
{"generation": 17, "cells": 296, "control_steps_total": 69329, "physically_valid": 29, "strict_entries": 0, "found_nominal_30s": false, "wall_seconds": 155.32690574321896, "best_up": 0.3404090725066814, "best_height": 0.14671034684664466, "best_load": 0.0}
{"generation": 18, "cells": 312, "control_steps_total": 74049, "physically_valid": 27, "strict_entries": 0, "found_nominal_30s": false, "wall_seconds": 165.83921041805297, "best_up": 0.3404090725066814, "best_height": 0.14671034684664466, "best_load": 0.0}
{"generation": 19, "cells": 325, "control_steps_total": 78949, "physically_valid": 31, "strict_entries": 0, "found_nominal_30s": false, "wall_seconds": 176.41539911739528, "best_up": 0.3404090725066814, "best_height": 0.14671034684664466, "best_load": 0.0}
{"generation": 20, "cells": 341, "control_steps_total": 83694, "physically_valid": 32, "strict_entries": 0, "found_nominal_30s": false, "wall_seconds": 187.19894808065146, "best_up": 0.8201773812532729, "best_height": 0.09257250008487108, "best_load": 0.22267528131137168}
{"generation": 21, "cells": 356, "control_steps_total": 88024, "physically_valid": 27, "strict_entries": 0, "found_nominal_30s": false, "wall_seconds": 196.62483633868396, "best_up": 0.8365890616596505, "best_height": 0.0893144261148379, "best_load": 0.0}
{"generation": 22, "cells": 370, "control_steps_total": 93269, "physically_valid": 32, "strict_entries": 0, "found_nominal_30s": false, "wall_seconds": 207.68466855678707, "best_up": 0.8365890616596505, "best_height": 0.0893144261148379, "best_load": 0.0}
{"generation": 23, "cells": 384, "control_steps_total": 98172, "physically_valid": 32, "strict_entries": 0, "found_nominal_30s": false, "wall_seconds": 218.36924878228456, "best_up": 0.8216252064582115, "best_height": 0.0922608841692777, "best_load": 0.22633341372589474}
{"generation": 24, "cells": 398, "control_steps_total": 103053, "physically_valid": 28, "strict_entries": 0, "found_nominal_30s": false, "wall_seconds": 229.16325033828616, "best_up": 0.8216252064582115, "best_height": 0.0922608841692777, "best_load": 0.22633341372589474}
{"generation": 25, "cells": 412, "control_steps_total": 107886, "physically_valid": 30, "strict_entries": 0, "found_nominal_30s": false, "wall_seconds": 240.36761228647083, "best_up": 0.8216252064582115, "best_height": 0.0922608841692777, "best_load": 0.22633341372589474}
{"generation": 26, "cells": 424, "control_steps_total": 112737, "physically_valid": 30, "strict_entries": 0, "found_nominal_30s": false, "wall_seconds": 250.94103581923991, "best_up": 0.8216252064582115, "best_height": 0.0922608841692777, "best_load": 0.22633341372589474}
{"generation": 27, "cells": 444, "control_steps_total": 118041, "physically_valid": 31, "strict_entries": 0, "found_nominal_30s": false, "wall_seconds": 262.22753334231675, "best_up": 0.8216252064582115, "best_height": 0.0922608841692777, "best_load": 0.22633341372589474}
{"generation": 28, "cells": 457, "control_steps_total": 123638, "physically_valid": 29, "strict_entries": 0, "found_nominal_30s": false, "wall_seconds": 274.3307032454759, "best_up": 0.8216252064582115, "best_height": 0.0922608841692777, "best_load": 0.22633341372589474}
{"generation": 29, "cells": 467, "control_steps_total": 129849, "physically_valid": 29, "strict_entries": 0, "found_nominal_30s": false, "wall_seconds": 287.19871214963496, "best_up": 0.8216252064582115, "best_height": 0.0922608841692777, "best_load": 0.22633341372589474}
{"generation": 30, "cells": 484, "control_steps_total": 135872, "physically_valid": 29, "strict_entries": 0, "found_nominal_30s": false, "wall_seconds": 300.53557925857604, "best_up": 0.8216252064582115, "best_height": 0.0922608841692777, "best_load": 0.22633341372589474}
{"generation": 31, "cells": 495, "control_steps_total": 141050, "physically_valid": 30, "strict_entries": 0, "found_nominal_30s": false, "wall_seconds": 312.4590559033677, "best_up": 0.33802148520017467, "best_height": 0.1453856118595966, "best_load": 0.3534527712669169}
{"generation": 32, "cells": 510, "control_steps_total": 146867, "physically_valid": 30, "strict_entries": 0, "found_nominal_30s": false, "wall_seconds": 325.48826180398464, "best_up": 0.33802148520017467, "best_height": 0.1453856118595966, "best_load": 0.3534527712669169}
{"generation": 33, "cells": 525, "control_steps_total": 152385, "physically_valid": 30, "strict_entries": 0, "found_nominal_30s": false, "wall_seconds": 337.69087216164917, "best_up": 0.33802148520017467, "best_height": 0.1453856118595966, "best_load": 0.3534527712669169}
{"generation": 34, "cells": 539, "control_steps_total": 157810, "physically_valid": 29, "strict_entries": 0, "found_nominal_30s": false, "wall_seconds": 349.7671536458656, "best_up": 0.33802148520017467, "best_height": 0.1453856118595966, "best_load": 0.3534527712669169}
{"generation": 35, "cells": 554, "control_steps_total": 163244, "physically_valid": 31, "strict_entries": 0, "found_nominal_30s": false, "wall_seconds": 361.704253568314, "best_up": 0.33802148520017467, "best_height": 0.1453856118595966, "best_load": 0.3534527712669169}
{"generation": 36, "cells": 564, "control_steps_total": 168664, "physically_valid": 32, "strict_entries": 0, "found_nominal_30s": false, "wall_seconds": 373.87439205218107, "best_up": 0.33802148520017467, "best_height": 0.1453856118595966, "best_load": 0.3534527712669169}
{"generation": 37, "cells": 581, "control_steps_total": 175227, "physically_valid": 31, "strict_entries": 0, "found_nominal_30s": false, "wall_seconds": 387.9636264042929, "best_up": 0.33802148520017467, "best_height": 0.1453856118595966, "best_load": 0.3534527712669169}
{"generation": 38, "cells": 597, "control_steps_total": 180728, "physically_valid": 31, "strict_entries": 0, "found_nominal_30s": false, "wall_seconds": 400.1385576976463, "best_up": 0.33802148520017467, "best_height": 0.1453856118595966, "best_load": 0.3534527712669169}
{"generation": 39, "cells": 612, "control_steps_total": 186361, "physically_valid": 30, "strict_entries": 0, "found_nominal_30s": false, "wall_seconds": 412.58437157515436, "best_up": 0.33802148520017467, "best_height": 0.1453856118595966, "best_load": 0.3534527712669169}
{"generation": 40, "cells": 624, "control_steps_total": 192489, "physically_valid": 30, "strict_entries": 0, "found_nominal_30s": false, "wall_seconds": 426.02484514098614, "best_up": 0.33802148520017467, "best_height": 0.1453856118595966, "best_load": 0.3534527712669169}
{"generation": 41, "cells": 638, "control_steps_total": 197309, "physically_valid": 28, "strict_entries": 0, "found_nominal_30s": false, "wall_seconds": 437.2818551976234, "best_up": 0.33802148520017467, "best_height": 0.1453856118595966, "best_load": 0.3534527712669169}
{"generation": 42, "cells": 651, "control_steps_total": 203772, "physically_valid": 27, "strict_entries": 0, "found_nominal_30s": false, "wall_seconds": 451.03791234083474, "best_up": 0.33802148520017467, "best_height": 0.1453856118595966, "best_load": 0.3534527712669169}
{"generation": 43, "cells": 663, "control_steps_total": 209555, "physically_valid": 29, "strict_entries": 0, "found_nominal_30s": false, "wall_seconds": 463.4176311157644, "best_up": 0.33802148520017467, "best_height": 0.1453856118595966, "best_load": 0.3534527712669169}
{"generation": 44, "cells": 675, "control_steps_total": 215686, "physically_valid": 30, "strict_entries": 0, "found_nominal_30s": false, "wall_seconds": 477.11412594653666, "best_up": 0.33802148520017467, "best_height": 0.1453856118595966, "best_load": 0.3534527712669169}
{"generation": 45, "cells": 689, "control_steps_total": 221026, "physically_valid": 27, "strict_entries": 0, "found_nominal_30s": false, "wall_seconds": 489.2838180754334, "best_up": 0.33802148520017467, "best_height": 0.1453856118595966, "best_load": 0.3534527712669169}
{"generation": 46, "cells": 699, "control_steps_total": 227192, "physically_valid": 30, "strict_entries": 0, "found_nominal_30s": false, "wall_seconds": 502.9932437809184, "best_up": 0.33802148520017467, "best_height": 0.1453856118595966, "best_load": 0.3534527712669169}
{"generation": 47, "cells": 711, "control_steps_total": 232442, "physically_valid": 29, "strict_entries": 0, "found_nominal_30s": false, "wall_seconds": 514.7899228539318, "best_up": 0.33802148520017467, "best_height": 0.1453856118595966, "best_load": 0.3534527712669169}
{"generation": 48, "cells": 722, "control_steps_total": 238752, "physically_valid": 30, "strict_entries": 0, "found_nominal_30s": false, "wall_seconds": 528.8904490694404, "best_up": 0.33802148520017467, "best_height": 0.1453856118595966, "best_load": 0.3534527712669169}
ORIENTATION VALIDATION left_side 0 / 3
{"generation": 1, "cells": 23, "control_steps_total": 2753, "physically_valid": 31, "strict_entries": 0, "found_nominal_30s": false, "wall_seconds": 6.469505714252591, "best_up": 0.2430941154648182, "best_height": 0.15449428833209275, "best_load": 1.0}
{"generation": 2, "cells": 43, "control_steps_total": 6125, "physically_valid": 30, "strict_entries": 0, "found_nominal_30s": false, "wall_seconds": 14.119321591220796, "best_up": 0.2430941154648182, "best_height": 0.15449428833209275, "best_load": 1.0}
{"generation": 3, "cells": 63, "control_steps_total": 10051, "physically_valid": 32, "strict_entries": 0, "found_nominal_30s": false, "wall_seconds": 22.401056522503495, "best_up": 0.2430941154648182, "best_height": 0.15449428833209275, "best_load": 1.0}
{"generation": 4, "cells": 84, "control_steps_total": 13496, "physically_valid": 31, "strict_entries": 0, "found_nominal_30s": false, "wall_seconds": 30.136731372214854, "best_up": 0.2430941154648182, "best_height": 0.15449428833209275, "best_load": 1.0}
{"generation": 5, "cells": 103, "control_steps_total": 17274, "physically_valid": 31, "strict_entries": 0, "found_nominal_30s": false, "wall_seconds": 38.408739319071174, "best_up": 0.2430941154648182, "best_height": 0.15449428833209275, "best_load": 1.0}
{"generation": 6, "cells": 121, "control_steps_total": 20798, "physically_valid": 29, "strict_entries": 0, "found_nominal_30s": false, "wall_seconds": 46.11024994868785, "best_up": 0.2430941154648182, "best_height": 0.15449428833209275, "best_load": 1.0}
{"generation": 7, "cells": 140, "control_steps_total": 24952, "physically_valid": 27, "strict_entries": 0, "found_nominal_30s": false, "wall_seconds": 54.94174584466964, "best_up": 0.2430941154648182, "best_height": 0.15449428833209275, "best_load": 1.0}
{"generation": 8, "cells": 156, "control_steps_total": 29008, "physically_valid": 30, "strict_entries": 0, "found_nominal_30s": false, "wall_seconds": 63.88230250403285, "best_up": 0.2430941154648182, "best_height": 0.15449428833209275, "best_load": 1.0}
{"generation": 9, "cells": 172, "control_steps_total": 33348, "physically_valid": 29, "strict_entries": 0, "found_nominal_30s": false, "wall_seconds": 73.52679902408272, "best_up": 0.2430941154648182, "best_height": 0.15449428833209275, "best_load": 1.0}
{"generation": 10, "cells": 182, "control_steps_total": 37863, "physically_valid": 29, "strict_entries": 0, "found_nominal_30s": false, "wall_seconds": 83.39484435133636, "best_up": 0.2430941154648182, "best_height": 0.15449428833209275, "best_load": 1.0}
{"generation": 11, "cells": 202, "control_steps_total": 42303, "physically_valid": 31, "strict_entries": 0, "found_nominal_30s": false, "wall_seconds": 93.128950051032, "best_up": 0.2430941154648182, "best_height": 0.15449428833209275, "best_load": 1.0}
{"generation": 12, "cells": 218, "control_steps_total": 46356, "physically_valid": 30, "strict_entries": 0, "found_nominal_30s": false, "wall_seconds": 102.06265027169138, "best_up": 0.2430941154648182, "best_height": 0.15449428833209275, "best_load": 1.0}
{"generation": 13, "cells": 231, "control_steps_total": 50951, "physically_valid": 30, "strict_entries": 0, "found_nominal_30s": false, "wall_seconds": 112.06156160496175, "best_up": 0.2430941154648182, "best_height": 0.15449428833209275, "best_load": 1.0}
{"generation": 14, "cells": 245, "control_steps_total": 55400, "physically_valid": 26, "strict_entries": 0, "found_nominal_30s": false, "wall_seconds": 121.6986992796883, "best_up": 0.2430941154648182, "best_height": 0.15449428833209275, "best_load": 1.0}
{"generation": 15, "cells": 262, "control_steps_total": 60032, "physically_valid": 32, "strict_entries": 0, "found_nominal_30s": false, "wall_seconds": 131.95460874773562, "best_up": 0.2430941154648182, "best_height": 0.15449428833209275, "best_load": 1.0}
{"generation": 16, "cells": 278, "control_steps_total": 64935, "physically_valid": 31, "strict_entries": 0, "found_nominal_30s": false, "wall_seconds": 142.4132285779342, "best_up": 0.2430941154648182, "best_height": 0.15449428833209275, "best_load": 1.0}
{"generation": 17, "cells": 294, "control_steps_total": 69308, "physically_valid": 28, "strict_entries": 0, "found_nominal_30s": false, "wall_seconds": 151.7897631265223, "best_up": 0.2430941154648182, "best_height": 0.15449428833209275, "best_load": 1.0}
{"generation": 18, "cells": 311, "control_steps_total": 74381, "physically_valid": 29, "strict_entries": 0, "found_nominal_30s": false, "wall_seconds": 162.64590367022902, "best_up": 0.2430941154648182, "best_height": 0.15449428833209275, "best_load": 1.0}
{"generation": 19, "cells": 324, "control_steps_total": 79580, "physically_valid": 27, "strict_entries": 0, "found_nominal_30s": false, "wall_seconds": 173.7692413534969, "best_up": 0.2430941154648182, "best_height": 0.15449428833209275, "best_load": 1.0}
{"generation": 20, "cells": 337, "control_steps_total": 83794, "physically_valid": 31, "strict_entries": 0, "found_nominal_30s": false, "wall_seconds": 183.06642234697938, "best_up": 0.2430941154648182, "best_height": 0.15449428833209275, "best_load": 1.0}
{"generation": 21, "cells": 351, "control_steps_total": 88370, "physically_valid": 31, "strict_entries": 0, "found_nominal_30s": false, "wall_seconds": 193.3076830757782, "best_up": 0.2430941154648182, "best_height": 0.15449428833209275, "best_load": 1.0}
{"generation": 22, "cells": 370, "control_steps_total": 92496, "physically_valid": 30, "strict_entries": 0, "found_nominal_30s": false, "wall_seconds": 202.5434433966875, "best_up": 0.2430941154648182, "best_height": 0.15449428833209275, "best_load": 1.0}
{"generation": 23, "cells": 383, "control_steps_total": 97260, "physically_valid": 30, "strict_entries": 0, "found_nominal_30s": false, "wall_seconds": 213.0865825889632, "best_up": 0.2430941154648182, "best_height": 0.15449428833209275, "best_load": 1.0}
{"generation": 24, "cells": 401, "control_steps_total": 101406, "physically_valid": 30, "strict_entries": 0, "found_nominal_30s": false, "wall_seconds": 222.50451292842627, "best_up": 0.2430941154648182, "best_height": 0.15449428833209275, "best_load": 1.0}
{"generation": 25, "cells": 415, "control_steps_total": 105628, "physically_valid": 31, "strict_entries": 0, "found_nominal_30s": false, "wall_seconds": 231.73925659619272, "best_up": 0.2430941154648182, "best_height": 0.15449428833209275, "best_load": 1.0}
{"generation": 26, "cells": 426, "control_steps_total": 110568, "physically_valid": 30, "strict_entries": 0, "found_nominal_30s": false, "wall_seconds": 242.595188209787, "best_up": 0.2430941154648182, "best_height": 0.15449428833209275, "best_load": 1.0}
{"generation": 27, "cells": 439, "control_steps_total": 115908, "physically_valid": 27, "strict_entries": 0, "found_nominal_30s": false, "wall_seconds": 253.9027416203171, "best_up": 0.2430941154648182, "best_height": 0.15449428833209275, "best_load": 1.0}
{"generation": 28, "cells": 454, "control_steps_total": 120521, "physically_valid": 31, "strict_entries": 0, "found_nominal_30s": false, "wall_seconds": 264.2796250190586, "best_up": 0.2430941154648182, "best_height": 0.15449428833209275, "best_load": 1.0}
{"generation": 29, "cells": 471, "control_steps_total": 125825, "physically_valid": 29, "strict_entries": 0, "found_nominal_30s": false, "wall_seconds": 275.36347434669733, "best_up": 0.2430941154648182, "best_height": 0.15449428833209275, "best_load": 1.0}
{"generation": 30, "cells": 484, "control_steps_total": 131352, "physically_valid": 32, "strict_entries": 0, "found_nominal_30s": false, "wall_seconds": 286.89217005018145, "best_up": 0.2430941154648182, "best_height": 0.15449428833209275, "best_load": 1.0}
{"generation": 31, "cells": 498, "control_steps_total": 136962, "physically_valid": 26, "strict_entries": 0, "found_nominal_30s": false, "wall_seconds": 298.75981137063354, "best_up": 0.2430941154648182, "best_height": 0.15449428833209275, "best_load": 1.0}
{"generation": 32, "cells": 516, "control_steps_total": 141876, "physically_valid": 29, "strict_entries": 0, "found_nominal_30s": false, "wall_seconds": 309.5365105336532, "best_up": 0.2430941154648182, "best_height": 0.15449428833209275, "best_load": 1.0}
{"generation": 33, "cells": 532, "control_steps_total": 147185, "physically_valid": 29, "strict_entries": 0, "found_nominal_30s": false, "wall_seconds": 320.7284511523321, "best_up": 0.2430941154648182, "best_height": 0.15449428833209275, "best_load": 1.0}
{"generation": 34, "cells": 544, "control_steps_total": 152298, "physically_valid": 30, "strict_entries": 0, "found_nominal_30s": false, "wall_seconds": 331.4704876933247, "best_up": 0.2430941154648182, "best_height": 0.15449428833209275, "best_load": 1.0}
{"generation": 35, "cells": 560, "control_steps_total": 157626, "physically_valid": 30, "strict_entries": 0, "found_nominal_30s": false, "wall_seconds": 342.6777803497389, "best_up": 0.2430941154648182, "best_height": 0.15449428833209275, "best_load": 1.0}
{"generation": 36, "cells": 574, "control_steps_total": 161911, "physically_valid": 29, "strict_entries": 0, "found_nominal_30s": false, "wall_seconds": 352.2461178544909, "best_up": 0.2430941154648182, "best_height": 0.15449428833209275, "best_load": 1.0}
{"generation": 37, "cells": 588, "control_steps_total": 166963, "physically_valid": 30, "strict_entries": 0, "found_nominal_30s": false, "wall_seconds": 362.9199464973062, "best_up": 0.2430941154648182, "best_height": 0.15449428833209275, "best_load": 1.0}
{"generation": 38, "cells": 602, "control_steps_total": 171940, "physically_valid": 32, "strict_entries": 0, "found_nominal_30s": false, "wall_seconds": 373.54460444301367, "best_up": 0.2430941154648182, "best_height": 0.15449428833209275, "best_load": 1.0}
{"generation": 39, "cells": 618, "control_steps_total": 177571, "physically_valid": 27, "strict_entries": 0, "found_nominal_30s": false, "wall_seconds": 385.55852425750345, "best_up": 0.2430941154648182, "best_height": 0.15449428833209275, "best_load": 1.0}
{"generation": 40, "cells": 630, "control_steps_total": 182507, "physically_valid": 29, "strict_entries": 0, "found_nominal_30s": false, "wall_seconds": 396.5579620152712, "best_up": 0.2430941154648182, "best_height": 0.15449428833209275, "best_load": 1.0}
{"generation": 41, "cells": 638, "control_steps_total": 187810, "physically_valid": 28, "strict_entries": 0, "found_nominal_30s": false, "wall_seconds": 407.5885411063209, "best_up": 0.2430941154648182, "best_height": 0.15449428833209275, "best_load": 1.0}
{"generation": 42, "cells": 650, "control_steps_total": 192957, "physically_valid": 27, "strict_entries": 0, "found_nominal_30s": false, "wall_seconds": 418.92593411169946, "best_up": 0.2430941154648182, "best_height": 0.15449428833209275, "best_load": 1.0}
{"generation": 43, "cells": 664, "control_steps_total": 197921, "physically_valid": 30, "strict_entries": 0, "found_nominal_30s": false, "wall_seconds": 430.0720223374665, "best_up": 0.2430941154648182, "best_height": 0.15449428833209275, "best_load": 1.0}
{"generation": 44, "cells": 681, "control_steps_total": 203202, "physically_valid": 30, "strict_entries": 0, "found_nominal_30s": false, "wall_seconds": 441.50334412790835, "best_up": 0.5442598432456445, "best_height": 0.11838690695999542, "best_load": 0.07630155160951564}
{"generation": 45, "cells": 694, "control_steps_total": 208899, "physically_valid": 30, "strict_entries": 0, "found_nominal_30s": false, "wall_seconds": 453.3591985879466, "best_up": 0.5442598432456445, "best_height": 0.11838690695999542, "best_load": 0.07630155160951564}
{"generation": 46, "cells": 708, "control_steps_total": 214167, "physically_valid": 31, "strict_entries": 0, "found_nominal_30s": false, "wall_seconds": 465.0187634192407, "best_up": 0.5442598432456445, "best_height": 0.11838690695999542, "best_load": 0.07630155160951564}
{"generation": 47, "cells": 726, "control_steps_total": 219650, "physically_valid": 31, "strict_entries": 0, "found_nominal_30s": false, "wall_seconds": 476.7237279834226, "best_up": 0.5442598432456445, "best_height": 0.11838690695999542, "best_load": 0.07630155160951564}
{"generation": 48, "cells": 741, "control_steps_total": 225368, "physically_valid": 30, "strict_entries": 0, "found_nominal_30s": false, "wall_seconds": 488.90062559209764, "best_up": 0.5442598432456445, "best_height": 0.11838690695999542, "best_load": 0.07630155160951564}
ORIENTATION VALIDATION right_side 0 / 3
R30_ALL_ORIENTATIONS_TERMINAL
