test_actual_nominal_zero_and_home (__main__.WrapperTests.test_actual_nominal_zero_and_home) ... ok
test_all_imported_python_sources_captured (__main__.WrapperTests.test_all_imported_python_sources_captured) ... ok
test_causal_sensor_only_and_no_private_physics (__main__.WrapperTests.test_causal_sensor_only_and_no_private_physics) ... ok
test_causal_wrapper_merge_signature (__main__.WrapperTests.test_causal_wrapper_merge_signature) ... ok
test_complete_compiled_model_hash (__main__.WrapperTests.test_complete_compiled_model_hash) ... ok
test_complete_online_recurrence (__main__.WrapperTests.test_complete_online_recurrence) ... ok
test_constructor_and_reset_preparation_separate_batches (__main__.WrapperTests.test_constructor_and_reset_preparation_separate_batches) ... ok
test_control_zero_object_and_head (__main__.WrapperTests.test_control_zero_object_and_head) ... ok
test_finite_parameters_and_invalid_shapes (__main__.WrapperTests.test_finite_parameters_and_invalid_shapes) ... ok
test_frozen_worker_snapshot_selector_nominal (__main__.WrapperTests.test_frozen_worker_snapshot_selector_nominal) ... ok
test_full_include_asset_manifest (__main__.WrapperTests.test_full_include_asset_manifest) ... ok
test_immutable_kernel_source (__main__.WrapperTests.test_immutable_kernel_source) ... ok
test_independent_probe_reconstruction (__main__.WrapperTests.test_independent_probe_reconstruction) ... ok
test_launcher_gate_rejects_model_and_physics_failure (__main__.WrapperTests.test_launcher_gate_rejects_model_and_physics_failure) ... ok
test_merge_total_bounds_slew_and_head (__main__.WrapperTests.test_merge_total_bounds_slew_and_head) ... ok
test_mpc_matches_independent_constant_input_quadratic (__main__.WrapperTests.test_mpc_matches_independent_constant_input_quadratic) ... ok
test_mpc_zero_model_and_action_bound (__main__.WrapperTests.test_mpc_zero_model_and_action_bound) ... ok
test_numeric_failure_preserved_fallback (__main__.WrapperTests.test_numeric_failure_preserved_fallback) ... ok
test_observe_only_uses_realized_transition (__main__.WrapperTests.test_observe_only_uses_realized_transition) ... ok
test_preparation_call_order_and_full_exact_parity (__main__.WrapperTests.test_preparation_call_order_and_full_exact_parity) ... ok
test_preparation_exception_partial_and_restore (__main__.WrapperTests.test_preparation_exception_partial_and_restore) ... ok
test_program_common_prefix_and_probe (__main__.WrapperTests.test_program_common_prefix_and_probe) ... ok

----------------------------------------------------------------------
Ran 22 tests in 1.347s

OK
