R168_ZERO_NOMINAL_FIRST_TARGET_PARITY_PASS
R168_FULL_CANDIDATE 1 0 18 0
R168_FULL_CANDIDATE 1 1 18 0
R168_FULL_CANDIDATE 1 2 5 1
R168_FULL_CANDIDATE 1 3 4 0
R168_FULL_CANDIDATE 1 4 7 1
R168_FULL_CANDIDATE 1 5 5 0
R168_FULL_CANDIDATE 1 6 8 1
R168_FULL_CANDIDATE 1 7 7 0
R168_FULL_CANDIDATE 2 0 18 0
R168_FULL_CANDIDATE 2 1 18 0
R168_FULL_CANDIDATE 2 2 7 1
R168_FULL_CANDIDATE 2 3 8 0
R168_FULL_CANDIDATE 2 4 6 0
R168_FULL_CANDIDATE 2 5 6 1
R168_FULL_CANDIDATE 2 6 9 1
R168_FULL_CANDIDATE 2 7 11 1
R168_FULL_CANDIDATE 3 0 18 0
R168_FULL_CANDIDATE 3 1 18 0
R168_FULL_CANDIDATE 3 2 4 2
R168_FULL_CANDIDATE 3 3 5 3
R168_FULL_CANDIDATE 3 4 6 3
R168_FULL_CANDIDATE 3 5 9 0
R168_FULL_CANDIDATE 3 6 9 0
R168_FULL_CANDIDATE 3 7 9 2
R168_FULL_CANDIDATE 4 0 18 0
R168_FULL_CANDIDATE 4 1 18 0
R168_FULL_CANDIDATE 4 2 5 1
R168_FULL_CANDIDATE 4 3 10 2
R168_FULL_CANDIDATE 4 4 5 1
R168_FULL_CANDIDATE 4 5 8 0
R168_FULL_CANDIDATE 4 6 12 1
R168_FULL_CANDIDATE 4 7 9 1
R168_FULL_DEVELOPMENT 18 18 0
