R101B_CASE anchored_1.0 None True True
R101B_CASE anchored_1.0 769000 False True
R101B_CASE anchored_1.0 769001 False True
R101B_CASE anchored_1.0 769002 False True
R101B_CASE anchored_1.0 769003 True True
R101B_CASE anchored_1.0 769004 True True
R101B_CASE anchored_1.0 769005 True True
R101B_CASE anchored_1.0 769006 True True
R101B_CASE anchored_1.0 769007 False True
R101B_CASE anchored_1.0 773000 True True
R101B_CASE anchored_1.0 773001 False False
R101B_CASE anchored_1.0 773002 False True
R101B_CASE anchored_1.0 773003 True True
R101B_CASE anchored_1.0 773004 False True
R101B_CASE anchored_1.0 773005 True True
R101B_CASE anchored_1.0 773006 True True
R101B_CASE anchored_1.0 773007 False True
R101B_CASE anchored_1.0 773008 False True
R101B_CASE anchored_1.0 773009 False True
R101B_CASE anchored_1.0 773010 False False
R101B_CASE anchored_1.0 773011 False True
R101B_CASE anchored_1.0 773012 True True
R101B_CASE anchored_1.0 773013 False True
R101B_CASE anchored_1.0 773014 False True
R101B_CASE anchored_1.0 773015 False True
R101B_ANCHOR_RESULT anchored_1.0 9 True 2
R101B_CASE anchored_4.0 None True True
R101B_CASE anchored_4.0 769000 False True
R101B_CASE anchored_4.0 769001 False True
R101B_CASE anchored_4.0 769002 False False
R101B_CASE anchored_4.0 769003 False True
R101B_CASE anchored_4.0 769004 False True
R101B_CASE anchored_4.0 769005 False False
R101B_CASE anchored_4.0 769006 True True
R101B_CASE anchored_4.0 769007 True True
R101B_CASE anchored_4.0 773000 True True
R101B_CASE anchored_4.0 773001 False True
R101B_CASE anchored_4.0 773002 True True
R101B_CASE anchored_4.0 773003 False False
R101B_CASE anchored_4.0 773004 False True
R101B_CASE anchored_4.0 773005 True True
R101B_CASE anchored_4.0 773006 False True
R101B_CASE anchored_4.0 773007 False True
R101B_CASE anchored_4.0 773008 False True
R101B_CASE anchored_4.0 773009 True True
R101B_CASE anchored_4.0 773010 False True
R101B_CASE anchored_4.0 773011 False True
R101B_CASE anchored_4.0 773012 False True
R101B_CASE anchored_4.0 773013 True True
R101B_CASE anchored_4.0 773014 True True
R101B_CASE anchored_4.0 773015 True True
R101B_ANCHOR_RESULT anchored_4.0 9 True 3
R101B_CASE anchored_-1.0 None True True
R101B_CASE anchored_-1.0 769000 True True
R101B_CASE anchored_-1.0 769001 False True
R101B_CASE anchored_-1.0 769002 False True
R101B_CASE anchored_-1.0 769003 False True
R101B_CASE anchored_-1.0 769004 False True
R101B_CASE anchored_-1.0 769005 False True
R101B_CASE anchored_-1.0 769006 False True
R101B_CASE anchored_-1.0 769007 False True
R101B_CASE anchored_-1.0 773000 False True
R101B_CASE anchored_-1.0 773001 False True
R101B_CASE anchored_-1.0 773002 True True
R101B_CASE anchored_-1.0 773003 False True
R101B_CASE anchored_-1.0 773004 False False
R101B_CASE anchored_-1.0 773005 False True
R101B_CASE anchored_-1.0 773006 False True
R101B_CASE anchored_-1.0 773007 True True
R101B_CASE anchored_-1.0 773008 False True
R101B_CASE anchored_-1.0 773009 True True
R101B_CASE anchored_-1.0 773010 False True
R101B_CASE anchored_-1.0 773011 False True
R101B_CASE anchored_-1.0 773012 False True
R101B_CASE anchored_-1.0 773013 False True
R101B_CASE anchored_-1.0 773014 False True
R101B_CASE anchored_-1.0 773015 False True
R101B_ANCHOR_RESULT anchored_-1.0 4 True 1
R101B_CASE raw_0.25 None True True
R101B_CASE raw_0.25 769000 True True
R101B_CASE raw_0.25 769001 False True
R101B_CASE raw_0.25 769002 False True
R101B_CASE raw_0.25 769003 False False
R101B_CASE raw_0.25 769004 True True
R101B_CASE raw_0.25 769005 False True
R101B_CASE raw_0.25 769006 True True
R101B_CASE raw_0.25 769007 False True
R101B_CASE raw_0.25 773000 False True
R101B_CASE raw_0.25 773001 True True
R101B_CASE raw_0.25 773002 False True
R101B_CASE raw_0.25 773003 True True
R101B_CASE raw_0.25 773004 False False
R101B_CASE raw_0.25 773005 True True
R101B_CASE raw_0.25 773006 False True
R101B_CASE raw_0.25 773007 True True
R101B_CASE raw_0.25 773008 True True
R101B_CASE raw_0.25 773009 False True
R101B_CASE raw_0.25 773010 False False
R101B_CASE raw_0.25 773011 False True
R101B_CASE raw_0.25 773012 True True
R101B_CASE raw_0.25 773013 False True
R101B_CASE raw_0.25 773014 True True
R101B_CASE raw_0.25 773015 False True
R101B_ANCHOR_RESULT raw_0.25 10 True 3
R101B_TERMINAL
