nohup: 忽略输入
POLICY_DEVICES [CudaDevice(id=0)]
{"iteration": 1, "decision_steps": 2048, "actual_motor_controls": 10232, "episode_count": 37, "by_pose": {"standing": {"episodes": 0, "discovery_successes": 0, "physical_failures": 0}, "prone": {"episodes": 5, "discovery_successes": 0, "physical_failures": 5}, "supine": {"episodes": 12, "discovery_successes": 5, "physical_failures": 0}, "left_side": {"episodes": 9, "discovery_successes": 7, "physical_failures": 1}, "right_side": {"episodes": 11, "discovery_successes": 8, "physical_failures": 0}}, "actual_full_fallen_episodes": 1, "actual_full_fallen_discoveries": 0, "mean_return": 2.3306213845356614, "policy_loss": -0.011710685677826405, "value_loss": 3.0838708877563477, "gaussian_entropy": -35.29006576538086, "approx_kl": 0.003786178305745125, "wall_seconds": 17.167732846923172}
{"iteration": 2, "decision_steps": 4096, "actual_motor_controls": 20467, "episode_count": 36, "by_pose": {"standing": {"episodes": 0, "discovery_successes": 0, "physical_failures": 0}, "prone": {"episodes": 10, "discovery_successes": 4, "physical_failures": 4}, "supine": {"episodes": 8, "discovery_successes": 3, "physical_failures": 0}, "left_side": {"episodes": 9, "discovery_successes": 6, "physical_failures": 0}, "right_side": {"episodes": 9, "discovery_successes": 2, "physical_failures": 0}}, "actual_full_fallen_episodes": 8, "actual_full_fallen_discoveries": 0, "mean_return": 1.4954778504992294, "policy_loss": -0.005498791113495827, "value_loss": 1.9933888912200928, "gaussian_entropy": -25.950763702392578, "approx_kl": -0.0009257036144845188, "wall_seconds": 26.760712285526097}
Traceback (most recent call last):
  File "<frozen runpy>", line 198, in _run_module_as_main
  File "<frozen runpy>", line 88, in _run_code
  File "/data/shijinsheng/open_duck/projects/Open_Duck_Playground/diagnostics/train_getup_temporal_ppo_r33.py", line 292, in <module>
    main()
  File "/data/shijinsheng/open_duck/projects/Open_Duck_Playground/diagnostics/train_getup_temporal_ppo_r33.py", line 238, in main
    _,r,done,term,boot,info,controls=vector.step(np.asarray(action))
                                     ^^^^^^^^^^^^^^^^^^^^^^^^^^^^^^^
  File "/data/shijinsheng/open_duck/projects/Open_Duck_Playground/diagnostics/train_getup_temporal_ppo_r33.py", line 69, in step
    rows=[row for c in self.connections for row in self.receive(c)]
         ^^^^^^^^^^^^^^^^^^^^^^^^^^^^^^^^^^^^^^^^^^^^^^^^^^^^^^^^^^
  File "/data/shijinsheng/open_duck/projects/Open_Duck_Playground/diagnostics/train_getup_temporal_ppo_r33.py", line 69, in <listcomp>
    rows=[row for c in self.connections for row in self.receive(c)]
                                                   ^^^^^^^^^^^^^^^
  File "/data/shijinsheng/open_duck/projects/Open_Duck_Playground/diagnostics/train_getup_native_ppo.py", line 39, in receive
    raise RuntimeError(payload)
RuntimeError: RuntimeError: Curriculum reset failed physical audit
Traceback (most recent call last):
  File "/data/shijinsheng/open_duck/projects/Open_Duck_Playground/diagnostics/getup_partial_curriculum_env_r35.py", line 87, in pipe_worker
    connection.send(('ok', [e.step(a) for e, a in zip(envs, payload)]))
                           ^^^^^^^^^^^^^^^^^^^^^^^^^^^^^^^^^^^^^^^^^^
  File "/data/shijinsheng/open_duck/projects/Open_Duck_Playground/diagnostics/getup_partial_curriculum_env_r35.py", line 87, in <listcomp>
    connection.send(('ok', [e.step(a) for e, a in zip(envs, payload)]))
                            ^^^^^^^^^
  File "/data/shijinsheng/open_duck/projects/Open_Duck_Playground/diagnostics/getup_partial_curriculum_env_r35.py", line 66, in step
    row = list(super().step(normalized))
               ^^^^^^^^^^^^^^^^^^^^^^^^
  File "/data/shijinsheng/open_duck/projects/Open_Duck_Playground/diagnostics/getup_fullfallen_env_r32.py", line 82, in step
    obs=self.reset()
        ^^^^^^^^^^^^
  File "/data/shijinsheng/open_duck/projects/Open_Duck_Playground/diagnostics/getup_partial_curriculum_env_r35.py", line 52, in reset
    raise RuntimeError('Curriculum reset failed physical audit')
RuntimeError: Curriculum reset failed physical audit

