TRANSFER: 400000 home_success count 1
TRANSFER: 400001 unsupported_abstention count 2
TRANSFER: 400002 home_success count 3
TRANSFER: 400003 unsupported_abstention count 4
TRANSFER: 400004 unsupported_abstention count 5
TRANSFER: 400005 unsupported_abstention count 6
TRANSFER: 400006 unsupported_abstention count 7
TRANSFER: 400007 unsupported_abstention count 8
TRANSFER: 400008 unsupported_abstention count 9
TRANSFER: 400009 home_success count 10
TRANSFER: 400010 home_success count 11
TRANSFER: 400011 home_success count 12
TRANSFER: 400012 home_success count 13
TRANSFER: 400013 unsupported_abstention count 14
TRANSFER: 400014 unsupported_abstention count 15
TRANSFER: 400015 unsupported_abstention count 16
TRANSFER: 400016 unsupported_abstention count 17
TRANSFER: 400017 home_success count 18
TRANSFER: 400018 unsupported_abstention count 19
TRANSFER: 400019 unsupported_abstention count 20
TRANSFER: 400020 home_success count 21
TRANSFER: 400021 unsupported_abstention count 22
TRANSFER: 400022 unsupported_abstention count 23
TRANSFER: 400023 verified_rescue count 24
TRANSFER: 400024 unsupported_abstention count 25
TRANSFER: 400025 home_success count 26
TRANSFER: 400026 home_success count 27
TRANSFER: 400027 home_success count 28
TRANSFER: 400028 unsupported_abstention count 29
TRANSFER: 400029 home_success count 30
TRANSFER: 400030 home_success count 31
TRANSFER: 400031 home_success count 32
TRANSFER: 400032 unsupported_abstention count 33
TRANSFER: 400033 verified_rescue count 34
TRANSFER: 400034 home_success count 35
TRANSFER: 400035 home_success count 36
TRANSFER: 400036 unsupported_abstention count 37
TRANSFER: 400037 home_success count 38
TRANSFER: 400038 home_success count 39
TRANSFER: 400039 home_success count 40
TRANSFER: 400040 unsupported_abstention count 41
TRANSFER: 400041 home_success count 42
TRANSFER: 400042 unsupported_abstention count 43
TRANSFER: 400043 unsupported_abstention count 44
TRANSFER: 400044 home_success count 45
TRANSFER: 400045 unsupported_abstention count 46
TRANSFER: 400046 unsupported_abstention count 47
TRANSFER: 400047 home_success count 48
TRANSFER: 400048 unsupported_abstention count 49
TRANSFER: 400049 verified_rescue count 50
TRANSFER: 400050 home_success count 51
TRANSFER: 400051 home_success count 52
TRANSFER: 400052 home_success count 53
TRANSFER: 400053 home_success count 54
TRANSFER: 400054 unsupported_abstention count 55
TRANSFER: 400055 home_success count 56
TRANSFER: 400056 home_success count 57
TRANSFER: 400057 unsupported_abstention count 58
TRANSFER: 400058 home_success count 59
TRANSFER: 400059 home_success count 60
TRANSFER: 400060 home_success count 61
TRANSFER: 400061 home_success count 62
TRANSFER: 400062 unsupported_abstention count 63
TRANSFER: 400063 home_success count 64
TRANSFER: 400064 home_success count 65
TRANSFER: 400065 unsupported_abstention count 66
TRANSFER: 400066 unsupported_abstention count 67
TRANSFER: 400067 home_success count 68
TRANSFER: 400068 home_success count 69
TRANSFER: 400069 unsupported_abstention count 70
TRANSFER: 400070 unsupported_abstention count 71
TRANSFER: 400071 home_success count 72
TRANSFER: 400072 verified_rescue count 73
TRANSFER: 400073 unsupported_abstention count 74
TRANSFER: 400074 home_success count 75
TRANSFER: 400075 home_success count 76
TRANSFER: 400076 home_success count 77
TRANSFER: 400077 verified_rescue count 78
TRANSFER: 400078 home_success count 79
TRANSFER: 400079 unsupported_abstention count 80
TRANSFER: 400080 unsupported_abstention count 81
TRANSFER: 400081 home_success count 82
TRANSFER: 400082 unsupported_abstention count 83
TRANSFER: 400083 unsupported_abstention count 84
TRANSFER: 400084 unsupported_abstention count 85
TRANSFER: 400085 unsupported_abstention count 86
TRANSFER: 400086 unsupported_abstention count 87
TRANSFER: 400087 verified_rescue count 88
TRANSFER: 400088 home_success count 89
TRANSFER: 400089 home_success count 90
TRANSFER: 400090 unsupported_abstention count 91
TRANSFER: 400091 unsupported_abstention count 92
TRANSFER: 400092 unsupported_abstention count 93
TRANSFER: 400093 home_success count 94
TRANSFER: 400094 home_success count 95
TRANSFER: 400095 verified_rescue count 96
TRANSFER: 400096 home_success count 97
TRANSFER: 400097 home_success count 98
TRANSFER: 400098 verified_rescue count 99
TRANSFER: 400099 home_success count 100
TRANSFER SUMMARY: {"home_success": 49, "verified_rescue": 8, "unsupported_abstention": 43}
ATLAS SELECTION: {"0.0": {"runs": 40, "successes": 18, "full_duration_runs": 18, "rescue_selections": 0, "new_successes": 0, "new_failures": 0, "continuous_goal_after4s": 0}, "0.15": {"runs": 40, "successes": 18, "full_duration_runs": 18, "rescue_selections": 0, "new_successes": 0, "new_failures": 0, "continuous_goal_after4s": 0}, "0.3": {"runs": 40, "successes": 19, "full_duration_runs": 19, "rescue_selections": 1, "new_successes": 1, "new_failures": 0, "continuous_goal_after4s": 0}, "0.6": {"runs": 40, "successes": 20, "full_duration_runs": 20, "rescue_selections": 3, "new_successes": 2, "new_failures": 0, "continuous_goal_after4s": 0}, "1.2": {"runs": 40, "successes": 19, "full_duration_runs": 19, "rescue_selections": 6, "new_successes": 2, "new_failures": 1, "continuous_goal_after4s": 0}} CHOSEN 0.6
ATLAS POLICY: demonstration_4s {"0.0": {"runs": 138, "successes": 82, "full_duration_runs": 82, "rescue_selections": 0, "new_successes": 0, "new_failures": 0, "continuous_goal_after4s": 0}, "0.3": {"runs": 138, "successes": 95, "full_duration_runs": 95, "rescue_selections": 13, "new_successes": 13, "new_failures": 0, "continuous_goal_after4s": 0}, "0.6": {"runs": 138, "successes": 95, "full_duration_runs": 95, "rescue_selections": 13, "new_successes": 13, "new_failures": 0, "continuous_goal_after4s": 0}}
ATLAS POLICY: independent_100 {"0.0": {"runs": 100, "successes": 58, "full_duration_runs": 58, "rescue_selections": 0, "new_successes": 0, "new_failures": 0, "continuous_goal_after4s": 0}, "0.3": {"runs": 100, "successes": 59, "full_duration_runs": 59, "rescue_selections": 1, "new_successes": 1, "new_failures": 0, "continuous_goal_after4s": 0}, "0.6": {"runs": 100, "successes": 61, "full_duration_runs": 61, "rescue_selections": 5, "new_successes": 3, "new_failures": 0, "continuous_goal_after4s": 0}}
ATLAS POLICY: independent_30s {"0.0": {"runs": 20, "successes": 11, "full_duration_runs": 11, "rescue_selections": 0, "new_successes": 0, "new_failures": 0, "continuous_goal_after4s": 11}, "0.3": {"runs": 20, "successes": 12, "full_duration_runs": 12, "rescue_selections": 1, "new_successes": 1, "new_failures": 0, "continuous_goal_after4s": 12}, "0.6": {"runs": 20, "successes": 12, "full_duration_runs": 12, "rescue_selections": 1, "new_successes": 1, "new_failures": 0, "continuous_goal_after4s": 12}}
