R151_ZERO_AND_NOMINAL_FULL_PARITY_PASS
R151_CANDIDATE 1 0 17 0
R151_CANDIDATE 1 1 17 0
R151_CANDIDATE 1 2 9 1
R151_CANDIDATE 1 3 9 0
R151_CANDIDATE 1 4 8 0
R151_CANDIDATE 1 5 8 0
R151_CANDIDATE 1 6 7 0
R151_CANDIDATE 1 7 6 2
R151_CANDIDATE 1 8 4 1
R151_CANDIDATE 1 9 4 1
R151_CANDIDATE 1 10 3 1
R151_CANDIDATE 1 11 7 1
R151_CANDIDATE 2 0 17 0
R151_CANDIDATE 2 1 17 0
R151_CANDIDATE 2 2 8 0
R151_CANDIDATE 2 3 5 0
R151_CANDIDATE 2 4 10 0
R151_CANDIDATE 2 5 5 1
R151_CANDIDATE 2 6 6 0
R151_CANDIDATE 2 7 9 2
R151_CANDIDATE 2 8 11 1
R151_CANDIDATE 2 9 5 2
R151_CANDIDATE 2 10 9 0
R151_CANDIDATE 2 11 7 1
R151_CANDIDATE 3 0 17 0
R151_CANDIDATE 3 1 17 0
R151_CANDIDATE 3 2 8 1
R151_CANDIDATE 3 3 7 1
R151_CANDIDATE 3 4 6 2
R151_CANDIDATE 3 5 6 2
R151_CANDIDATE 3 6 5 2
R151_CANDIDATE 3 7 6 0
R151_CANDIDATE 3 8 12 0
R151_CANDIDATE 3 9 11 2
R151_CANDIDATE 3 10 3 3
R151_CANDIDATE 3 11 8 2
R151_CANDIDATE 4 0 17 0
R151_CANDIDATE 4 1 17 0
R151_CANDIDATE 4 2 9 1
R151_CANDIDATE 4 3 6 3
R151_CANDIDATE 4 4 8 1
R151_CANDIDATE 4 5 8 1
R151_CANDIDATE 4 6 9 0
R151_CANDIDATE 4 7 7 0
R151_CANDIDATE 4 8 12 0
R151_CANDIDATE 4 9 9 1
R151_CANDIDATE 4 10 6 1
R151_CANDIDATE 4 11 6 1
R151_CANDIDATE 5 0 17 0
R151_CANDIDATE 5 1 17 0
R151_CANDIDATE 5 2 7 0
R151_CANDIDATE 5 3 9 1
R151_CANDIDATE 5 4 7 1
R151_CANDIDATE 5 5 10 0
R151_CANDIDATE 5 6 3 1
R151_CANDIDATE 5 7 9 1
R151_CANDIDATE 5 8 6 0
R151_CANDIDATE 5 9 7 0
R151_CANDIDATE 5 10 4 0
R151_CANDIDATE 5 11 10 0
R151_CANDIDATE 6 0 17 0
R151_CANDIDATE 6 1 17 0
R151_CANDIDATE 6 2 9 1
R151_CANDIDATE 6 3 6 1
R151_CANDIDATE 6 4 6 0
R151_CANDIDATE 6 5 4 1
R151_CANDIDATE 6 6 9 2
R151_CANDIDATE 6 7 8 0
R151_CANDIDATE 6 8 6 0
R151_CANDIDATE 6 9 5 1
R151_CANDIDATE 6 10 7 0
R151_CANDIDATE 6 11 9 0
R151_FULL_DEVELOPMENT 17 17 0
