{"depth": 1, "expanded": 164, "safe_nodes": 160, "best_score": -0.047162121773967, "ready_nodes": 0, "wall_seconds": 4.3272035121917725, "metric": {"height_m": 0.15051813967488234, "up_z": 0.2533010923161031, "foot_load_fraction": 0.0, "foot_up_alignment_to_home": [0.24168754890471886, 0.23551250633546206], "joint_home_error_max_rad": 0.8373487670880397}}
{"depth": 2, "expanded": 984, "safe_nodes": 958, "best_score": 0.6396499104317173, "ready_nodes": 0, "wall_seconds": 30.630526781082153, "metric": {"height_m": 0.14402073759832038, "up_z": 0.3912606151310642, "foot_load_fraction": 0.0, "foot_up_alignment_to_home": [0.21236744177212813, 0.2333808013514756], "joint_home_error_max_rad": 0.797768608964001}}
{"depth": 3, "expanded": 984, "safe_nodes": 918, "best_score": 3.3630591128487892, "ready_nodes": 0, "wall_seconds": 53.753438234329224, "metric": {"height_m": 0.10456717900495646, "up_z": 0.7574679985808719, "foot_load_fraction": 0.1494230840005403, "foot_up_alignment_to_home": [0.8701489620398115, 0.4705830650041814], "joint_home_error_max_rad": 0.8134062009358551}}
{"depth": 4, "expanded": 984, "safe_nodes": 904, "best_score": 3.971935563818396, "ready_nodes": 0, "wall_seconds": 76.38943982124329, "metric": {"height_m": 0.08671550158160064, "up_z": 0.8464439534914338, "foot_load_fraction": 0.34530611958691443, "foot_up_alignment_to_home": [0.965742308852383, 0.9647207149268627], "joint_home_error_max_rad": 1.1539220696039152}}
{"depth": 5, "expanded": 984, "safe_nodes": 885, "best_score": 4.1143223591851195, "ready_nodes": 0, "wall_seconds": 100.78305840492249, "metric": {"height_m": 0.0823818949900884, "up_z": 0.8644177219926459, "foot_load_fraction": 0.4718903575535538, "foot_up_alignment_to_home": [0.9624474311428893, 0.9671395821949188], "joint_home_error_max_rad": 1.1540324417559522}}
{"depth": 6, "expanded": 984, "safe_nodes": 894, "best_score": 4.183274549611298, "ready_nodes": 0, "wall_seconds": 125.1341872215271, "metric": {"height_m": 0.0844851327848636, "up_z": 0.8558587127770698, "foot_load_fraction": 0.5290617738151983, "foot_up_alignment_to_home": [0.7267608846249045, 0.8041266800842465], "joint_home_error_max_rad": 1.1539789164606153}}
{"depth": 7, "expanded": 984, "safe_nodes": 885, "best_score": 4.201333124221549, "ready_nodes": 0, "wall_seconds": 151.08217978477478, "metric": {"height_m": 0.10253833470891242, "up_z": 0.7712598559331133, "foot_load_fraction": 0.48258397312463686, "foot_up_alignment_to_home": [0.8116537707741196, 0.7902372204384291], "joint_home_error_max_rad": 0.7504609354244001}}
{"depth": 8, "expanded": 984, "safe_nodes": 854, "best_score": 4.148971852120655, "ready_nodes": 0, "wall_seconds": 174.79469966888428, "metric": {"height_m": 0.0824031518246435, "up_z": 0.864333552038705, "foot_load_fraction": 0.4724401870922598, "foot_up_alignment_to_home": [0.9622199284579004, 0.9675205255964809], "joint_home_error_max_rad": 1.1540150476769573}}
{"depth": 9, "expanded": 984, "safe_nodes": 853, "best_score": 4.165292516460707, "ready_nodes": 0, "wall_seconds": 197.600323677063, "metric": {"height_m": 0.09675223373169382, "up_z": 0.8001130036985639, "foot_load_fraction": 0.49770838905470516, "foot_up_alignment_to_home": [0.9955485379915606, 0.8822171723666201], "joint_home_error_max_rad": 1.1537064720964245}}
{"depth": 10, "expanded": 984, "safe_nodes": 870, "best_score": 4.173485482958335, "ready_nodes": 0, "wall_seconds": 219.68689250946045, "metric": {"height_m": 0.08978023803854361, "up_z": 0.8332822453936048, "foot_load_fraction": 0.5003583994826736, "foot_up_alignment_to_home": [0.886056551854454, 0.8410473820353614], "joint_home_error_max_rad": 0.7882384636648907}}
VALIDATING 0 False
VALIDATING 1 False
VALIDATING 2 False
VALIDATING 3 False
VALIDATING 4 False
VALIDATING 5 False
VALIDATING 6 False
VALIDATING 7 False
VALIDATING 8 False
VALIDATING 9 False
VALIDATING 10 False
VALIDATING 11 False
VALIDATING 12 False
VALIDATING 13 False
VALIDATING 14 False
VALIDATING 15 False
VALIDATING 16 False
VALIDATING 17 False
VALIDATING 18 False
VALIDATING 19 False
COMPLETE: 0 /20
{"depth": 1, "expanded": 164, "safe_nodes": 160, "best_score": 0.7613313427525108, "ready_nodes": 0, "wall_seconds": 5.044936895370483, "metric": {"height_m": 0.06525006511689689, "up_z": 0.4715929092145728, "foot_load_fraction": 0.3083964768579458, "foot_up_alignment_to_home": [-0.11574717535879459, 0.8701970942358374], "joint_home_error_max_rad": 0.5724701954614818}}
{"depth": 2, "expanded": 984, "safe_nodes": 940, "best_score": 1.5848245682144777, "ready_nodes": 0, "wall_seconds": 28.35927128791809, "metric": {"height_m": 0.06701639790140096, "up_z": 0.544206604838039, "foot_load_fraction": 0.5369408185876866, "foot_up_alignment_to_home": [0.4248422908880527, 0.8155609412345421], "joint_home_error_max_rad": 0.7602442199326831}}
{"depth": 3, "expanded": 984, "safe_nodes": 892, "best_score": 1.6292107791516457, "ready_nodes": 0, "wall_seconds": 50.93173050880432, "metric": {"height_m": 0.06735017497759183, "up_z": 0.5488923949379778, "foot_load_fraction": 0.5393099178667674, "foot_up_alignment_to_home": [0.4241509628839009, 0.8254088044988592], "joint_home_error_max_rad": 0.7679146277802438}}
{"depth": 4, "expanded": 984, "safe_nodes": 876, "best_score": 1.7921478813089422, "ready_nodes": 0, "wall_seconds": 75.4054319858551, "metric": {"height_m": 0.0631434765988944, "up_z": 0.610126051505647, "foot_load_fraction": 0.3278409293689437, "foot_up_alignment_to_home": [0.39328421395590185, 0.6009764167197467], "joint_home_error_max_rad": 0.7858701026520921}}
{"depth": 5, "expanded": 984, "safe_nodes": 906, "best_score": 2.0686910517382158, "ready_nodes": 0, "wall_seconds": 100.96432161331177, "metric": {"height_m": 0.06400120831961435, "up_z": 0.6044713189020718, "foot_load_fraction": 0.678631293483129, "foot_up_alignment_to_home": [0.9962752474258498, 0.85102078440731], "joint_home_error_max_rad": 1.2004844529989211}}
{"depth": 6, "expanded": 984, "safe_nodes": 911, "best_score": 2.0404946289740646, "ready_nodes": 0, "wall_seconds": 125.52975034713745, "metric": {"height_m": 0.06460479940611348, "up_z": 0.5994770884618195, "foot_load_fraction": 0.6773561416254095, "foot_up_alignment_to_home": [0.9986892645270097, 0.8524737154527942], "joint_home_error_max_rad": 1.2026828710339577}}
{"depth": 7, "expanded": 984, "safe_nodes": 905, "best_score": 2.026238492610956, "ready_nodes": 0, "wall_seconds": 147.61839127540588, "metric": {"height_m": 0.06486269085252114, "up_z": 0.5971095206448209, "foot_load_fraction": 0.6772342807524008, "foot_up_alignment_to_home": [0.9993920445313353, 0.8524603139178132], "joint_home_error_max_rad": 1.2044708083430216}}
{"depth": 8, "expanded": 984, "safe_nodes": 908, "best_score": 2.060448305486289, "ready_nodes": 0, "wall_seconds": 169.9212441444397, "metric": {"height_m": 0.0675946795722841, "up_z": 0.6018367913610465, "foot_load_fraction": 0.6381454454368147, "foot_up_alignment_to_home": [0.9869634135010731, 0.6360369130955308], "joint_home_error_max_rad": 1.2924921786806793}}
{"depth": 9, "expanded": 984, "safe_nodes": 905, "best_score": 2.0678228943637045, "ready_nodes": 0, "wall_seconds": 193.84819340705872, "metric": {"height_m": 0.067157992251812, "up_z": 0.6026738887938317, "foot_load_fraction": 0.6374538442020868, "foot_up_alignment_to_home": [0.9871924910226106, 0.6321367396549096], "joint_home_error_max_rad": 1.2944458226384326}}
{"depth": 10, "expanded": 984, "safe_nodes": 880, "best_score": 2.0669555201234022, "ready_nodes": 0, "wall_seconds": 217.4749412536621, "metric": {"height_m": 0.06706528105330353, "up_z": 0.6027495129085746, "foot_load_fraction": 0.6373282343628034, "foot_up_alignment_to_home": [0.9872280978273733, 0.6310810310148475], "joint_home_error_max_rad": 1.294999992450622}}
VALIDATING 0 False
VALIDATING 1 False
VALIDATING 2 False
VALIDATING 3 False
VALIDATING 4 False
VALIDATING 5 False
VALIDATING 6 False
VALIDATING 7 False
VALIDATING 8 False
VALIDATING 9 False
VALIDATING 10 False
VALIDATING 11 False
VALIDATING 12 False
VALIDATING 13 False
VALIDATING 14 False
VALIDATING 15 False
VALIDATING 16 False
VALIDATING 17 False
VALIDATING 18 False
VALIDATING 19 False
COMPLETE: 0 /20
