R189b_SCALAR getup_centroidal_momentum_r188b_smoke_20261010__zero_parity__case_None bitwise
R189b_SCALAR getup_centroidal_momentum_r188b_smoke_20261010__zero_parity__case_769000 bitwise
R189b_SCALAR getup_centroidal_momentum_r188b_smoke_20261010__zero_parity__case_773004 bitwise
R189b_SCALAR getup_centroidal_momentum_r188b_smoke_20261010__momentum_smoke__case_None bitwise
R189b_SCALAR getup_centroidal_momentum_r188b_smoke_20261010__momentum_smoke__case_769002 bitwise
R189b_SCALAR getup_centroidal_momentum_r188b_smoke_20261010__momentum_smoke__case_773004 bitwise
R189b_SCALAR getup_centroidal_momentum_r188b_left_20261010__zero_parity__case_None bitwise
R189b_SCALAR getup_centroidal_momentum_r188b_left_20261010__zero_parity__case_769000 bitwise
R189b_SCALAR getup_centroidal_momentum_r188b_left_20261010__zero_parity__case_773004 bitwise
R189b_SCALAR getup_centroidal_momentum_r188b_left_20261010__momentum_smoke__case_None bitwise
R189b_SCALAR getup_centroidal_momentum_r188b_left_20261010__momentum_smoke__case_769002 bitwise
R189b_SCALAR getup_centroidal_momentum_r188b_left_20261010__momentum_smoke__case_773004 bitwise
R189b_SCALAR getup_centroidal_momentum_r188b_left_20261010__development_baseline__case_None bitwise
R189b_SCALAR getup_centroidal_momentum_r188b_left_20261010__development_baseline__case_769000 bitwise
R189b_SCALAR getup_centroidal_momentum_r188b_left_20261010__development_baseline__case_769001 bitwise
R189b_SCALAR getup_centroidal_momentum_r188b_left_20261010__development_baseline__case_769002 bitwise
R189b_SCALAR getup_centroidal_momentum_r188b_left_20261010__development_baseline__case_769003 bitwise
R189b_SCALAR getup_centroidal_momentum_r188b_left_20261010__development_baseline__case_769004 bitwise
R189b_SCALAR getup_centroidal_momentum_r188b_left_20261010__development_baseline__case_769005 bitwise
R189b_SCALAR getup_centroidal_momentum_r188b_left_20261010__development_baseline__case_769006 bitwise
R189b_SCALAR getup_centroidal_momentum_r188b_left_20261010__development_baseline__case_769007 bitwise
R189b_SCALAR getup_centroidal_momentum_r188b_left_20261010__development_baseline__case_773000 bitwise
R189b_SCALAR getup_centroidal_momentum_r188b_left_20261010__development_baseline__case_773001 bitwise
R189b_SCALAR getup_centroidal_momentum_r188b_left_20261010__development_baseline__case_773002 bitwise
R189b_SCALAR getup_centroidal_momentum_r188b_left_20261010__development_baseline__case_773003 bitwise
R189b_SCALAR getup_centroidal_momentum_r188b_left_20261010__development_baseline__case_773004 bitwise
R189b_SCALAR getup_centroidal_momentum_r188b_left_20261010__development_baseline__case_773005 bitwise
R189b_SCALAR getup_centroidal_momentum_r188b_left_20261010__development_baseline__case_773006 bitwise
R189b_SCALAR getup_centroidal_momentum_r188b_left_20261010__development_baseline__case_773007 bitwise
R189b_SCALAR getup_centroidal_momentum_r188b_left_20261010__development_baseline__case_773008 bitwise
R189b_SCALAR getup_centroidal_momentum_r188b_left_20261010__development_baseline__case_773009 bitwise
R189b_SCALAR getup_centroidal_momentum_r188b_left_20261010__development_baseline__case_773010 bitwise
R189b_SCALAR getup_centroidal_momentum_r188b_left_20261010__development_baseline__case_773011 bitwise
R189b_SCALAR getup_centroidal_momentum_r188b_left_20261010__development_baseline__case_773012 bitwise
R189b_SCALAR getup_centroidal_momentum_r188b_left_20261010__development_baseline__case_773013 bitwise
R189b_SCALAR getup_centroidal_momentum_r188b_left_20261010__development_baseline__case_773014 bitwise
R189b_SCALAR getup_centroidal_momentum_r188b_left_20261010__development_baseline__case_773015 bitwise
R189b_SCALAR getup_centroidal_momentum_r188b_left_20261010__development_candidate__case_None bitwise
R189b_SCALAR getup_centroidal_momentum_r188b_left_20261010__development_candidate__case_769000 bitwise
R189b_SCALAR getup_centroidal_momentum_r188b_left_20261010__development_candidate__case_769001 bitwise
R189b_SCALAR getup_centroidal_momentum_r188b_left_20261010__development_candidate__case_769002 bitwise
R189b_SCALAR getup_centroidal_momentum_r188b_left_20261010__development_candidate__case_769003 bitwise
R189b_SCALAR getup_centroidal_momentum_r188b_left_20261010__development_candidate__case_769004 bitwise
R189b_SCALAR getup_centroidal_momentum_r188b_left_20261010__development_candidate__case_769005 bitwise
R189b_SCALAR getup_centroidal_momentum_r188b_left_20261010__development_candidate__case_769006 bitwise
R189b_SCALAR getup_centroidal_momentum_r188b_left_20261010__development_candidate__case_769007 bitwise
R189b_SCALAR getup_centroidal_momentum_r188b_left_20261010__development_candidate__case_773000 bitwise
R189b_SCALAR getup_centroidal_momentum_r188b_left_20261010__development_candidate__case_773001 bitwise
R189b_SCALAR getup_centroidal_momentum_r188b_left_20261010__development_candidate__case_773002 bitwise
R189b_SCALAR getup_centroidal_momentum_r188b_left_20261010__development_candidate__case_773003 bitwise
R189b_SCALAR getup_centroidal_momentum_r188b_left_20261010__development_candidate__case_773004 bitwise
R189b_SCALAR getup_centroidal_momentum_r188b_left_20261010__development_candidate__case_773005 bitwise
R189b_SCALAR getup_centroidal_momentum_r188b_left_20261010__development_candidate__case_773006 bitwise
R189b_SCALAR getup_centroidal_momentum_r188b_left_20261010__development_candidate__case_773007 bitwise
R189b_SCALAR getup_centroidal_momentum_r188b_left_20261010__development_candidate__case_773008 bitwise
R189b_SCALAR getup_centroidal_momentum_r188b_left_20261010__development_candidate__case_773009 bitwise
R189b_SCALAR getup_centroidal_momentum_r188b_left_20261010__development_candidate__case_773010 bitwise
R189b_SCALAR getup_centroidal_momentum_r188b_left_20261010__development_candidate__case_773011 bitwise
R189b_SCALAR getup_centroidal_momentum_r188b_left_20261010__development_candidate__case_773012 bitwise
R189b_SCALAR getup_centroidal_momentum_r188b_left_20261010__development_candidate__case_773013 bitwise
R189b_SCALAR getup_centroidal_momentum_r188b_left_20261010__development_candidate__case_773014 bitwise
R189b_SCALAR getup_centroidal_momentum_r188b_left_20261010__development_candidate__case_773015 bitwise
R189b_READ_ONLY_TERMINAL 62
