test_actual_affine_servo_positive_torque_increment (__main__.BiasCorrectionTests.test_actual_affine_servo_positive_torque_increment) ... ok
test_all_529_actual_nominal_scalar_zero (__main__.BiasCorrectionTests.test_all_529_actual_nominal_scalar_zero) ... ok
test_causal_initial_control_zero (__main__.BiasCorrectionTests.test_causal_initial_control_zero) ... ok
test_causal_signature (__main__.BiasCorrectionTests.test_causal_signature) ... ok
test_full_compiled_model_immutable (__main__.BiasCorrectionTests.test_full_compiled_model_immutable) ... ok
test_global_rotation_and_translation_invariance (__main__.BiasCorrectionTests.test_global_rotation_and_translation_invariance) ... ok
test_gyro_actual_weld_not_same_body (__main__.BiasCorrectionTests.test_gyro_actual_weld_not_same_body) ... ok
test_gyro_site_coordinates (__main__.BiasCorrectionTests.test_gyro_site_coordinates) ... ok
test_head_inertia_without_new_head_commands (__main__.BiasCorrectionTests.test_head_inertia_without_new_head_commands) ... ok
test_home_and_disabled_zero (__main__.BiasCorrectionTests.test_home_and_disabled_zero) ... ok
test_immutable_original_kernel_source (__main__.BiasCorrectionTests.test_immutable_original_kernel_source) ... ok
test_independent_spatial_body_recursion (__main__.BiasCorrectionTests.test_independent_spatial_body_recursion) ... ok
test_invalid_inputs (__main__.BiasCorrectionTests.test_invalid_inputs) ... ok
test_native_units (__main__.BiasCorrectionTests.test_native_units) ... ok
test_original_merge_zero_object_and_limits (__main__.BiasCorrectionTests.test_original_merge_zero_object_and_limits) ... ok
test_private_no_forward_contact_or_integration (__main__.BiasCorrectionTests.test_private_no_forward_contact_or_integration) ... ok
test_quadratic_velocity_scaling (__main__.BiasCorrectionTests.test_quadratic_velocity_scaling) ... ok
test_static_zero_and_gravity_subtraction (__main__.BiasCorrectionTests.test_static_zero_and_gravity_subtraction) ... ok
test_upvector_unused (__main__.BiasCorrectionTests.test_upvector_unused) ... ok
test_velocity_reversal_even (__main__.BiasCorrectionTests.test_velocity_reversal_even) ... ok

----------------------------------------------------------------------
Ran 20 tests in 0.866s

OK
