nohup: 忽略输入
GEN 1 SUCCESS 4 / 8 NOMINAL 1 OBJECTIVE 66.72
GEN 2 SUCCESS 4 / 8 NOMINAL 1 OBJECTIVE 66.72
GEN 3 SUCCESS 4 / 8 NOMINAL 1 OBJECTIVE 66.72
GEN 4 SUCCESS 6 / 8 NOMINAL 1 OBJECTIVE 116.38
GEN 5 SUCCESS 6 / 8 NOMINAL 1 OBJECTIVE 116.38
GEN 6 SUCCESS 6 / 8 NOMINAL 1 OBJECTIVE 116.38
GEN 7 SUCCESS 6 / 8 NOMINAL 1 OBJECTIVE 116.38
GEN 8 SUCCESS 6 / 8 NOMINAL 1 OBJECTIVE 116.38
GEN 9 SUCCESS 6 / 8 NOMINAL 1 OBJECTIVE 116.38
GEN 10 SUCCESS 6 / 8 NOMINAL 1 OBJECTIVE 116.38
GEN 11 SUCCESS 6 / 8 NOMINAL 1 OBJECTIVE 116.38
GEN 12 SUCCESS 6 / 8 NOMINAL 1 OBJECTIVE 116.38
GEN 13 SUCCESS 6 / 8 NOMINAL 1 OBJECTIVE 116.38
GEN 14 SUCCESS 6 / 8 NOMINAL 1 OBJECTIVE 116.38
GEN 15 SUCCESS 6 / 8 NOMINAL 1 OBJECTIVE 116.38
GEN 16 SUCCESS 6 / 8 NOMINAL 1 OBJECTIVE 116.38
GEN 17 SUCCESS 6 / 8 NOMINAL 1 OBJECTIVE 116.38
GEN 18 SUCCESS 6 / 8 NOMINAL 1 OBJECTIVE 116.38
GEN 19 SUCCESS 6 / 8 NOMINAL 1 OBJECTIVE 116.38
GEN 20 SUCCESS 6 / 8 NOMINAL 1 OBJECTIVE 116.38
GEN 21 SUCCESS 6 / 8 NOMINAL 1 OBJECTIVE 116.38
GEN 22 SUCCESS 6 / 8 NOMINAL 1 OBJECTIVE 116.38
GEN 23 SUCCESS 6 / 8 NOMINAL 1 OBJECTIVE 116.38
GEN 24 SUCCESS 6 / 8 NOMINAL 1 OBJECTIVE 116.38
HELDOUT None 1 1
HELDOUT 770000 0 0
HELDOUT 770001 0 0
HELDOUT 770002 0 0
HELDOUT 770003 0 0
HELDOUT 770004 0 0
HELDOUT 770005 1 0
HELDOUT 770006 1 0
HELDOUT 770007 0 0
HELDOUT 770008 0 0
HELDOUT 770009 0 0
HELDOUT 770010 0 0
HELDOUT 770011 0 0
HELDOUT 770012 0 0
HELDOUT 770013 0 0
HELDOUT 770014 0 0
HELDOUT 770015 0 0
HELDOUT 770016 0 0
HELDOUT 770017 0 0
HELDOUT 770018 0 0
HELDOUT 770019 1 0
RESULTS_SAVED /data/shijinsheng/open_duck/outputs/getup_fullfall_tracking_r67_left_20260930
