nohup: 忽略输入
SEED None BASE 1 CANDIDATE 1 TAIL 34.68
SEED 766000 BASE 1 CANDIDATE 1 TAIL 34.68
SEED 766001 BASE 0 CANDIDATE 1 TAIL 34.68
SEED 766002 BASE 1 CANDIDATE 1 TAIL 34.68
SEED 766003 BASE 1 CANDIDATE 1 TAIL 34.7
SEED 766004 BASE 0 CANDIDATE 0 TAIL 0.0
SEED 766005 BASE 1 CANDIDATE 1 TAIL 34.7
SEED 766006 BASE 1 CANDIDATE 1 TAIL 34.7
SEED 766007 BASE 1 CANDIDATE 1 TAIL 34.74
SEED 766008 BASE 1 CANDIDATE 1 TAIL 34.68
SEED 766009 BASE 1 CANDIDATE 1 TAIL 34.74
SEED 766010 BASE 1 CANDIDATE 1 TAIL 34.74
SEED 766011 BASE 1 CANDIDATE 1 TAIL 34.7
SEED 766012 BASE 1 CANDIDATE 1 TAIL 34.74
SEED 766013 BASE 1 CANDIDATE 1 TAIL 34.72
SEED 766014 BASE 1 CANDIDATE 0 TAIL 0.0
SEED 766015 BASE 1 CANDIDATE 0 TAIL 0.0
SEED 766016 BASE 1 CANDIDATE 1 TAIL 34.7
SEED 766017 BASE 0 CANDIDATE 1 TAIL 34.74
SEED 766018 BASE 1 CANDIDATE 1 TAIL 34.68
SEED 766019 BASE 1 CANDIDATE 1 TAIL 34.7
SEED 766020 BASE 1 CANDIDATE 0 TAIL 0.0
SEED 766021 BASE 0 CANDIDATE 1 TAIL 34.66
SEED 766022 BASE 1 CANDIDATE 1 TAIL 34.74
SEED 766023 BASE 1 CANDIDATE 1 TAIL 34.7
SEED 766024 BASE 1 CANDIDATE 1 TAIL 34.74
SEED 766025 BASE 1 CANDIDATE 0 TAIL 0.0
SEED 766026 BASE 1 CANDIDATE 1 TAIL 34.74
SEED 766027 BASE 1 CANDIDATE 1 TAIL 34.74
SEED 766028 BASE 1 CANDIDATE 1 TAIL 34.66
SEED 766029 BASE 1 CANDIDATE 1 TAIL 34.74
SEED 766030 BASE 1 CANDIDATE 1 TAIL 34.66
SEED 766031 BASE 0 CANDIDATE 1 TAIL 34.66
SEED 766032 BASE 0 CANDIDATE 1 TAIL 34.68
SEED 766033 BASE 1 CANDIDATE 1 TAIL 34.74
SEED 766034 BASE 1 CANDIDATE 1 TAIL 34.66
SEED 766035 BASE 1 CANDIDATE 1 TAIL 34.74
SEED 766036 BASE 1 CANDIDATE 1 TAIL 34.7
SEED 766037 BASE 1 CANDIDATE 0 TAIL 0.0
SEED 766038 BASE 1 CANDIDATE 0 TAIL 0.0
SEED 766039 BASE 1 CANDIDATE 1 TAIL 34.74
SEED 767000 BASE 0 CANDIDATE 1 TAIL 34.72
SEED 767001 BASE 1 CANDIDATE 0 TAIL 0.0
SEED 767002 BASE 1 CANDIDATE 1 TAIL 34.68
SEED 767003 BASE 1 CANDIDATE 1 TAIL 34.7
SEED 767004 BASE 1 CANDIDATE 0 TAIL 0.0
SEED 767005 BASE 1 CANDIDATE 1 TAIL 34.68
SEED 767006 BASE 1 CANDIDATE 1 TAIL 34.7
SEED 767007 BASE 1 CANDIDATE 1 TAIL 34.7
SEED 767008 BASE 0 CANDIDATE 0 TAIL 0.0
SEED 767009 BASE 1 CANDIDATE 1 TAIL 34.7
SEED 767010 BASE 1 CANDIDATE 1 TAIL 34.68
SEED 767011 BASE 1 CANDIDATE 1 TAIL 34.72
SEED 767012 BASE 1 CANDIDATE 1 TAIL 34.7
SEED 767013 BASE 1 CANDIDATE 1 TAIL 34.68
SEED 767014 BASE 0 CANDIDATE 1 TAIL 34.7
SEED 767015 BASE 1 CANDIDATE 1 TAIL 34.7
SEED 767016 BASE 1 CANDIDATE 1 TAIL 34.72
SEED 767017 BASE 0 CANDIDATE 1 TAIL 34.7
SEED 767018 BASE 0 CANDIDATE 1 TAIL 34.7
SEED 767019 BASE 1 CANDIDATE 1 TAIL 34.74
SEED 767020 BASE 1 CANDIDATE 0 TAIL 0.0
SEED 767021 BASE 1 CANDIDATE 1 TAIL 34.7
SEED 767022 BASE 1 CANDIDATE 1 TAIL 34.74
SEED 767023 BASE 1 CANDIDATE 1 TAIL 34.68
SEED 767024 BASE 0 CANDIDATE 0 TAIL 0.0
SEED 767025 BASE 1 CANDIDATE 1 TAIL 34.74
SEED 767026 BASE 1 CANDIDATE 1 TAIL 34.18
SEED 767027 BASE 1 CANDIDATE 1 TAIL 34.66
SEED 767028 BASE 1 CANDIDATE 1 TAIL 34.66
SEED 767029 BASE 1 CANDIDATE 1 TAIL 34.74
SEED 767030 BASE 0 CANDIDATE 1 TAIL 34.74
SEED 767031 BASE 1 CANDIDATE 1 TAIL 34.7
SEED 767032 BASE 1 CANDIDATE 1 TAIL 34.7
SEED 767033 BASE 1 CANDIDATE 1 TAIL 34.66
SEED 767034 BASE 1 CANDIDATE 1 TAIL 34.68
SEED 767035 BASE 1 CANDIDATE 1 TAIL 34.74
SEED 767036 BASE 1 CANDIDATE 1 TAIL 34.7
SEED 767037 BASE 1 CANDIDATE 0 TAIL 0.0
SEED 767038 BASE 1 CANDIDATE 1 TAIL 34.7
SEED 767039 BASE 1 CANDIDATE 1 TAIL 34.74
GROUPS {"heldout_r64": {"trials": 40, "baseline_successes": 34, "candidate_successes": 33, "wins": 5, "regressions": 6}, "fresh_r65": {"trials": 40, "baseline_successes": 33, "candidate_successes": 34, "wins": 5, "regressions": 4}, "combined": {"trials": 80, "baseline_successes": 67, "candidate_successes": 67, "wins": 10, "regressions": 10}}
RESULTS_SAVED /data/shijinsheng/open_duck/outputs/getup_reference_feedback_r65_long_20260930
