test_all_imported_python_sources_captured (__main__.WrapperTests.test_all_imported_python_sources_captured) ... ok
test_causal_wrapper_merge_signature (__main__.WrapperTests.test_causal_wrapper_merge_signature) ... ok
test_complete_compiled_model_hash (__main__.WrapperTests.test_complete_compiled_model_hash) ... ok
test_constructor_and_reset_preparation_separate_batches (__main__.WrapperTests.test_constructor_and_reset_preparation_separate_batches) ... ok
test_fixed_four_proposals_rng_pairing_and_no_search_extension (__main__.WrapperTests.test_fixed_four_proposals_rng_pairing_and_no_search_extension) ... ok
test_four_global_harmonics_not_nodes_or_window (__main__.WrapperTests.test_four_global_harmonics_not_nodes_or_window) ... ok
test_frozen_worker_snapshot_selector_nominal (__main__.WrapperTests.test_frozen_worker_snapshot_selector_nominal) ... ok
test_full_horizon_request_units_head_and_bounds (__main__.WrapperTests.test_full_horizon_request_units_head_and_bounds) ... ok
test_full_include_asset_manifest (__main__.WrapperTests.test_full_include_asset_manifest) ... ok
test_held_sensor_future_and_metadata_not_inputs (__main__.WrapperTests.test_held_sensor_future_and_metadata_not_inputs) ... ok
test_immutable_kernel_source (__main__.WrapperTests.test_immutable_kernel_source) ... ok
test_invalid_sensor_coefficients_control (__main__.WrapperTests.test_invalid_sensor_coefficients_control) ... ok
test_launcher_gate_requires_physical_validity_and_standard_zero (__main__.WrapperTests.test_launcher_gate_requires_physical_validity_and_standard_zero) ... ok
test_merge_total_bounds_slew_and_head (__main__.WrapperTests.test_merge_total_bounds_slew_and_head) ... ok
test_planning_previous_float32_history_and_actual_target (__main__.WrapperTests.test_planning_previous_float32_history_and_actual_target) ... ok
test_preparation_call_order_and_full_exact_parity (__main__.WrapperTests.test_preparation_call_order_and_full_exact_parity) ... ok
test_preparation_exception_partial_and_restore (__main__.WrapperTests.test_preparation_exception_partial_and_restore) ... ok
test_retention_selection_rejects_success_union_and_invalid (__main__.WrapperTests.test_retention_selection_rejects_success_union_and_invalid) ... ok
test_sensor_only_teacher_and_causal_input_signature (__main__.WrapperTests.test_sensor_only_teacher_and_causal_input_signature) ... ok
test_wrapper_actual_nominal_zero_and_control_zero (__main__.WrapperTests.test_wrapper_actual_nominal_zero_and_control_zero) ... ok
test_zero_coefficients_object_and_home (__main__.WrapperTests.test_zero_coefficients_object_and_home) ... ok

----------------------------------------------------------------------
Ran 21 tests in 1.216s

OK
