/data/shijinsheng/open_duck/projects/Open_Duck_Playground/playground/open_duck_mini_v2/xmls/scene_flat_terrain.xml
[Poly ref data] Processing ...
[Poly ref data] Done processing
joint names: ['floating_base', 'left_hip_yaw', 'left_hip_roll', 'left_hip_pitch', 'left_knee', 'left_ankle', 'neck_pitch', 'head_pitch', 'head_yaw', 'head_roll', 'right_hip_yaw', 'right_hip_roll', 'right_hip_pitch', 'right_knee', 'right_ankle']
actuator names: ['left_hip_yaw', 'left_hip_roll', 'left_hip_pitch', 'left_knee', 'left_ankle', 'neck_pitch', 'head_pitch', 'head_yaw', 'head_roll', 'right_hip_yaw', 'right_hip_roll', 'right_hip_pitch', 'right_knee', 'right_ankle']
backlash joint names: []
SEARCH INITIAL BASELINE: [{"seed": 0, "duration_s": 60.0, "fallen": false, "speed_mps": -0.08371574323123314, "lateral_m": -0.025235796756233688, "yaw_change_deg": -7.212732462752635, "heading_rms_deg": 4.936535774456129, "minimum_up_z": 0.9754077104829983, "mean_local_velocity_mps": [-0.08116690023295196, -0.0028749247869907365, 0.014260184913255937], "cost": 0.15643048638987203}, {"seed": 21, "duration_s": 60.0, "fallen": false, "speed_mps": -0.08258015893101624, "lateral_m": 0.18173214259035358, "yaw_change_deg": -0.36702970784701816, "heading_rms_deg": 5.661108145017085, "minimum_up_z": 0.9761456278477699, "mean_local_velocity_mps": [-0.08005429046646889, -0.0027486432008302663, 0.01415912904377049], "cost": 0.12654193354601856}, {"seed": 31, "duration_s": 60.0, "fallen": false, "speed_mps": -0.08218896699333897, "lateral_m": 0.015186869420154167, "yaw_change_deg": -8.066302691293568, "heading_rms_deg": 4.984514561340798, "minimum_up_z": 0.9757170051551577, "mean_local_velocity_mps": [-0.07977970349660918, -0.0034507867776474997, 0.013890393673189231], "cost": 0.13745462547175286}, {"seed": 117, "duration_s": 60.0, "fallen": false, "speed_mps": -0.08306504897786092, "lateral_m": 0.13931134335316822, "yaw_change_deg": -9.061194407062308, "heading_rms_deg": 5.353777109809169, "minimum_up_z": 0.9752051677526542, "mean_local_velocity_mps": [-0.08057698735477482, -0.002757108670965604, 0.014056777579792483], "cost": 0.17538572975804018}, {"seed": 800, "duration_s": 60.0, "fallen": false, "speed_mps": -0.08215995691836389, "lateral_m": -0.10553475863988958, "yaw_change_deg": -3.744623185012613, "heading_rms_deg": 5.411727238403686, "minimum_up_z": 0.9762820871070657, "mean_local_velocity_mps": [-0.0798656566666852, -0.00391014839540357, 0.013753582308537769], "cost": 0.11572102515093724}, {"seed": 825, "duration_s": 60.0, "fallen": false, "speed_mps": -0.0826869355368534, "lateral_m": 0.046300451464471155, "yaw_change_deg": -3.694529667354261, "heading_rms_deg": 5.975323381778676, "minimum_up_z": 0.9748193916145903, "mean_local_velocity_mps": [-0.08051869245637337, -0.002986906056060659, 0.01390174086689456], "cost": 0.12854190744346908}, {"seed": 847, "duration_s": 60.0, "fallen": false, "speed_mps": -0.08219963414272294, "lateral_m": 0.020265435108147493, "yaw_change_deg": -15.875007784515244, "heading_rms_deg": 5.4881640697825915, "minimum_up_z": 0.9748461700903924, "mean_local_velocity_mps": [-0.07969958683702277, -0.0031296949821141835, 0.014061843145032383], "cost": 0.25802623985151824}]
BEST: 0 0.2343 [{"seed": 0, "duration_s": 60.0, "fallen": false, "speed_mps": -0.08371574323123314, "lateral_m": -0.025235796756233688, "yaw_change_deg": -7.212732462752635, "heading_rms_deg": 4.936535774456129, "minimum_up_z": 0.9754077104829983, "mean_local_velocity_mps": [-0.08116690023295196, -0.0028749247869907365, 0.014260184913255937], "cost": 0.15643048638987203}, {"seed": 21, "duration_s": 60.0, "fallen": false, "speed_mps": -0.08258015893101624, "lateral_m": 0.18173214259035358, "yaw_change_deg": -0.36702970784701816, "heading_rms_deg": 5.661108145017085, "minimum_up_z": 0.9761456278477699, "mean_local_velocity_mps": [-0.08005429046646889, -0.0027486432008302663, 0.01415912904377049], "cost": 0.12654193354601856}, {"seed": 31, "duration_s": 60.0, "fallen": false, "speed_mps": -0.08218896699333897, "lateral_m": 0.015186869420154167, "yaw_change_deg": -8.066302691293568, "heading_rms_deg": 4.984514561340798, "minimum_up_z": 0.9757170051551577, "mean_local_velocity_mps": [-0.07977970349660918, -0.0034507867776474997, 0.013890393673189231], "cost": 0.13745462547175286}, {"seed": 117, "duration_s": 60.0, "fallen": false, "speed_mps": -0.08306504897786092, "lateral_m": 0.13931134335316822, "yaw_change_deg": -9.061194407062308, "heading_rms_deg": 5.353777109809169, "minimum_up_z": 0.9752051677526542, "mean_local_velocity_mps": [-0.08057698735477482, -0.002757108670965604, 0.014056777579792483], "cost": 0.17538572975804018}, {"seed": 800, "duration_s": 60.0, "fallen": false, "speed_mps": -0.08215995691836389, "lateral_m": -0.10553475863988958, "yaw_change_deg": -3.744623185012613, "heading_rms_deg": 5.411727238403686, "minimum_up_z": 0.9762820871070657, "mean_local_velocity_mps": [-0.0798656566666852, -0.00391014839540357, 0.013753582308537769], "cost": 0.11572102515093724}, {"seed": 825, "duration_s": 60.0, "fallen": false, "speed_mps": -0.0826869355368534, "lateral_m": 0.046300451464471155, "yaw_change_deg": -3.694529667354261, "heading_rms_deg": 5.975323381778676, "minimum_up_z": 0.9748193916145903, "mean_local_velocity_mps": [-0.08051869245637337, -0.002986906056060659, 0.01390174086689456], "cost": 0.12854190744346908}, {"seed": 847, "duration_s": 60.0, "fallen": false, "speed_mps": -0.08219963414272294, "lateral_m": 0.020265435108147493, "yaw_change_deg": -15.875007784515244, "heading_rms_deg": 5.4881640697825915, "minimum_up_z": 0.9748461700903924, "mean_local_velocity_mps": [-0.07969958683702277, -0.0031296949821141835, 0.014061843145032383], "cost": 0.25802623985151824}]
BEST: 0 0.2295 [{"seed": 0, "duration_s": 60.0, "fallen": false, "speed_mps": -0.08447162853242006, "lateral_m": -0.010520570272030638, "yaw_change_deg": -7.51408999874812, "heading_rms_deg": 5.138157649458036, "minimum_up_z": 0.9752032720575899, "mean_local_velocity_mps": [-0.08218623297246445, -0.003952378929820138, 0.014316065158381849], "cost": 0.17665516040558546}, {"seed": 21, "duration_s": 60.0, "fallen": false, "speed_mps": -0.08224491245147493, "lateral_m": 0.15489834369747496, "yaw_change_deg": -3.1000966963448913, "heading_rms_deg": 5.733748628300955, "minimum_up_z": 0.9761732913870389, "mean_local_velocity_mps": [-0.07980746299362336, -0.0032156860174033302, 0.014147850647295877], "cost": 0.12401726743129098}, {"seed": 31, "duration_s": 60.0, "fallen": false, "speed_mps": -0.08137277812532422, "lateral_m": 0.15975242184517033, "yaw_change_deg": -7.3734958859636786, "heading_rms_deg": 5.8768649226483305, "minimum_up_z": 0.975670985338888, "mean_local_velocity_mps": [-0.07895237324182335, -0.002909155742977176, 0.01385779140423164], "cost": 0.14030908362784472}, {"seed": 117, "duration_s": 60.0, "fallen": false, "speed_mps": -0.08436467173629388, "lateral_m": 0.07409623333224291, "yaw_change_deg": -12.17477493932369, "heading_rms_deg": 5.558795025023308, "minimum_up_z": 0.9744348451440118, "mean_local_velocity_mps": [-0.0820082560982234, -0.0029581835698012384, 0.014322861436360544], "cost": 0.23799779671031265}, {"seed": 800, "duration_s": 60.0, "fallen": false, "speed_mps": -0.08358607119555408, "lateral_m": 0.022086145569559356, "yaw_change_deg": -4.618208090403769, "heading_rms_deg": 5.109231737096807, "minimum_up_z": 0.9753881640772212, "mean_local_velocity_mps": [-0.08131360200080015, -0.003787648529627891, 0.014237260448598023], "cost": 0.13728010649240727}, {"seed": 825, "duration_s": 60.0, "fallen": false, "speed_mps": -0.0820321809188023, "lateral_m": 0.037551791520066276, "yaw_change_deg": -5.4547030545605715, "heading_rms_deg": 4.670120334061221, "minimum_up_z": 0.9768709560718924, "mean_local_velocity_mps": [-0.07994283366126777, -0.0030913174292759122, 0.013716040956798518], "cost": 0.11017856433841056}, {"seed": 847, "duration_s": 60.0, "fallen": false, "speed_mps": -0.08228080123162047, "lateral_m": -0.011512462717112228, "yaw_change_deg": -11.138412663161565, "heading_rms_deg": 5.423163915114995, "minimum_up_z": 0.974602086949345, "mean_local_velocity_mps": [-0.07997609766622144, -0.0029333396067238258, 0.013873142509540184], "cost": 0.1804342528580623}]
BEST: 0 0.191 [{"seed": 0, "duration_s": 60.0, "fallen": false, "speed_mps": -0.08233277535316647, "lateral_m": -0.0831912619292362, "yaw_change_deg": -9.438815997217702, "heading_rms_deg": 4.833681403499353, "minimum_up_z": 0.9732395042094634, "mean_local_velocity_mps": [-0.07995424476544102, -0.003240290019349593, 0.013889531311168183], "cost": 0.15537856404583986}, {"seed": 21, "duration_s": 60.0, "fallen": false, "speed_mps": -0.08389956353412395, "lateral_m": -0.05401366122350881, "yaw_change_deg": -7.315595241327004, "heading_rms_deg": 5.0877640257068135, "minimum_up_z": 0.9756859516421175, "mean_local_velocity_mps": [-0.08147969773484844, -0.003389609596058952, 0.01416101658335208], "cost": 0.16371928662176718}, {"seed": 31, "duration_s": 60.0, "fallen": false, "speed_mps": -0.08378289814147537, "lateral_m": -0.016009388176650485, "yaw_change_deg": -4.403333231864176, "heading_rms_deg": 4.653300237479304, "minimum_up_z": 0.9762395695725171, "mean_local_velocity_mps": [-0.08137054810230628, -0.003453190219589336, 0.014051774794606248], "cost": 0.13439402975652434}, {"seed": 117, "duration_s": 60.0, "fallen": false, "speed_mps": -0.08223023762275151, "lateral_m": -0.055520069433400696, "yaw_change_deg": -3.4297436214176464, "heading_rms_deg": 4.695201898362545, "minimum_up_z": 0.976686185596538, "mean_local_velocity_mps": [-0.07975830719417609, -0.0034600124392010355, 0.013883657373606148], "cost": 0.10340378772868483}, {"seed": 800, "duration_s": 60.0, "fallen": false, "speed_mps": -0.083857972472864, "lateral_m": 0.07779225316949683, "yaw_change_deg": -6.423826849678537, "heading_rms_deg": 5.228774898808685, "minimum_up_z": 0.9745648397923669, "mean_local_velocity_mps": [-0.08140910365637717, -0.0035726983130841207, 0.01424358650057558], "cost": 0.15847741009210517}, {"seed": 825, "duration_s": 60.0, "fallen": false, "speed_mps": -0.08269518760545257, "lateral_m": 0.051817113549414734, "yaw_change_deg": -5.741601031887544, "heading_rms_deg": 5.348489441072783, "minimum_up_z": 0.9749384202022264, "mean_local_velocity_mps": [-0.08039692273714456, -0.0037958231607391644, 0.01402631063828033], "cost": 0.13202436711165758}, {"seed": 847, "duration_s": 60.0, "fallen": false, "speed_mps": -0.08240459813363318, "lateral_m": 0.03966913248629454, "yaw_change_deg": -8.544345205969925, "heading_rms_deg": 4.946639344740095, "minimum_up_z": 0.9765571287627767, "mean_local_velocity_mps": [-0.07990977163656136, -0.002383984113874853, 0.01387147303722528], "cost": 0.14595708579529773}]
BEST: 0 0.1866 [{"seed": 0, "duration_s": 60.0, "fallen": false, "speed_mps": -0.0798529624744859, "lateral_m": 0.1242845882920663, "yaw_change_deg": -9.881103914689234, "heading_rms_deg": 5.381971493102586, "minimum_up_z": 0.9752182257984212, "mean_local_velocity_mps": [-0.07736855440797882, -0.002491045638886245, 0.013399893052436542], "cost": 0.13569119597024218}, {"seed": 21, "duration_s": 60.0, "fallen": false, "speed_mps": -0.08050882908763489, "lateral_m": 0.06579292740361423, "yaw_change_deg": -1.7339140637851242, "heading_rms_deg": 5.664238201529041, "minimum_up_z": 0.9758827023624335, "mean_local_velocity_mps": [-0.07825248003506041, -0.002471176063689301, 0.01348445437730687], "cost": 0.08543450984919088}, {"seed": 31, "duration_s": 60.0, "fallen": false, "speed_mps": -0.08219616091777765, "lateral_m": -0.05322303770467873, "yaw_change_deg": -7.373684493754607, "heading_rms_deg": 5.655852904364448, "minimum_up_z": 0.9760492353133099, "mean_local_velocity_mps": [-0.07989966834848136, -0.0038707944126401446, 0.013935097992312509], "cost": 0.14081715124979818}, {"seed": 117, "duration_s": 60.0, "fallen": false, "speed_mps": -0.08232162124819084, "lateral_m": 0.0669639353363395, "yaw_change_deg": -5.7765642273374755, "heading_rms_deg": 5.273624344359631, "minimum_up_z": 0.9755239162892839, "mean_local_velocity_mps": [-0.07988077457204805, -0.003227103473071071, 0.013784831990163284], "cost": 0.12567396509439432}, {"seed": 800, "duration_s": 60.0, "fallen": false, "speed_mps": -0.0837481899583393, "lateral_m": -0.07900589593743143, "yaw_change_deg": -8.756824580225665, "heading_rms_deg": 5.570616889395334, "minimum_up_z": 0.9754425893640862, "mean_local_velocity_mps": [-0.08153222380915716, -0.0035079033307832213, 0.01420484615649296], "cost": 0.1824773480710741}, {"seed": 825, "duration_s": 60.0, "fallen": false, "speed_mps": -0.08275614291884469, "lateral_m": 0.07089674315926843, "yaw_change_deg": -2.166419044058698, "heading_rms_deg": 5.081959940542107, "minimum_up_z": 0.9752200982072592, "mean_local_velocity_mps": [-0.08036471935515221, -0.003612146223395735, 0.01414852821302517], "cost": 0.1134262257439867}, {"seed": 847, "duration_s": 60.0, "fallen": false, "speed_mps": -0.0830215901864527, "lateral_m": -0.0007889252514265285, "yaw_change_deg": -6.283120695037615, "heading_rms_deg": 5.281411465820827, "minimum_up_z": 0.9753713069874133, "mean_local_velocity_mps": [-0.08066414363269647, -0.004407168677518967, 0.014167115423790148], "cost": 0.13981611279089473}]
BEST: 0 0.1716 [{"seed": 0, "duration_s": 60.0, "fallen": false, "speed_mps": -0.08403088617343363, "lateral_m": 0.05916405056355846, "yaw_change_deg": -7.609323469225335, "heading_rms_deg": 5.196278355930598, "minimum_up_z": 0.9749106192431408, "mean_local_velocity_mps": [-0.08145940065590872, -0.00330384057132893, 0.014237051917832921], "cost": 0.1706037339929753}, {"seed": 21, "duration_s": 60.0, "fallen": false, "speed_mps": -0.08236864705242829, "lateral_m": -0.036729088325105706, "yaw_change_deg": -6.8507222693202126, "heading_rms_deg": 4.585311468093027, "minimum_up_z": 0.9748100304248818, "mean_local_velocity_mps": [-0.07994542957002759, -0.003167198162452633, 0.013807529577906638], "cost": 0.12518146691579166}, {"seed": 31, "duration_s": 60.0, "fallen": false, "speed_mps": -0.08308820311234054, "lateral_m": 0.07422507702831015, "yaw_change_deg": -4.886468594046693, "heading_rms_deg": 5.6664152032002715, "minimum_up_z": 0.9752502742650885, "mean_local_velocity_mps": [-0.08063773257891134, -0.003887490430913882, 0.01412843395200484], "cost": 0.1388896793375473}, {"seed": 117, "duration_s": 60.0, "fallen": false, "speed_mps": -0.08082825011752393, "lateral_m": 0.054292879275971206, "yaw_change_deg": -7.087770202379851, "heading_rms_deg": 4.906652236713688, "minimum_up_z": 0.9751459362335995, "mean_local_velocity_mps": [-0.0783411659945066, -0.0033212499247845745, 0.01367820088652007], "cost": 0.10815046828282245}, {"seed": 800, "duration_s": 60.0, "fallen": false, "speed_mps": -0.08021090813439674, "lateral_m": 0.0010977350033628153, "yaw_change_deg": -3.4161109534632916, "heading_rms_deg": 5.76598526298033, "minimum_up_z": 0.9766395805455736, "mean_local_velocity_mps": [-0.07778780038064925, -0.0027056896891731624, 0.013464117002686118], "cost": 0.08658397224122384}, {"seed": 825, "duration_s": 60.0, "fallen": false, "speed_mps": -0.08133702127599157, "lateral_m": 0.11450886777970415, "yaw_change_deg": -4.725120283334753, "heading_rms_deg": 5.036529790347223, "minimum_up_z": 0.9770119493909415, "mean_local_velocity_mps": [-0.07893085286331458, -0.002397066473851583, 0.013782224741226888], "cost": 0.10405219430799847}, {"seed": 847, "duration_s": 60.0, "fallen": false, "speed_mps": -0.08255577629630793, "lateral_m": 0.08273595416861694, "yaw_change_deg": -1.9331738812561514, "heading_rms_deg": 5.0341912990157525, "minimum_up_z": 0.9753670437193491, "mean_local_velocity_mps": [-0.08000478632597112, -0.0026631462438879497, 0.013999508884364865], "cost": 0.10952425735928087}]
GENERATION COMPLETE: 0 best: 0.17160765911755543 elapsed: 133.8
GENERATION COMPLETE: 1 best: 0.17160765911755543 elapsed: 218.9
BEST: 2 0.161 [{"seed": 0, "duration_s": 60.0, "fallen": false, "speed_mps": -0.08230295884415027, "lateral_m": -0.10201022847542279, "yaw_change_deg": -7.853308333797809, "heading_rms_deg": 5.157475080320859, "minimum_up_z": 0.9746740610698946, "mean_local_velocity_mps": [-0.07996918805526085, -0.003216455188475588, 0.013929764802039061], "cost": 0.14353549024762569}, {"seed": 21, "duration_s": 60.0, "fallen": false, "speed_mps": -0.0829454335845701, "lateral_m": 0.02127852938094658, "yaw_change_deg": -3.965201467499732, "heading_rms_deg": 5.627601193755213, "minimum_up_z": 0.9736629402439329, "mean_local_velocity_mps": [-0.08073231158712829, -0.004089530085686659, 0.014249905654550097], "cost": 0.1287607109559503}, {"seed": 31, "duration_s": 60.0, "fallen": false, "speed_mps": -0.08211395144903293, "lateral_m": -0.01685141085488901, "yaw_change_deg": -4.476657623769685, "heading_rms_deg": 5.229183638701103, "minimum_up_z": 0.9749736178745382, "mean_local_velocity_mps": [-0.07963370607449384, -0.003006883158240159, 0.014184869799850574], "cost": 0.11186755936473547}, {"seed": 117, "duration_s": 60.0, "fallen": false, "speed_mps": -0.08348118842065523, "lateral_m": -0.048941122778367506, "yaw_change_deg": -3.6493443143631663, "heading_rms_deg": 4.996687403952804, "minimum_up_z": 0.9687311959127315, "mean_local_velocity_mps": [-0.08118616250534264, -0.0034809034787638415, 0.014248168304155135], "cost": 0.12978844321232705}, {"seed": 800, "duration_s": 60.0, "fallen": false, "speed_mps": -0.08271164692772973, "lateral_m": -0.11152401004737339, "yaw_change_deg": -4.301828583753189, "heading_rms_deg": 4.790996165473938, "minimum_up_z": 0.973411526981835, "mean_local_velocity_mps": [-0.08031599817909536, -0.0034478795485837813, 0.014048256359139803], "cost": 0.12057125527510316}, {"seed": 825, "duration_s": 60.0, "fallen": false, "speed_mps": -0.08271687970467381, "lateral_m": -0.04975229427763624, "yaw_change_deg": -4.23301607575287, "heading_rms_deg": 4.79479506896274, "minimum_up_z": 0.9753900484309299, "mean_local_velocity_mps": [-0.08027970592837977, -0.0038115816463352805, 0.013944016197928911], "cost": 0.11630620116883608}, {"seed": 847, "duration_s": 60.0, "fallen": false, "speed_mps": -0.08007204659330279, "lateral_m": -0.10850653394336682, "yaw_change_deg": 0.9469600920793191, "heading_rms_deg": 5.124223565022327, "minimum_up_z": 0.9755925537886463, "mean_local_velocity_mps": [-0.07772587398817206, -0.003180400261599331, 0.013573975864928685], "cost": 0.0745766178753835}]
GENERATION COMPLETE: 2 best: 0.16097582965999646 elapsed: 303.4
GENERATION COMPLETE: 3 best: 0.16097582965999646 elapsed: 385.7
BEST: 4 0.1377 [{"seed": 0, "duration_s": 60.0, "fallen": false, "speed_mps": -0.08143176216168772, "lateral_m": -0.035626560444408095, "yaw_change_deg": -3.7471200571398815, "heading_rms_deg": 4.801220165438453, "minimum_up_z": 0.9737712601995735, "mean_local_velocity_mps": [-0.07895003051535052, -0.003279187751760232, 0.013770154648020562], "cost": 0.09277668114230919}, {"seed": 21, "duration_s": 60.0, "fallen": false, "speed_mps": -0.08283573586180866, "lateral_m": -0.029968567385668887, "yaw_change_deg": -3.4651578392907383, "heading_rms_deg": 5.146681051965762, "minimum_up_z": 0.9748099480687134, "mean_local_velocity_mps": [-0.08044324593792869, -0.003394675875983489, 0.014209151133128092], "cost": 0.1184136812943232}, {"seed": 31, "duration_s": 60.0, "fallen": false, "speed_mps": -0.08193429826880433, "lateral_m": -0.04846705105092542, "yaw_change_deg": -0.16589648087238365, "heading_rms_deg": 4.484233317566864, "minimum_up_z": 0.974085139516508, "mean_local_velocity_mps": [-0.07942432492961198, -0.003414967532110303, 0.01387717298263814], "cost": 0.08881303097086506}, {"seed": 117, "duration_s": 60.0, "fallen": false, "speed_mps": -0.08181517795880902, "lateral_m": -0.061105986338681764, "yaw_change_deg": -3.71350200374791, "heading_rms_deg": 4.504762635397795, "minimum_up_z": 0.9741615940128698, "mean_local_velocity_mps": [-0.07934971094829679, -0.0026350268410210557, 0.013907747605910882], "cost": 0.0961084453406675}, {"seed": 800, "duration_s": 60.0, "fallen": false, "speed_mps": -0.0816979023349258, "lateral_m": 0.07680614414502022, "yaw_change_deg": -5.286003107007095, "heading_rms_deg": 5.010105568336318, "minimum_up_z": 0.9753331899962393, "mean_local_velocity_mps": [-0.07927998171118755, -0.0030649858291766567, 0.013815685640618216], "cost": 0.10964827966416285}, {"seed": 825, "duration_s": 60.0, "fallen": false, "speed_mps": -0.08143937262575782, "lateral_m": -0.00838461013307053, "yaw_change_deg": -4.125126558124649, "heading_rms_deg": 5.148356391990299, "minimum_up_z": 0.9773151689385461, "mean_local_velocity_mps": [-0.07916335875230818, -0.003091859725090089, 0.013707540547088882], "cost": 0.09842466869217723}, {"seed": 847, "duration_s": 60.0, "fallen": false, "speed_mps": -0.0815816152320525, "lateral_m": -0.06447644607490674, "yaw_change_deg": -6.19949575271631, "heading_rms_deg": 4.789705899354027, "minimum_up_z": 0.9752191095445185, "mean_local_velocity_mps": [-0.07905521924214937, -0.0036020312947382593, 0.013805409506008384], "cost": 0.11092485717071958}]
GENERATION COMPLETE: 4 best: 0.13768262499904332 elapsed: 468.4
GENERATION COMPLETE: 5 best: 0.13768262499904332 elapsed: 554.0
/data/shijinsheng/open_duck/projects/Open_Duck_Playground/playground/open_duck_mini_v2/xmls/scene_flat_terrain.xml
[Poly ref data] Processing ...
[Poly ref data] Done processing
joint names: ['floating_base', 'left_hip_yaw', 'left_hip_roll', 'left_hip_pitch', 'left_knee', 'left_ankle', 'neck_pitch', 'head_pitch', 'head_yaw', 'head_roll', 'right_hip_yaw', 'right_hip_roll', 'right_hip_pitch', 'right_knee', 'right_ankle']
actuator names: ['left_hip_yaw', 'left_hip_roll', 'left_hip_pitch', 'left_knee', 'left_ankle', 'neck_pitch', 'head_pitch', 'head_yaw', 'head_roll', 'right_hip_yaw', 'right_hip_roll', 'right_hip_pitch', 'right_knee', 'right_ankle']
backlash joint names: []
/data/shijinsheng/open_duck/projects/Open_Duck_Playground/playground/open_duck_mini_v2/xmls/scene_flat_terrain.xml
[Poly ref data] Processing ...
[Poly ref data] Done processing
joint names: ['floating_base', 'left_hip_yaw', 'left_hip_roll', 'left_hip_pitch', 'left_knee', 'left_ankle', 'neck_pitch', 'head_pitch', 'head_yaw', 'head_roll', 'right_hip_yaw', 'right_hip_roll', 'right_hip_pitch', 'right_knee', 'right_ankle']
actuator names: ['left_hip_yaw', 'left_hip_roll', 'left_hip_pitch', 'left_knee', 'left_ankle', 'neck_pitch', 'head_pitch', 'head_yaw', 'head_roll', 'right_hip_yaw', 'right_hip_roll', 'right_hip_pitch', 'right_knee', 'right_ankle']
backlash joint names: []
/data/shijinsheng/open_duck/projects/Open_Duck_Playground/playground/open_duck_mini_v2/xmls/scene_flat_terrain.xml
[Poly ref data] Processing ...
[Poly ref data] Done processing
joint names: ['floating_base', 'left_hip_yaw', 'left_hip_roll', 'left_hip_pitch', 'left_knee', 'left_ankle', 'neck_pitch', 'head_pitch', 'head_yaw', 'head_roll', 'right_hip_yaw', 'right_hip_roll', 'right_hip_pitch', 'right_knee', 'right_ankle']
actuator names: ['left_hip_yaw', 'left_hip_roll', 'left_hip_pitch', 'left_knee', 'left_ankle', 'neck_pitch', 'head_pitch', 'head_yaw', 'head_roll', 'right_hip_yaw', 'right_hip_roll', 'right_hip_pitch', 'right_knee', 'right_ankle']
backlash joint names: []
/data/shijinsheng/open_duck/projects/Open_Duck_Playground/playground/open_duck_mini_v2/xmls/scene_flat_terrain.xml
[Poly ref data] Processing ...
[Poly ref data] Done processing
joint names: ['floating_base', 'left_hip_yaw', 'left_hip_roll', 'left_hip_pitch', 'left_knee', 'left_ankle', 'neck_pitch', 'head_pitch', 'head_yaw', 'head_roll', 'right_hip_yaw', 'right_hip_roll', 'right_hip_pitch', 'right_knee', 'right_ankle']
actuator names: ['left_hip_yaw', 'left_hip_roll', 'left_hip_pitch', 'left_knee', 'left_ankle', 'neck_pitch', 'head_pitch', 'head_yaw', 'head_roll', 'right_hip_yaw', 'right_hip_roll', 'right_hip_pitch', 'right_knee', 'right_ankle']
backlash joint names: []
/data/shijinsheng/open_duck/projects/Open_Duck_Playground/playground/open_duck_mini_v2/xmls/scene_flat_terrain.xml
[Poly ref data] Processing ...
[Poly ref data] Done processing
joint names: ['floating_base', 'left_hip_yaw', 'left_hip_roll', 'left_hip_pitch', 'left_knee', 'left_ankle', 'neck_pitch', 'head_pitch', 'head_yaw', 'head_roll', 'right_hip_yaw', 'right_hip_roll', 'right_hip_pitch', 'right_knee', 'right_ankle']
actuator names: ['left_hip_yaw', 'left_hip_roll', 'left_hip_pitch', 'left_knee', 'left_ankle', 'neck_pitch', 'head_pitch', 'head_yaw', 'head_roll', 'right_hip_yaw', 'right_hip_roll', 'right_hip_pitch', 'right_knee', 'right_ankle']
backlash joint names: []
/data/shijinsheng/open_duck/projects/Open_Duck_Playground/playground/open_duck_mini_v2/xmls/scene_flat_terrain.xml
[Poly ref data] Processing ...
[Poly ref data] Done processing
joint names: ['floating_base', 'left_hip_yaw', 'left_hip_roll', 'left_hip_pitch', 'left_knee', 'left_ankle', 'neck_pitch', 'head_pitch', 'head_yaw', 'head_roll', 'right_hip_yaw', 'right_hip_roll', 'right_hip_pitch', 'right_knee', 'right_ankle']
actuator names: ['left_hip_yaw', 'left_hip_roll', 'left_hip_pitch', 'left_knee', 'left_ankle', 'neck_pitch', 'head_pitch', 'head_yaw', 'head_roll', 'right_hip_yaw', 'right_hip_roll', 'right_hip_pitch', 'right_knee', 'right_ankle']
backlash joint names: []
/data/shijinsheng/open_duck/projects/Open_Duck_Playground/playground/open_duck_mini_v2/xmls/scene_flat_terrain.xml
[Poly ref data] Processing ...
[Poly ref data] Done processing
joint names: ['floating_base', 'left_hip_yaw', 'left_hip_roll', 'left_hip_pitch', 'left_knee', 'left_ankle', 'neck_pitch', 'head_pitch', 'head_yaw', 'head_roll', 'right_hip_yaw', 'right_hip_roll', 'right_hip_pitch', 'right_knee', 'right_ankle']
actuator names: ['left_hip_yaw', 'left_hip_roll', 'left_hip_pitch', 'left_knee', 'left_ankle', 'neck_pitch', 'head_pitch', 'head_yaw', 'head_roll', 'right_hip_yaw', 'right_hip_roll', 'right_hip_pitch', 'right_knee', 'right_ankle']
backlash joint names: []
/data/shijinsheng/open_duck/projects/Open_Duck_Playground/playground/open_duck_mini_v2/xmls/scene_flat_terrain.xml
[Poly ref data] Processing ...
[Poly ref data] Done processing
joint names: ['floating_base', 'left_hip_yaw', 'left_hip_roll', 'left_hip_pitch', 'left_knee', 'left_ankle', 'neck_pitch', 'head_pitch', 'head_yaw', 'head_roll', 'right_hip_yaw', 'right_hip_roll', 'right_hip_pitch', 'right_knee', 'right_ankle']
actuator names: ['left_hip_yaw', 'left_hip_roll', 'left_hip_pitch', 'left_knee', 'left_ankle', 'neck_pitch', 'head_pitch', 'head_yaw', 'head_roll', 'right_hip_yaw', 'right_hip_roll', 'right_hip_pitch', 'right_knee', 'right_ankle']
backlash joint names: []
EXPORTED /data/shijinsheng/open_duck/training/backward_filtered_heading_r20/export_final/corrector.onnx MAX ERROR RAD: 1.4423413713382516e-08
/data/shijinsheng/open_duck/projects/Open_Duck_Playground/playground/open_duck_mini_v2/xmls/scene_flat_terrain.xml
[Poly ref data] Processing ...
[Poly ref data] Done processing
joint names: ['floating_base', 'left_hip_yaw', 'left_hip_roll', 'left_hip_pitch', 'left_knee', 'left_ankle', 'neck_pitch', 'head_pitch', 'head_yaw', 'head_roll', 'right_hip_yaw', 'right_hip_roll', 'right_hip_pitch', 'right_knee', 'right_ankle']
actuator names: ['left_hip_yaw', 'left_hip_roll', 'left_hip_pitch', 'left_knee', 'left_ankle', 'neck_pitch', 'head_pitch', 'head_yaw', 'head_roll', 'right_hip_yaw', 'right_hip_roll', 'right_hip_pitch', 'right_knee', 'right_ankle']
backlash joint names: []
/data/shijinsheng/open_duck/projects/Open_Duck_Playground/playground/open_duck_mini_v2/xmls/scene_flat_terrain.xml
[Poly ref data] Processing ...
[Poly ref data] Done processing
joint names: ['floating_base', 'left_hip_yaw', 'left_hip_roll', 'left_hip_pitch', 'left_knee', 'left_ankle', 'neck_pitch', 'head_pitch', 'head_yaw', 'head_roll', 'right_hip_yaw', 'right_hip_roll', 'right_hip_pitch', 'right_knee', 'right_ankle']
actuator names: ['left_hip_yaw', 'left_hip_roll', 'left_hip_pitch', 'left_knee', 'left_ankle', 'neck_pitch', 'head_pitch', 'head_yaw', 'head_roll', 'right_hip_yaw', 'right_hip_roll', 'right_hip_pitch', 'right_knee', 'right_ankle']
backlash joint names: []
/data/shijinsheng/open_duck/projects/Open_Duck_Playground/playground/open_duck_mini_v2/xmls/scene_flat_terrain.xml
[Poly ref data] Processing ...
[Poly ref data] Done processing
joint names: ['floating_base', 'left_hip_yaw', 'left_hip_roll', 'left_hip_pitch', 'left_knee', 'left_ankle', 'neck_pitch', 'head_pitch', 'head_yaw', 'head_roll', 'right_hip_yaw', 'right_hip_roll', 'right_hip_pitch', 'right_knee', 'right_ankle']
actuator names: ['left_hip_yaw', 'left_hip_roll', 'left_hip_pitch', 'left_knee', 'left_ankle', 'neck_pitch', 'head_pitch', 'head_yaw', 'head_roll', 'right_hip_yaw', 'right_hip_roll', 'right_hip_pitch', 'right_knee', 'right_ankle']
backlash joint names: []
/data/shijinsheng/open_duck/projects/Open_Duck_Playground/playground/open_duck_mini_v2/xmls/scene_flat_terrain.xml
[Poly ref data] Processing ...
[Poly ref data] Done processing
joint names: ['floating_base', 'left_hip_yaw', 'left_hip_roll', 'left_hip_pitch', 'left_knee', 'left_ankle', 'neck_pitch', 'head_pitch', 'head_yaw', 'head_roll', 'right_hip_yaw', 'right_hip_roll', 'right_hip_pitch', 'right_knee', 'right_ankle']
actuator names: ['left_hip_yaw', 'left_hip_roll', 'left_hip_pitch', 'left_knee', 'left_ankle', 'neck_pitch', 'head_pitch', 'head_yaw', 'head_roll', 'right_hip_yaw', 'right_hip_roll', 'right_hip_pitch', 'right_knee', 'right_ankle']
backlash joint names: []
/data/shijinsheng/open_duck/projects/Open_Duck_Playground/playground/open_duck_mini_v2/xmls/scene_flat_terrain.xml
[Poly ref data] Processing ...
[Poly ref data] Done processing
joint names: ['floating_base', 'left_hip_yaw', 'left_hip_roll', 'left_hip_pitch', 'left_knee', 'left_ankle', 'neck_pitch', 'head_pitch', 'head_yaw', 'head_roll', 'right_hip_yaw', 'right_hip_roll', 'right_hip_pitch', 'right_knee', 'right_ankle']
actuator names: ['left_hip_yaw', 'left_hip_roll', 'left_hip_pitch', 'left_knee', 'left_ankle', 'neck_pitch', 'head_pitch', 'head_yaw', 'head_roll', 'right_hip_yaw', 'right_hip_roll', 'right_hip_pitch', 'right_knee', 'right_ankle']
backlash joint names: []
/data/shijinsheng/open_duck/projects/Open_Duck_Playground/playground/open_duck_mini_v2/xmls/scene_flat_terrain.xml
[Poly ref data] Processing ...
[Poly ref data] Done processing
joint names: ['floating_base', 'left_hip_yaw', 'left_hip_roll', 'left_hip_pitch', 'left_knee', 'left_ankle', 'neck_pitch', 'head_pitch', 'head_yaw', 'head_roll', 'right_hip_yaw', 'right_hip_roll', 'right_hip_pitch', 'right_knee', 'right_ankle']
actuator names: ['left_hip_yaw', 'left_hip_roll', 'left_hip_pitch', 'left_knee', 'left_ankle', 'neck_pitch', 'head_pitch', 'head_yaw', 'head_roll', 'right_hip_yaw', 'right_hip_roll', 'right_hip_pitch', 'right_knee', 'right_ankle']
backlash joint names: []
/data/shijinsheng/open_duck/projects/Open_Duck_Playground/playground/open_duck_mini_v2/xmls/scene_flat_terrain.xml
[Poly ref data] Processing ...
[Poly ref data] Done processing
joint names: ['floating_base', 'left_hip_yaw', 'left_hip_roll', 'left_hip_pitch', 'left_knee', 'left_ankle', 'neck_pitch', 'head_pitch', 'head_yaw', 'head_roll', 'right_hip_yaw', 'right_hip_roll', 'right_hip_pitch', 'right_knee', 'right_ankle']
actuator names: ['left_hip_yaw', 'left_hip_roll', 'left_hip_pitch', 'left_knee', 'left_ankle', 'neck_pitch', 'head_pitch', 'head_yaw', 'head_roll', 'right_hip_yaw', 'right_hip_roll', 'right_hip_pitch', 'right_knee', 'right_ankle']
backlash joint names: []
/data/shijinsheng/open_duck/projects/Open_Duck_Playground/playground/open_duck_mini_v2/xmls/scene_flat_terrain.xml
[Poly ref data] Processing ...
[Poly ref data] Done processing
joint names: ['floating_base', 'left_hip_yaw', 'left_hip_roll', 'left_hip_pitch', 'left_knee', 'left_ankle', 'neck_pitch', 'head_pitch', 'head_yaw', 'head_roll', 'right_hip_yaw', 'right_hip_roll', 'right_hip_pitch', 'right_knee', 'right_ankle']
actuator names: ['left_hip_yaw', 'left_hip_roll', 'left_hip_pitch', 'left_knee', 'left_ankle', 'neck_pitch', 'head_pitch', 'head_yaw', 'head_roll', 'right_hip_yaw', 'right_hip_roll', 'right_hip_pitch', 'right_knee', 'right_ankle']
backlash joint names: []
/data/shijinsheng/open_duck/projects/Open_Duck_Playground/playground/open_duck_mini_v2/xmls/scene_flat_terrain.xml
[Poly ref data] Processing ...
[Poly ref data] Done processing
joint names: ['floating_base', 'left_hip_yaw', 'left_hip_roll', 'left_hip_pitch', 'left_knee', 'left_ankle', 'neck_pitch', 'head_pitch', 'head_yaw', 'head_roll', 'right_hip_yaw', 'right_hip_roll', 'right_hip_pitch', 'right_knee', 'right_ankle']
actuator names: ['left_hip_yaw', 'left_hip_roll', 'left_hip_pitch', 'left_knee', 'left_ankle', 'neck_pitch', 'head_pitch', 'head_yaw', 'head_roll', 'right_hip_yaw', 'right_hip_roll', 'right_hip_pitch', 'right_knee', 'right_ankle']
backlash joint names: []
{"seed": 1200, "duration_s": 60.0, "fallen": false, "speed_mps": -0.08232819968269903, "lateral_m": -0.07395935949082133, "yaw_change_deg": -1.5540524196365548, "heading_rms_deg": 5.331277213594918, "minimum_up_z": 0.9757047705412011, "mean_local_velocity_mps": [-0.07997471226771835, -0.0034319732904560226, 0.013871582486823743], "cost": 0.10807050608131867}
{"seed": 1201, "duration_s": 60.0, "fallen": false, "speed_mps": -0.08273802803880813, "lateral_m": -0.04853778593938619, "yaw_change_deg": -4.463187934758518, "heading_rms_deg": 4.695985428230592, "minimum_up_z": 0.9754692751643065, "mean_local_velocity_mps": [-0.08033885737556229, -0.0030786703513971574, 0.013915678018532574], "cost": 0.11670370031091877}
{"seed": 1202, "duration_s": 60.0, "fallen": false, "speed_mps": -0.0835089165212799, "lateral_m": -0.10606311058162002, "yaw_change_deg": -6.047340856400164, "heading_rms_deg": 4.649940016376294, "minimum_up_z": 0.9734789205752339, "mean_local_velocity_mps": [-0.08100492415030677, -0.003272994461950401, 0.014045197849059533], "cost": 0.14399870935518155}
{"seed": 1203, "duration_s": 60.0, "fallen": false, "speed_mps": -0.08349965101163773, "lateral_m": -0.0116322621725978, "yaw_change_deg": -6.579923937783427, "heading_rms_deg": 4.647843844496273, "minimum_up_z": 0.9733486950249856, "mean_local_velocity_mps": [-0.08109941522423858, -0.0038098137399089496, 0.014227655367957462], "cost": 0.14338576724050625}
{"seed": 1204, "duration_s": 60.0, "fallen": false, "speed_mps": -0.08102452817872134, "lateral_m": -0.09538138268567287, "yaw_change_deg": -2.9087255043033715, "heading_rms_deg": 4.8179528118008825, "minimum_up_z": 0.9737461399425705, "mean_local_velocity_mps": [-0.07853216207930169, -0.0031504548952117554, 0.01374311928783752], "cost": 0.08686287382318443}
{"seed": 1205, "duration_s": 60.0, "fallen": false, "speed_mps": -0.08342732503717636, "lateral_m": 0.050077710130227986, "yaw_change_deg": -7.628415020367226, "heading_rms_deg": 5.107912034354735, "minimum_up_z": 0.9761656503125185, "mean_local_velocity_mps": [-0.0808910496756134, -0.0035824681558985884, 0.014339062826219256], "cost": 0.15752446677321005}
{"seed": 1206, "duration_s": 60.0, "fallen": false, "speed_mps": -0.08246185888084957, "lateral_m": 0.0073305485425340985, "yaw_change_deg": -7.09177415009691, "heading_rms_deg": 4.891300998741167, "minimum_up_z": 0.973443848149356, "mean_local_velocity_mps": [-0.08014116578442498, -0.0032355168075876174, 0.013968444010097354], "cost": 0.13180543277305662}
{"seed": 1207, "duration_s": 60.0, "fallen": false, "speed_mps": -0.0818164471476344, "lateral_m": -0.010488322037750533, "yaw_change_deg": -8.133368799543119, "heading_rms_deg": 4.957087033683057, "minimum_up_z": 0.9755288724631851, "mean_local_velocity_mps": [-0.07939615583127986, -0.0027701402172281278, 0.01380597509801921], "cost": 0.13177299365984485}
{"seed": 1208, "duration_s": 60.0, "fallen": false, "speed_mps": -0.08241978926770085, "lateral_m": 0.008774976354473786, "yaw_change_deg": -8.94245742267533, "heading_rms_deg": 4.9527104763490435, "minimum_up_z": 0.975650026453988, "mean_local_velocity_mps": [-0.07986323441538462, -0.003851417081028532, 0.013913574137580289], "cost": 0.14991986054307777}
{"seed": 1209, "duration_s": 60.0, "fallen": false, "speed_mps": -0.08223567032672856, "lateral_m": -0.12070713798321119, "yaw_change_deg": 3.778347348303719, "heading_rms_deg": 5.193564621727133, "minimum_up_z": 0.9735338782526816, "mean_local_velocity_mps": [-0.08003280173216458, -0.0030517566741574123, 0.013895565205675895], "cost": 0.11569081257106242}
{"seed": 1210, "duration_s": 60.0, "fallen": false, "speed_mps": -0.08071923832460323, "lateral_m": 0.022313220959129902, "yaw_change_deg": -7.606075837570157, "heading_rms_deg": 4.697736118584514, "minimum_up_z": 0.9754675714516604, "mean_local_velocity_mps": [-0.07809241405010826, -0.002347418400068265, 0.013506259939826413], "cost": 0.10787446108554063}
{"seed": 1211, "duration_s": 60.0, "fallen": false, "speed_mps": -0.0824002797427339, "lateral_m": 0.039073992930052454, "yaw_change_deg": -11.115781517240958, "heading_rms_deg": 4.780693723451365, "minimum_up_z": 0.9753202600622115, "mean_local_velocity_mps": [-0.07979531150737738, -0.0027196151615720716, 0.014128838371467578], "cost": 0.1746983576438811}
{"seed": 1212, "duration_s": 60.0, "fallen": false, "speed_mps": -0.08304935051293533, "lateral_m": 0.07641284970913972, "yaw_change_deg": -8.452890366484377, "heading_rms_deg": 5.186077565395539, "minimum_up_z": 0.9767771989592435, "mean_local_velocity_mps": [-0.08061181277082252, -0.003019086115779358, 0.014177805002618622], "cost": 0.16095061961257082}
{"seed": 1213, "duration_s": 60.0, "fallen": false, "speed_mps": -0.08203886211936116, "lateral_m": -0.10635689516901772, "yaw_change_deg": -2.9406865239734965, "heading_rms_deg": 5.62609360145038, "minimum_up_z": 0.974143792891782, "mean_local_velocity_mps": [-0.07967638074123151, -0.003072752853359806, 0.013871876267721052], "cost": 0.11343882052127587}
{"seed": 1214, "duration_s": 60.0, "fallen": false, "speed_mps": -0.08306506610158265, "lateral_m": 0.00540539484103049, "yaw_change_deg": -7.955159568218359, "heading_rms_deg": 5.107651888406741, "minimum_up_z": 0.9745567435204083, "mean_local_velocity_mps": [-0.080651144034089, -0.0031709537248977124, 0.014135870751255433], "cost": 0.15291849898793228}
{"seed": 1215, "duration_s": 60.0, "fallen": false, "speed_mps": -0.08126417459476959, "lateral_m": -0.07417661215078253, "yaw_change_deg": -10.07976385817529, "heading_rms_deg": 5.4419286650691845, "minimum_up_z": 0.9752756325509208, "mean_local_velocity_mps": [-0.0790394314435977, -0.0032892295825935583, 0.013710275693876554], "cost": 0.15337329935504743}
{"seed": 1216, "duration_s": 60.0, "fallen": false, "speed_mps": -0.08175914982202778, "lateral_m": -0.02242202273185181, "yaw_change_deg": -6.663988522283234, "heading_rms_deg": 5.178333278862998, "minimum_up_z": 0.9760022438581206, "mean_local_velocity_mps": [-0.07922379851784533, -0.0036942759388229837, 0.013968864239871228], "cost": 0.12052569845993119}
{"seed": 1217, "duration_s": 60.0, "fallen": false, "speed_mps": -0.08215959428394487, "lateral_m": -0.012488682120496154, "yaw_change_deg": -10.961052759004128, "heading_rms_deg": 5.421320311610978, "minimum_up_z": 0.9726723577552846, "mean_local_velocity_mps": [-0.07969725484757212, -0.0033870067269516123, 0.013873620324107437], "cost": 0.17603877829273554}
{"seed": 1218, "duration_s": 60.0, "fallen": false, "speed_mps": -0.08500764866129336, "lateral_m": 0.06484389690087403, "yaw_change_deg": -4.121144105717015, "heading_rms_deg": 5.329726698102563, "minimum_up_z": 0.9724741076655918, "mean_local_velocity_mps": [-0.08260309217984366, -0.0029730970873585575, 0.014393229476107968], "cost": 0.1682221187352028}
{"seed": 1219, "duration_s": 60.0, "fallen": false, "speed_mps": -0.0820256117299989, "lateral_m": -0.18336230007613313, "yaw_change_deg": -1.9837194790789094, "heading_rms_deg": 4.11536281225286, "minimum_up_z": 0.9754175890168411, "mean_local_velocity_mps": [-0.07967344389003807, -0.0032316469435924853, 0.013651317019806217], "cost": 0.10147669497073473}
{"seed": 1220, "duration_s": 60.0, "fallen": false, "speed_mps": -0.08265141888603257, "lateral_m": 0.02586851177326474, "yaw_change_deg": -7.55102815850533, "heading_rms_deg": 4.882550028385586, "minimum_up_z": 0.9760260620512418, "mean_local_velocity_mps": [-0.08010448685924945, -0.003264619244584942, 0.014109599965732241], "cost": 0.13929192443514973}
{"seed": 1221, "duration_s": 60.0, "fallen": false, "speed_mps": -0.0827447934190722, "lateral_m": -0.10967754377381235, "yaw_change_deg": -3.619108735334514, "heading_rms_deg": 4.547299159826824, "minimum_up_z": 0.97668915998361, "mean_local_velocity_mps": [-0.08026357234702011, -0.0030142191214574273, 0.013864414076104852], "cost": 0.11491662708443315}
{"seed": 1222, "duration_s": 60.0, "fallen": false, "speed_mps": -0.08229112868283339, "lateral_m": 0.047492510655584054, "yaw_change_deg": -4.630750066114526, "heading_rms_deg": 5.177414648371242, "minimum_up_z": 0.9750078955617958, "mean_local_velocity_mps": [-0.0797235104837244, -0.0027834330844594022, 0.014006150719850237], "cost": 0.11577280309204999}
{"seed": 1223, "duration_s": 60.0, "fallen": false, "speed_mps": -0.08168490605097063, "lateral_m": -0.0558506767174409, "yaw_change_deg": -0.6955145584264045, "heading_rms_deg": 4.70091913726963, "minimum_up_z": 0.9749846570508429, "mean_local_velocity_mps": [-0.0792432369957434, -0.0031944419137253893, 0.013786772140687176], "cost": 0.08793335146452344}
{"seed": 1224, "duration_s": 60.0, "fallen": false, "speed_mps": -0.08322578054756757, "lateral_m": -0.014413538563334282, "yaw_change_deg": 0.1979264109883749, "heading_rms_deg": 5.13511662482565, "minimum_up_z": 0.9762569538293616, "mean_local_velocity_mps": [-0.08080392553289949, -0.003975374770554173, 0.014052464166525893], "cost": 0.11774203184729404}
{"seed": 1225, "duration_s": 60.0, "fallen": false, "speed_mps": -0.08250011200463765, "lateral_m": 0.03403802410738515, "yaw_change_deg": -8.021873545269784, "heading_rms_deg": 5.2792183893786735, "minimum_up_z": 0.9744137418836168, "mean_local_velocity_mps": [-0.08018784364043127, -0.003143040344168283, 0.014031266517149935], "cost": 0.14627402884110527}
{"seed": 1226, "duration_s": 60.0, "fallen": false, "speed_mps": -0.0814907810742296, "lateral_m": -0.12417804905285075, "yaw_change_deg": -2.3672916919314195, "heading_rms_deg": 4.554132592875871, "minimum_up_z": 0.9757205418889, "mean_local_velocity_mps": [-0.07887492405870176, -0.0033841054053012757, 0.013792301567464874], "cost": 0.09144338184522402}
{"seed": 1227, "duration_s": 60.0, "fallen": false, "speed_mps": -0.08243295896545513, "lateral_m": -0.1082589300861618, "yaw_change_deg": -5.17426140348797, "heading_rms_deg": 4.881350377762028, "minimum_up_z": 0.9719885241626026, "mean_local_velocity_mps": [-0.08003189239172244, -0.003381154746608205, 0.013900450046181375], "cost": 0.12160361019844015}
{"seed": 1228, "duration_s": 60.0, "fallen": false, "speed_mps": -0.08178265171192042, "lateral_m": -0.08131086943777108, "yaw_change_deg": -8.810684352121303, "heading_rms_deg": 4.4053614713060645, "minimum_up_z": 0.9755599380859473, "mean_local_velocity_mps": [-0.07939134206089611, -0.0034619693595408433, 0.01379645778239619], "cost": 0.13458203573470015}
{"seed": 1229, "duration_s": 60.0, "fallen": false, "speed_mps": -0.08249167999420198, "lateral_m": 0.052010093918579255, "yaw_change_deg": -4.8871224801363295, "heading_rms_deg": 5.018928118794414, "minimum_up_z": 0.9757271717028478, "mean_local_velocity_mps": [-0.07997741263055981, -0.003225999118845782, 0.01399886886515065], "cost": 0.11883861393905049}
{"seed": 1230, "duration_s": 60.0, "fallen": false, "speed_mps": -0.08255989845712616, "lateral_m": 0.0957312152772923, "yaw_change_deg": -6.952794998273227, "heading_rms_deg": 5.164241586355195, "minimum_up_z": 0.9729640602813553, "mean_local_velocity_mps": [-0.07992909220580643, -0.0030376750552727145, 0.014082411305657867], "cost": 0.1393264777230578}
{"seed": 1231, "duration_s": 60.0, "fallen": false, "speed_mps": -0.08236271765237295, "lateral_m": -0.10783694176450276, "yaw_change_deg": -5.429741434726404, "heading_rms_deg": 4.660682744733574, "minimum_up_z": 0.9739694734996247, "mean_local_velocity_mps": [-0.07989574810824651, -0.003247241820766761, 0.013969296543381754], "cost": 0.1194717071891479}
{"seed": 1232, "duration_s": 60.0, "fallen": false, "speed_mps": -0.08354612817354869, "lateral_m": -0.010433791771349399, "yaw_change_deg": -7.852608070883205, "heading_rms_deg": 5.211635515672073, "minimum_up_z": 0.9725185586538341, "mean_local_velocity_mps": [-0.08104253825130162, -0.003234729974862769, 0.01435106768704992], "cost": 0.16222378592557365}
{"seed": 1233, "duration_s": 60.0, "fallen": false, "speed_mps": -0.08295041633116779, "lateral_m": 0.03215646025462191, "yaw_change_deg": -11.195040844556722, "heading_rms_deg": 5.213332120221127, "minimum_up_z": 0.9746959970350194, "mean_local_velocity_mps": [-0.08042778155510191, -0.0031781963393937677, 0.014166896990147778], "cost": 0.19038940455572045}
{"seed": 1234, "duration_s": 60.0, "fallen": false, "speed_mps": -0.08373422010379462, "lateral_m": -0.07374003684585864, "yaw_change_deg": -4.857061386039028, "heading_rms_deg": 4.8478603678784875, "minimum_up_z": 0.9719102431719125, "mean_local_velocity_mps": [-0.08133172755923411, -0.004135272270939501, 0.01413001447133583], "cost": 0.14035882298432456}
{"seed": 1235, "duration_s": 60.0, "fallen": false, "speed_mps": -0.08251383425755605, "lateral_m": 0.13865080260336798, "yaw_change_deg": -3.289869835584461, "heading_rms_deg": 5.652264643370972, "minimum_up_z": 0.9741682824894721, "mean_local_velocity_mps": [-0.08015043287970423, -0.0030730645980736266, 0.014221220400218558], "cost": 0.12619687875943755}
{"seed": 1236, "duration_s": 60.0, "fallen": false, "speed_mps": -0.08145699679050936, "lateral_m": -0.029436232235122563, "yaw_change_deg": -5.856417950959381, "heading_rms_deg": 4.443654827300779, "minimum_up_z": 0.973881183651518, "mean_local_velocity_mps": [-0.07892297628888066, -0.0028113945039940223, 0.013885968495512597], "cost": 0.10130221952448329}
{"seed": 1237, "duration_s": 60.0, "fallen": false, "speed_mps": -0.08091664832587314, "lateral_m": -0.10986472622668757, "yaw_change_deg": -5.966828501813153, "heading_rms_deg": 4.7672395859440035, "minimum_up_z": 0.976259010923893, "mean_local_velocity_mps": [-0.0783854144512441, -0.0031445071097701183, 0.01348078923048957], "cost": 0.1025090134692676}
{"seed": 1238, "duration_s": 60.0, "fallen": false, "speed_mps": -0.08350367433844547, "lateral_m": 0.008505779578447782, "yaw_change_deg": -3.71353600832211, "heading_rms_deg": 5.03829775872793, "minimum_up_z": 0.9742411589975158, "mean_local_velocity_mps": [-0.08103852977385928, -0.003782113494835686, 0.01416805882364351], "cost": 0.13006941191052326}
{"seed": 1239, "duration_s": 60.0, "fallen": false, "speed_mps": -0.08224626750578481, "lateral_m": 0.01507053101480625, "yaw_change_deg": -6.9200698656715485, "heading_rms_deg": 5.767482771045125, "minimum_up_z": 0.9755138218262616, "mean_local_velocity_mps": [-0.080075259525733, -0.0028455751009901355, 0.014121896490401789], "cost": 0.13818723914601255}
{"seed": 1240, "duration_s": 60.0, "fallen": false, "speed_mps": -0.08266374615499335, "lateral_m": -0.013345371880366063, "yaw_change_deg": -0.1442670276154992, "heading_rms_deg": 4.729213720712093, "minimum_up_z": 0.97362307045496, "mean_local_velocity_mps": [-0.08016658978021177, -0.0024438313523214967, 0.014123047619730244], "cost": 0.10278557884064235}
{"seed": 1241, "duration_s": 60.0, "fallen": false, "speed_mps": -0.08284156950130908, "lateral_m": 0.0421440595536128, "yaw_change_deg": -9.182360357616467, "heading_rms_deg": 5.062912864345356, "minimum_up_z": 0.9723396477045398, "mean_local_velocity_mps": [-0.08035460968932986, -0.003016182751226116, 0.014155996145799432], "cost": 0.16188383670726497}
{"seed": 1242, "duration_s": 60.0, "fallen": false, "speed_mps": -0.08111152039185875, "lateral_m": -0.08628169279896056, "yaw_change_deg": -3.86368930157526, "heading_rms_deg": 4.405934526394822, "minimum_up_z": 0.9743801611499684, "mean_local_velocity_mps": [-0.078550359058873, -0.002598080326375191, 0.013766496080281203], "cost": 0.08673124994632456}
{"seed": 1243, "duration_s": 60.0, "fallen": false, "speed_mps": -0.08278677319392037, "lateral_m": -0.04188429537077768, "yaw_change_deg": -5.257009691261742, "heading_rms_deg": 4.676115925814219, "minimum_up_z": 0.9752178127687418, "mean_local_velocity_mps": [-0.08039863637553733, -0.003981660715596103, 0.014177452951480868], "cost": 0.12178782172482627}
{"seed": 1244, "duration_s": 60.0, "fallen": false, "speed_mps": -0.08328980268610589, "lateral_m": 0.02219856226762269, "yaw_change_deg": -10.124315232467563, "heading_rms_deg": 4.9657535908912385, "minimum_up_z": 0.9745710986947248, "mean_local_velocity_mps": [-0.08069690266469255, -0.002960678826670656, 0.014280021959979131], "cost": 0.17938242865371068}
{"seed": 1245, "duration_s": 60.0, "fallen": false, "speed_mps": -0.08245159366535028, "lateral_m": 0.07037011449123187, "yaw_change_deg": -4.423599851264104, "heading_rms_deg": 4.934356404284634, "minimum_up_z": 0.9715891917597689, "mean_local_velocity_mps": [-0.08010832230459564, -0.0026945191526231657, 0.01399662652555699], "cost": 0.11541627866535292}
{"seed": 1246, "duration_s": 60.0, "fallen": false, "speed_mps": -0.08134024272473996, "lateral_m": 0.0815747601320123, "yaw_change_deg": -8.171849998459278, "heading_rms_deg": 5.523102520996898, "minimum_up_z": 0.9749547022659797, "mean_local_velocity_mps": [-0.078857790359, -0.0031064026289270943, 0.013781401349210281], "cost": 0.13482127837360466}
{"seed": 1247, "duration_s": 60.0, "fallen": false, "speed_mps": -0.0824320187040983, "lateral_m": -0.02507505911367129, "yaw_change_deg": -11.558074421221459, "heading_rms_deg": 4.85923844109053, "minimum_up_z": 0.9765385568079284, "mean_local_velocity_mps": [-0.08009825156652121, -0.003934207283882257, 0.013839811595240626], "cost": 0.18190045771772373}
{"seed": 1248, "duration_s": 60.0, "fallen": false, "speed_mps": -0.08196335603388988, "lateral_m": 0.14261764641190944, "yaw_change_deg": -11.682049732881497, "heading_rms_deg": 5.631290989264875, "minimum_up_z": 0.9748163924897241, "mean_local_velocity_mps": [-0.07970332639582664, -0.0024191276550983307, 0.014137093500773974], "cost": 0.19383952325026746}
{"seed": 1249, "duration_s": 60.0, "fallen": false, "speed_mps": -0.08234861383571097, "lateral_m": 0.028083835871826335, "yaw_change_deg": -2.8926443712495207, "heading_rms_deg": 4.836488798888569, "minimum_up_z": 0.9726027170348709, "mean_local_velocity_mps": [-0.07979048881657597, -0.0025166015612314205, 0.013921000829591567], "cost": 0.10400759693996378}
{"file": "/data/shijinsheng/open_duck/outputs/filtered_heading_r20_final_heldout_60s/results.json", "simulation_only": true, "tested": 50, "survived": 50, "qualified": 50, "failed_seeds": [], "unqualified_seeds": [], "duration_s": [60.0, 60.0], "speed_mps": [-0.08500764866129336, -0.08071923832460323], "maximum_absolute_heading_deg": 11.682049732881497, "maximum_heading_rms_deg": 5.767482771045125, "maximum_absolute_lateral_m": 0.18336230007613313, "minimum_up_z": 0.9715891917597689, "thresholds": "speed [-.10,-.05] m/s; |yaw|<=15 deg; RMS<=10 deg; |lateral|<=.25 m; min up>=.94; no fall", "hardware_readiness": false}
