R130_ZERO_AND_NOMINAL_PARITY_PASS
R130_CANDIDATE 1 0 15 0
R130_CANDIDATE 1 1 15 0
R130_CANDIDATE 1 2 8 3
R130_CANDIDATE 1 3 0 3
R130_CANDIDATE 1 4 5 2
R130_CANDIDATE 1 5 3 3
R130_CANDIDATE 1 6 7 0
R130_CANDIDATE 1 7 1 0
R130_CANDIDATE 1 8 11 3
R130_CANDIDATE 1 9 7 3
R130_CANDIDATE 1 10 5 4
R130_CANDIDATE 1 11 5 2
R130_CANDIDATE 2 0 15 0
R130_CANDIDATE 2 1 15 0
R130_CANDIDATE 2 2 6 0
R130_CANDIDATE 2 3 2 3
R130_CANDIDATE 2 4 7 1
R130_CANDIDATE 2 5 7 1
R130_CANDIDATE 2 6 3 4
R130_CANDIDATE 2 7 6 2
R130_CANDIDATE 2 8 6 3
R130_CANDIDATE 2 9 3 2
R130_CANDIDATE 2 10 7 1
R130_CANDIDATE 2 11 7 4
R130_CANDIDATE 3 0 15 0
R130_CANDIDATE 3 1 15 0
R130_CANDIDATE 3 2 9 2
R130_CANDIDATE 3 3 4 2
R130_CANDIDATE 3 4 10 1
R130_CANDIDATE 3 5 5 3
R130_CANDIDATE 3 6 4 1
R130_CANDIDATE 3 7 7 2
R130_CANDIDATE 3 8 7 4
R130_CANDIDATE 3 9 1 5
R130_CANDIDATE 3 10 9 0
R130_CANDIDATE 3 11 4 2
R130_CANDIDATE 4 0 15 0
R130_CANDIDATE 4 1 15 0
R130_CANDIDATE 4 2 8 2
R130_CANDIDATE 4 3 5 3
R130_CANDIDATE 4 4 8 1
R130_CANDIDATE 4 5 8 0
R130_CANDIDATE 4 6 8 0
R130_CANDIDATE 4 7 9 4
R130_CANDIDATE 4 8 7 2
R130_CANDIDATE 4 9 6 2
R130_CANDIDATE 4 10 5 2
R130_CANDIDATE 4 11 7 1
R130_CANDIDATE 5 0 15 0
R130_CANDIDATE 5 1 15 0
R130_CANDIDATE 5 2 7 4
R130_CANDIDATE 5 3 10 1
R130_CANDIDATE 5 4 5 1
R130_CANDIDATE 5 5 10 2
R130_CANDIDATE 5 6 7 2
R130_CANDIDATE 5 7 4 3
R130_CANDIDATE 5 8 4 2
R130_CANDIDATE 5 9 7 3
R130_CANDIDATE 5 10 4 0
R130_CANDIDATE 5 11 8 2
R130_CANDIDATE 6 0 15 0
R130_CANDIDATE 6 1 15 0
R130_CANDIDATE 6 2 9 1
R130_CANDIDATE 6 3 10 0
R130_CANDIDATE 6 4 8 0
R130_CANDIDATE 6 5 7 2
R130_CANDIDATE 6 6 4 1
R130_CANDIDATE 6 7 7 0
R130_CANDIDATE 6 8 7 3
R130_CANDIDATE 6 9 6 2
R130_CANDIDATE 6 10 7 3
R130_CANDIDATE 6 11 5 1
R130_CANDIDATE 7 0 15 0
R130_CANDIDATE 7 1 15 0
R130_CANDIDATE 7 2 10 4
R130_CANDIDATE 7 3 11 2
R130_CANDIDATE 7 4 5 4
R130_CANDIDATE 7 5 7 2
R130_CANDIDATE 7 6 3 2
R130_CANDIDATE 7 7 7 1
R130_CANDIDATE 7 8 6 2
R130_CANDIDATE 7 9 5 2
R130_CANDIDATE 7 10 7 3
R130_CANDIDATE 7 11 7 2
R130_CANDIDATE 8 0 15 0
R130_CANDIDATE 8 1 15 0
R130_CANDIDATE 8 2 4 3
R130_CANDIDATE 8 3 6 3
R130_CANDIDATE 8 4 6 0
R130_CANDIDATE 8 5 4 1
R130_CANDIDATE 8 6 2 3
R130_CANDIDATE 8 7 9 0
R130_CANDIDATE 8 8 7 2
R130_CANDIDATE 8 9 9 2
R130_CANDIDATE 8 10 7 3
R130_CANDIDATE 8 11 7 1
R130_FULL_DEVELOPMENT 15 15 0
