R107_PROFILE_PARITY zero PASS
R107_PROFILE_PARITY one PASS
R107_CANDIDATE 1 0 12 True 0
R107_CANDIDATE 1 1 13 True 0
R107_CANDIDATE 1 2 13 True 0
R107_CANDIDATE 1 3 9 True 0
R107_CANDIDATE 1 4 9 True 2
R107_CANDIDATE 1 5 6 True 1
R107_CANDIDATE 1 6 10 True 0
R107_CANDIDATE 1 7 6 True 0
R107_CANDIDATE 1 8 10 True 0
R107_CANDIDATE 1 9 6 True 2
R107_CANDIDATE 1 10 7 True 1
R107_CANDIDATE 1 11 6 True 1
R107_GENERATION 1 13 [1.0, 0.0, 0.0, 0.0, 0.0]
R107_CANDIDATE 2 0 12 True 0
R107_CANDIDATE 2 1 13 True 0
R107_CANDIDATE 2 2 13 True 0
R107_CANDIDATE 2 3 8 True 1
R107_CANDIDATE 2 4 8 True 1
R107_CANDIDATE 2 5 6 True 0
R107_CANDIDATE 2 6 8 True 0
R107_CANDIDATE 2 7 4 True 1
R107_CANDIDATE 2 8 9 True 1
R107_CANDIDATE 2 9 7 True 1
R107_CANDIDATE 2 10 3 True 1
R107_CANDIDATE 2 11 5 True 0
R107_GENERATION 2 13 [1.0, 0.0, 0.0, 0.0, 0.0]
R107_CANDIDATE 3 0 12 True 0
R107_CANDIDATE 3 1 13 True 0
R107_CANDIDATE 3 2 13 True 0
R107_CANDIDATE 3 3 7 True 0
R107_CANDIDATE 3 4 9 True 1
R107_CANDIDATE 3 5 5 True 1
R107_CANDIDATE 3 6 8 True 1
R107_CANDIDATE 3 7 9 True 0
R107_CANDIDATE 3 8 8 True 0
R107_CANDIDATE 3 9 11 True 1
R107_CANDIDATE 3 10 8 True 0
R107_CANDIDATE 3 11 7 True 2
R107_GENERATION 3 13 [1.0, 0.0, 0.0, 0.0, 0.0]
R107_CANDIDATE 4 0 12 True 0
R107_CANDIDATE 4 1 13 True 0
R107_CANDIDATE 4 2 13 True 0
R107_CANDIDATE 4 3 5 True 0
R107_CANDIDATE 4 4 3 True 0
R107_CANDIDATE 4 5 7 True 3
R107_CANDIDATE 4 6 7 True 0
R107_CANDIDATE 4 7 6 True 3
R107_CANDIDATE 4 8 3 True 2
R107_CANDIDATE 4 9 6 True 2
R107_CANDIDATE 4 10 11 True 0
R107_CANDIDATE 4 11 3 True 3
R107_GENERATION 4 13 [1.0, 0.0, 0.0, 0.0, 0.0]
R107_CANDIDATE 5 0 12 True 0
R107_CANDIDATE 5 1 13 True 0
R107_CANDIDATE 5 2 13 True 0
R107_CANDIDATE 5 3 5 True 0
R107_CANDIDATE 5 4 4 True 1
R107_CANDIDATE 5 5 5 True 1
R107_CANDIDATE 5 6 6 True 2
R107_CANDIDATE 5 7 6 True 1
R107_CANDIDATE 5 8 5 True 0
R107_CANDIDATE 5 9 8 True 1
R107_CANDIDATE 5 10 6 True 0
R107_CANDIDATE 5 11 7 True 0
R107_GENERATION 5 13 [1.0, 0.0, 0.0, 0.0, 0.0]
R107_CANDIDATE 6 0 12 True 0
R107_CANDIDATE 6 1 13 True 0
R107_CANDIDATE 6 2 13 True 0
R107_CANDIDATE 6 3 9 True 1
R107_CANDIDATE 6 4 6 True 0
R107_CANDIDATE 6 5 7 True 0
R107_CANDIDATE 6 6 4 True 0
R107_CANDIDATE 6 7 7 True 0
R107_CANDIDATE 6 8 4 True 3
R107_CANDIDATE 6 9 5 True 1
R107_CANDIDATE 6 10 7 True 1
R107_CANDIDATE 6 11 12 True 0
R107_GENERATION 6 13 [1.0, 0.0, 0.0, 0.0, 0.0]
R107_CANDIDATE 7 0 12 True 0
R107_CANDIDATE 7 1 13 True 0
R107_CANDIDATE 7 2 13 True 0
R107_CANDIDATE 7 3 5 True 2
R107_CANDIDATE 7 4 6 True 1
R107_CANDIDATE 7 5 10 True 1
R107_CANDIDATE 7 6 11 True 0
R107_CANDIDATE 7 7 9 True 0
R107_CANDIDATE 7 8 5 True 0
R107_CANDIDATE 7 9 12 True 1
R107_CANDIDATE 7 10 9 True 2
R107_CANDIDATE 7 11 8 True 3
R107_GENERATION 7 13 [1.0, 0.0, 0.0, 0.0, 0.0]
R107_CANDIDATE 8 0 12 True 0
R107_CANDIDATE 8 1 13 True 0
R107_CANDIDATE 8 2 13 True 0
R107_CANDIDATE 8 3 5 True 2
R107_CANDIDATE 8 4 3 True 0
R107_CANDIDATE 8 5 5 True 1
R107_CANDIDATE 8 6 6 True 3
R107_CANDIDATE 8 7 10 True 0
R107_CANDIDATE 8 8 7 True 0
R107_CANDIDATE 8 9 8 True 0
R107_CANDIDATE 8 10 7 True 1
R107_CANDIDATE 8 11 5 True 1
R107_GENERATION 8 13 [1.0, 0.0, 0.0, 0.0, 0.0]
R107_CANDIDATE 9 0 12 True 0
R107_CANDIDATE 9 1 13 True 0
R107_CANDIDATE 9 2 13 True 0
R107_CANDIDATE 9 3 8 True 0
R107_CANDIDATE 9 4 8 True 0
R107_CANDIDATE 9 5 3 True 0
R107_CANDIDATE 9 6 7 True 0
R107_CANDIDATE 9 7 4 True 0
R107_CANDIDATE 9 8 8 True 1
R107_CANDIDATE 9 9 8 True 0
R107_CANDIDATE 9 10 10 True 0
R107_CANDIDATE 9 11 7 True 1
R107_GENERATION 9 13 [1.0, 0.0, 0.0, 0.0, 0.0]
R107_CANDIDATE 10 0 12 True 0
R107_CANDIDATE 10 1 13 True 0
R107_CANDIDATE 10 2 13 True 0
R107_CANDIDATE 10 3 9 True 2
R107_CANDIDATE 10 4 8 True 0
R107_CANDIDATE 10 5 10 True 1
R107_CANDIDATE 10 6 4 True 1
R107_CANDIDATE 10 7 4 True 1
R107_CANDIDATE 10 8 3 True 1
R107_CANDIDATE 10 9 5 True 2
R107_CANDIDATE 10 10 6 True 0
R107_CANDIDATE 10 11 7 True 2
R107_GENERATION 10 13 [1.0, 0.0, 0.0, 0.0, 0.0]
R107_CANDIDATE 11 0 12 True 0
R107_CANDIDATE 11 1 13 True 0
R107_CANDIDATE 11 2 13 True 0
R107_CANDIDATE 11 3 9 True 1
R107_CANDIDATE 11 4 6 True 0
R107_CANDIDATE 11 5 9 True 0
R107_CANDIDATE 11 6 6 True 0
R107_CANDIDATE 11 7 8 True 0
R107_CANDIDATE 11 8 5 True 1
R107_CANDIDATE 11 9 7 True 1
R107_CANDIDATE 11 10 9 True 0
R107_CANDIDATE 11 11 7 True 2
R107_GENERATION 11 13 [1.0, 0.0, 0.0, 0.0, 0.0]
R107_CANDIDATE 12 0 12 True 0
R107_CANDIDATE 12 1 13 True 0
R107_CANDIDATE 12 2 13 True 0
R107_CANDIDATE 12 3 8 True 1
R107_CANDIDATE 12 4 5 True 1
R107_CANDIDATE 12 5 4 True 2
R107_CANDIDATE 12 6 9 True 0
R107_CANDIDATE 12 7 8 True 0
R107_CANDIDATE 12 8 8 True 0
R107_CANDIDATE 12 9 10 True 0
R107_CANDIDATE 12 10 6 True 0
R107_CANDIDATE 12 11 8 True 0
R107_GENERATION 12 13 [1.0, 0.0, 0.0, 0.0, 0.0]
R107_CANDIDATE 13 0 12 True 0
R107_CANDIDATE 13 1 13 True 0
R107_CANDIDATE 13 2 13 True 0
R107_CANDIDATE 13 3 4 True 1
R107_CANDIDATE 13 4 9 True 0
R107_CANDIDATE 13 5 8 True 0
R107_CANDIDATE 13 6 9 True 1
R107_CANDIDATE 13 7 4 True 0
R107_CANDIDATE 13 8 8 True 1
R107_CANDIDATE 13 9 7 True 0
R107_CANDIDATE 13 10 6 True 0
R107_CANDIDATE 13 11 6 True 1
R107_GENERATION 13 13 [1.0, 0.0, 0.0, 0.0, 0.0]
R107_CANDIDATE 14 0 12 True 0
R107_CANDIDATE 14 1 13 True 0
R107_CANDIDATE 14 2 13 True 0
R107_CANDIDATE 14 3 4 True 0
R107_CANDIDATE 14 4 11 True 2
R107_CANDIDATE 14 5 4 True 0
R107_CANDIDATE 14 6 7 True 4
R107_CANDIDATE 14 7 7 True 2
R107_CANDIDATE 14 8 6 True 2
R107_CANDIDATE 14 9 8 True 1
R107_CANDIDATE 14 10 6 True 0
R107_CANDIDATE 14 11 12 True 2
R107_GENERATION 14 13 [1.0, 0.0, 0.0, 0.0, 0.0]
R107_CANDIDATE 15 0 12 True 0
R107_CANDIDATE 15 1 13 True 0
R107_CANDIDATE 15 2 13 True 0
R107_CANDIDATE 15 3 6 True 1
R107_CANDIDATE 15 4 12 True 0
R107_CANDIDATE 15 5 10 True 2
R107_CANDIDATE 15 6 8 True 1
R107_CANDIDATE 15 7 12 True 1
R107_CANDIDATE 15 8 7 True 1
R107_CANDIDATE 15 9 4 True 2
R107_CANDIDATE 15 10 9 True 2
R107_CANDIDATE 15 11 9 True 0
R107_GENERATION 15 13 [1.0, 0.0, 0.0, 0.0, 0.0]
R107_CANDIDATE 16 0 12 True 0
R107_CANDIDATE 16 1 13 True 0
R107_CANDIDATE 16 2 13 True 0
R107_CANDIDATE 16 3 4 True 3
R107_CANDIDATE 16 4 8 True 0
R107_CANDIDATE 16 5 5 True 0
R107_CANDIDATE 16 6 10 True 0
R107_CANDIDATE 16 7 8 True 2
R107_CANDIDATE 16 8 11 True 0
R107_CANDIDATE 16 9 4 True 2
R107_CANDIDATE 16 10 11 True 1
R107_CANDIDATE 16 11 11 True 0
R107_GENERATION 16 13 [1.0, 0.0, 0.0, 0.0, 0.0]
R107_CANDIDATE 17 0 12 True 0
R107_CANDIDATE 17 1 13 True 0
R107_CANDIDATE 17 2 13 True 0
R107_CANDIDATE 17 3 6 True 1
R107_CANDIDATE 17 4 6 True 0
R107_CANDIDATE 17 5 6 True 0
R107_CANDIDATE 17 6 9 True 0
R107_CANDIDATE 17 7 7 True 0
R107_CANDIDATE 17 8 6 True 0
R107_CANDIDATE 17 9 5 True 1
R107_CANDIDATE 17 10 9 True 1
R107_CANDIDATE 17 11 8 True 2
R107_GENERATION 17 13 [1.0, 0.0, 0.0, 0.0, 0.0]
R107_CANDIDATE 18 0 12 True 0
R107_CANDIDATE 18 1 13 True 0
R107_CANDIDATE 18 2 13 True 0
R107_CANDIDATE 18 3 8 True 0
R107_CANDIDATE 18 4 6 True 0
R107_CANDIDATE 18 5 10 True 0
R107_CANDIDATE 18 6 7 True 0
R107_CANDIDATE 18 7 9 True 0
R107_CANDIDATE 18 8 10 True 1
R107_CANDIDATE 18 9 7 True 2
R107_CANDIDATE 18 10 7 True 2
R107_CANDIDATE 18 11 4 True 2
R107_GENERATION 18 13 [1.0, 0.0, 0.0, 0.0, 0.0]
R107_CANDIDATE 19 0 12 True 0
R107_CANDIDATE 19 1 13 True 0
R107_CANDIDATE 19 2 13 True 0
R107_CANDIDATE 19 3 5 True 2
R107_CANDIDATE 19 4 7 True 0
R107_CANDIDATE 19 5 8 True 0
R107_CANDIDATE 19 6 6 True 0
R107_CANDIDATE 19 7 6 True 0
R107_CANDIDATE 19 8 8 True 0
R107_CANDIDATE 19 9 9 True 0
R107_CANDIDATE 19 10 8 True 0
R107_CANDIDATE 19 11 9 True 0
R107_GENERATION 19 13 [1.0, 0.0, 0.0, 0.0, 0.0]
R107_CANDIDATE 20 0 12 True 0
R107_CANDIDATE 20 1 13 True 0
R107_CANDIDATE 20 2 13 True 0
R107_CANDIDATE 20 3 10 True 0
R107_CANDIDATE 20 4 5 True 0
R107_CANDIDATE 20 5 8 True 0
R107_CANDIDATE 20 6 7 True 1
R107_CANDIDATE 20 7 11 True 0
R107_CANDIDATE 20 8 8 True 2
R107_CANDIDATE 20 9 7 True 1
R107_CANDIDATE 20 10 8 True 2
R107_CANDIDATE 20 11 4 True 0
R107_GENERATION 20 13 [1.0, 0.0, 0.0, 0.0, 0.0]
R107_CANDIDATE 21 0 12 True 0
R107_CANDIDATE 21 1 13 True 0
R107_CANDIDATE 21 2 13 True 0
R107_CANDIDATE 21 3 7 True 1
R107_CANDIDATE 21 4 6 True 0
R107_CANDIDATE 21 5 10 True 0
R107_CANDIDATE 21 6 10 True 0
R107_CANDIDATE 21 7 7 True 1
R107_CANDIDATE 21 8 9 True 0
R107_CANDIDATE 21 9 6 True 1
R107_CANDIDATE 21 10 3 True 3
R107_CANDIDATE 21 11 4 True 2
R107_GENERATION 21 13 [1.0, 0.0, 0.0, 0.0, 0.0]
R107_CANDIDATE 22 0 12 True 0
R107_CANDIDATE 22 1 13 True 0
R107_CANDIDATE 22 2 13 True 0
R107_CANDIDATE 22 3 7 True 2
R107_CANDIDATE 22 4 10 True 1
R107_CANDIDATE 22 5 11 True 3
R107_CANDIDATE 22 6 6 True 0
R107_CANDIDATE 22 7 10 True 1
R107_CANDIDATE 22 8 6 True 2
R107_CANDIDATE 22 9 6 True 0
R107_CANDIDATE 22 10 7 True 0
R107_CANDIDATE 22 11 9 True 0
R107_GENERATION 22 13 [1.0, 0.0, 0.0, 0.0, 0.0]
R107_CANDIDATE 23 0 12 True 0
R107_CANDIDATE 23 1 13 True 0
R107_CANDIDATE 23 2 13 True 0
R107_CANDIDATE 23 3 5 True 0
R107_CANDIDATE 23 4 5 True 1
R107_CANDIDATE 23 5 9 True 0
R107_CANDIDATE 23 6 9 True 1
R107_CANDIDATE 23 7 5 True 1
R107_CANDIDATE 23 8 7 True 2
R107_CANDIDATE 23 9 4 True 2
R107_CANDIDATE 23 10 5 True 2
R107_CANDIDATE 23 11 6 True 1
R107_GENERATION 23 13 [1.0, 0.0, 0.0, 0.0, 0.0]
R107_CANDIDATE 24 0 12 True 0
R107_CANDIDATE 24 1 13 True 0
R107_CANDIDATE 24 2 13 True 0
R107_CANDIDATE 24 3 11 True 2
R107_CANDIDATE 24 4 8 True 0
R107_CANDIDATE 24 5 7 True 0
R107_CANDIDATE 24 6 4 True 0
R107_CANDIDATE 24 7 8 True 1
R107_CANDIDATE 24 8 7 True 2
R107_CANDIDATE 24 9 5 True 2
R107_CANDIDATE 24 10 6 True 0
R107_CANDIDATE 24 11 9 True 0
R107_GENERATION 24 13 [1.0, 0.0, 0.0, 0.0, 0.0]
R107_TERMINAL
