R102_ZERO_PARITY_PASSED
R102_CANDIDATE 1 0 12 True 0
R102_CANDIDATE 1 1 12 True 0
R102_CANDIDATE 1 2 5 True 1
R102_CANDIDATE 1 3 6 True 2
R102_CANDIDATE 1 4 6 True 3
R102_CANDIDATE 1 5 5 True 1
R102_CANDIDATE 1 6 8 True 2
R102_CANDIDATE 1 7 5 True 2
R102_CANDIDATE 1 8 6 True 2
R102_CANDIDATE 1 9 11 True 0
R102_CANDIDATE 1 10 4 True 1
R102_CANDIDATE 1 11 7 True 1
R102_GENERATION 1 12 [0.0, 0.0, 0.0, 0.0, 0.0, 0.0, 0.0, 0.0, 0.0, 0.0]
R102_CANDIDATE 2 0 12 True 0
R102_CANDIDATE 2 1 12 True 0
R102_CANDIDATE 2 2 9 True 1
R102_CANDIDATE 2 3 7 True 1
R102_CANDIDATE 2 4 13 True 2
R102_CANDIDATE 2 5 9 True 1
R102_CANDIDATE 2 6 7 True 1
R102_CANDIDATE 2 7 6 True 2
R102_CANDIDATE 2 8 9 True 0
R102_CANDIDATE 2 9 3 True 0
R102_CANDIDATE 2 10 4 True 1
R102_CANDIDATE 2 11 8 True 0
R102_GENERATION 2 13 [0.6057763441664368, 0.06637125816345114, 0.025521173548771127, -0.5009718180305479, 0.16821639360551457, -0.6423186300381939, 0.5693791523636129, 0.4377876487574551, 0.18660441078570844, -0.9387867083510849]
R102_CANDIDATE 3 0 12 True 0
R102_CANDIDATE 3 1 13 True 2
R102_CANDIDATE 3 2 3 True 1
R102_CANDIDATE 3 3 10 True 1
R102_CANDIDATE 3 4 8 True 1
R102_CANDIDATE 3 5 3 True 1
R102_CANDIDATE 3 6 3 True 2
R102_CANDIDATE 3 7 8 True 3
R102_CANDIDATE 3 8 11 True 1
R102_CANDIDATE 3 9 4 True 2
R102_CANDIDATE 3 10 7 True 2
R102_CANDIDATE 3 11 13 True 0
R102_GENERATION 3 13 [-0.17318182153296602, -0.06256081418764302, 0.10566952740584673, -0.136646312876452, -0.41590275219199935, -0.6783296585968143, 0.02688633338957019, 0.21648012196382355, 0.9445658550269271, -0.10733112089870704]
R102_CANDIDATE 4 0 12 True 0
R102_CANDIDATE 4 1 13 True 0
R102_CANDIDATE 4 2 6 True 3
R102_CANDIDATE 4 3 8 True 1
R102_CANDIDATE 4 4 10 True 1
R102_CANDIDATE 4 5 7 True 0
R102_CANDIDATE 4 6 8 True 2
R102_CANDIDATE 4 7 7 True 2
R102_CANDIDATE 4 8 7 True 2
R102_CANDIDATE 4 9 4 True 0
R102_CANDIDATE 4 10 9 True 1
R102_CANDIDATE 4 11 5 True 2
R102_GENERATION 4 13 [-0.17318182153296602, -0.06256081418764302, 0.10566952740584673, -0.136646312876452, -0.41590275219199935, -0.6783296585968143, 0.02688633338957019, 0.21648012196382355, 0.9445658550269271, -0.10733112089870704]
R102_CANDIDATE 5 0 12 True 0
R102_CANDIDATE 5 1 13 True 0
R102_CANDIDATE 5 2 8 True 2
R102_CANDIDATE 5 3 4 True 1
R102_CANDIDATE 5 4 8 True 3
R102_CANDIDATE 5 5 4 True 3
R102_CANDIDATE 5 6 8 True 0
R102_CANDIDATE 5 7 7 True 1
R102_CANDIDATE 5 8 8 True 4
R102_CANDIDATE 5 9 5 True 2
R102_CANDIDATE 5 10 6 True 0
R102_CANDIDATE 5 11 7 True 2
R102_GENERATION 5 13 [-0.17318182153296602, -0.06256081418764302, 0.10566952740584673, -0.136646312876452, -0.41590275219199935, -0.6783296585968143, 0.02688633338957019, 0.21648012196382355, 0.9445658550269271, -0.10733112089870704]
R102_CANDIDATE 6 0 12 True 0
R102_CANDIDATE 6 1 13 True 0
R102_CANDIDATE 6 2 6 True 0
R102_CANDIDATE 6 3 6 True 2
R102_CANDIDATE 6 4 4 True 2
R102_CANDIDATE 6 5 9 True 3
R102_CANDIDATE 6 6 9 True 2
R102_CANDIDATE 6 7 4 True 4
R102_CANDIDATE 6 8 11 True 0
R102_CANDIDATE 6 9 9 True 2
R102_CANDIDATE 6 10 6 True 2
R102_CANDIDATE 6 11 7 True 2
R102_GENERATION 6 13 [-0.17318182153296602, -0.06256081418764302, 0.10566952740584673, -0.136646312876452, -0.41590275219199935, -0.6783296585968143, 0.02688633338957019, 0.21648012196382355, 0.9445658550269271, -0.10733112089870704]
R102_CANDIDATE 7 0 12 True 0
R102_CANDIDATE 7 1 13 True 0
R102_CANDIDATE 7 2 7 True 1
R102_CANDIDATE 7 3 6 True 4
R102_CANDIDATE 7 4 1 True 5
R102_CANDIDATE 7 5 5 True 0
R102_CANDIDATE 7 6 7 True 2
R102_CANDIDATE 7 7 4 True 2
R102_CANDIDATE 7 8 7 True 3
R102_CANDIDATE 7 9 7 True 2
R102_CANDIDATE 7 10 5 True 1
R102_CANDIDATE 7 11 10 True 2
R102_GENERATION 7 13 [-0.17318182153296602, -0.06256081418764302, 0.10566952740584673, -0.136646312876452, -0.41590275219199935, -0.6783296585968143, 0.02688633338957019, 0.21648012196382355, 0.9445658550269271, -0.10733112089870704]
R102_CANDIDATE 8 0 12 True 0
R102_CANDIDATE 8 1 13 True 0
R102_CANDIDATE 8 2 8 True 0
R102_CANDIDATE 8 3 8 True 0
R102_CANDIDATE 8 4 5 True 0
R102_CANDIDATE 8 5 5 True 1
R102_CANDIDATE 8 6 6 True 0
R102_CANDIDATE 8 7 3 True 4
R102_CANDIDATE 8 8 7 True 1
R102_CANDIDATE 8 9 3 True 2
R102_CANDIDATE 8 10 7 True 2
R102_CANDIDATE 8 11 9 True 1
R102_GENERATION 8 13 [-0.17318182153296602, -0.06256081418764302, 0.10566952740584673, -0.136646312876452, -0.41590275219199935, -0.6783296585968143, 0.02688633338957019, 0.21648012196382355, 0.9445658550269271, -0.10733112089870704]
R102_CANDIDATE 9 0 12 True 0
R102_CANDIDATE 9 1 13 True 0
R102_CANDIDATE 9 2 6 True 1
R102_CANDIDATE 9 3 9 True 2
R102_CANDIDATE 9 4 6 True 1
R102_CANDIDATE 9 5 7 True 2
R102_CANDIDATE 9 6 8 True 1
R102_CANDIDATE 9 7 6 True 0
R102_CANDIDATE 9 8 3 True 2
R102_CANDIDATE 9 9 5 True 1
R102_CANDIDATE 9 10 7 True 2
R102_CANDIDATE 9 11 5 True 1
R102_GENERATION 9 13 [-0.17318182153296602, -0.06256081418764302, 0.10566952740584673, -0.136646312876452, -0.41590275219199935, -0.6783296585968143, 0.02688633338957019, 0.21648012196382355, 0.9445658550269271, -0.10733112089870704]
R102_CANDIDATE 10 0 12 True 0
R102_CANDIDATE 10 1 13 True 0
R102_CANDIDATE 10 2 2 True 0
R102_CANDIDATE 10 3 9 True 1
R102_CANDIDATE 10 4 9 True 0
R102_CANDIDATE 10 5 6 True 2
R102_CANDIDATE 10 6 8 True 2
R102_CANDIDATE 10 7 5 True 1
R102_CANDIDATE 10 8 6 True 0
R102_CANDIDATE 10 9 6 True 0
R102_CANDIDATE 10 10 7 True 0
R102_CANDIDATE 10 11 2 True 1
R102_GENERATION 10 13 [-0.17318182153296602, -0.06256081418764302, 0.10566952740584673, -0.136646312876452, -0.41590275219199935, -0.6783296585968143, 0.02688633338957019, 0.21648012196382355, 0.9445658550269271, -0.10733112089870704]
R102_CANDIDATE 11 0 12 True 0
R102_CANDIDATE 11 1 13 True 0
R102_CANDIDATE 11 2 10 True 1
R102_CANDIDATE 11 3 8 True 0
R102_CANDIDATE 11 4 7 True 1
R102_CANDIDATE 11 5 4 True 0
R102_CANDIDATE 11 6 10 True 2
R102_CANDIDATE 11 7 7 True 1
R102_CANDIDATE 11 8 8 True 1
R102_CANDIDATE 11 9 10 True 0
R102_CANDIDATE 11 10 3 True 0
R102_CANDIDATE 11 11 5 True 1
R102_GENERATION 11 13 [-0.17318182153296602, -0.06256081418764302, 0.10566952740584673, -0.136646312876452, -0.41590275219199935, -0.6783296585968143, 0.02688633338957019, 0.21648012196382355, 0.9445658550269271, -0.10733112089870704]
R102_CANDIDATE 12 0 12 True 0
R102_CANDIDATE 12 1 13 True 0
R102_CANDIDATE 12 2 5 True 1
R102_CANDIDATE 12 3 9 True 1
R102_CANDIDATE 12 4 8 True 2
R102_CANDIDATE 12 5 7 True 4
R102_CANDIDATE 12 6 5 True 3
R102_CANDIDATE 12 7 9 True 0
R102_CANDIDATE 12 8 7 True 0
R102_CANDIDATE 12 9 6 True 3
R102_CANDIDATE 12 10 7 True 3
R102_CANDIDATE 12 11 9 True 0
R102_GENERATION 12 13 [-0.17318182153296602, -0.06256081418764302, 0.10566952740584673, -0.136646312876452, -0.41590275219199935, -0.6783296585968143, 0.02688633338957019, 0.21648012196382355, 0.9445658550269271, -0.10733112089870704]
R102_CANDIDATE 13 0 12 True 0
R102_CANDIDATE 13 1 13 True 0
R102_CANDIDATE 13 2 9 True 1
R102_CANDIDATE 13 3 7 True 0
R102_CANDIDATE 13 4 6 True 2
R102_CANDIDATE 13 5 8 True 0
R102_CANDIDATE 13 6 4 True 0
R102_CANDIDATE 13 7 7 True 4
R102_CANDIDATE 13 8 5 True 2
R102_CANDIDATE 13 9 7 True 2
R102_CANDIDATE 13 10 6 True 1
R102_CANDIDATE 13 11 5 True 2
R102_GENERATION 13 13 [-0.17318182153296602, -0.06256081418764302, 0.10566952740584673, -0.136646312876452, -0.41590275219199935, -0.6783296585968143, 0.02688633338957019, 0.21648012196382355, 0.9445658550269271, -0.10733112089870704]
R102_CANDIDATE 14 0 12 True 0
R102_CANDIDATE 14 1 13 True 0
R102_CANDIDATE 14 2 6 True 3
R102_CANDIDATE 14 3 7 True 1
R102_CANDIDATE 14 4 6 True 2
R102_CANDIDATE 14 5 9 True 1
R102_CANDIDATE 14 6 9 True 1
R102_CANDIDATE 14 7 6 True 0
R102_CANDIDATE 14 8 7 True 1
R102_CANDIDATE 14 9 7 True 0
R102_CANDIDATE 14 10 9 True 1
R102_CANDIDATE 14 11 5 True 1
R102_GENERATION 14 13 [-0.17318182153296602, -0.06256081418764302, 0.10566952740584673, -0.136646312876452, -0.41590275219199935, -0.6783296585968143, 0.02688633338957019, 0.21648012196382355, 0.9445658550269271, -0.10733112089870704]
R102_CANDIDATE 15 0 12 True 0
R102_CANDIDATE 15 1 13 True 0
R102_CANDIDATE 15 2 7 True 0
R102_CANDIDATE 15 3 7 True 0
R102_CANDIDATE 15 4 7 True 1
R102_CANDIDATE 15 5 9 True 2
R102_CANDIDATE 15 6 4 True 0
R102_CANDIDATE 15 7 6 True 0
R102_CANDIDATE 15 8 4 True 1
R102_CANDIDATE 15 9 6 True 2
R102_CANDIDATE 15 10 5 True 0
R102_CANDIDATE 15 11 11 True 1
R102_GENERATION 15 13 [-0.17318182153296602, -0.06256081418764302, 0.10566952740584673, -0.136646312876452, -0.41590275219199935, -0.6783296585968143, 0.02688633338957019, 0.21648012196382355, 0.9445658550269271, -0.10733112089870704]
R102_CANDIDATE 16 0 12 True 0
R102_CANDIDATE 16 1 13 True 0
R102_CANDIDATE 16 2 8 True 0
R102_CANDIDATE 16 3 9 True 2
R102_CANDIDATE 16 4 9 True 2
R102_CANDIDATE 16 5 6 True 5
R102_CANDIDATE 16 6 4 True 2
R102_CANDIDATE 16 7 10 True 1
R102_CANDIDATE 16 8 4 True 2
R102_CANDIDATE 16 9 6 True 2
R102_CANDIDATE 16 10 8 True 1
R102_CANDIDATE 16 11 9 True 1
R102_GENERATION 16 13 [-0.17318182153296602, -0.06256081418764302, 0.10566952740584673, -0.136646312876452, -0.41590275219199935, -0.6783296585968143, 0.02688633338957019, 0.21648012196382355, 0.9445658550269271, -0.10733112089870704]
R102_CANDIDATE 17 0 12 True 0
R102_CANDIDATE 17 1 13 True 0
R102_CANDIDATE 17 2 7 True 1
R102_CANDIDATE 17 3 3 True 2
R102_CANDIDATE 17 4 9 True 1
R102_CANDIDATE 17 5 9 True 1
R102_CANDIDATE 17 6 12 True 1
R102_CANDIDATE 17 7 7 True 1
R102_CANDIDATE 17 8 9 True 0
R102_CANDIDATE 17 9 6 True 2
R102_CANDIDATE 17 10 5 True 2
R102_CANDIDATE 17 11 8 True 0
R102_GENERATION 17 13 [-0.17318182153296602, -0.06256081418764302, 0.10566952740584673, -0.136646312876452, -0.41590275219199935, -0.6783296585968143, 0.02688633338957019, 0.21648012196382355, 0.9445658550269271, -0.10733112089870704]
R102_CANDIDATE 18 0 12 True 0
R102_CANDIDATE 18 1 13 True 0
R102_CANDIDATE 18 2 6 True 1
R102_CANDIDATE 18 3 8 True 2
R102_CANDIDATE 18 4 5 True 1
R102_CANDIDATE 18 5 7 True 0
R102_CANDIDATE 18 6 6 True 2
R102_CANDIDATE 18 7 8 True 1
R102_CANDIDATE 18 8 7 True 2
R102_CANDIDATE 18 9 6 True 1
R102_CANDIDATE 18 10 12 True 0
R102_CANDIDATE 18 11 4 True 1
R102_GENERATION 18 13 [-0.17318182153296602, -0.06256081418764302, 0.10566952740584673, -0.136646312876452, -0.41590275219199935, -0.6783296585968143, 0.02688633338957019, 0.21648012196382355, 0.9445658550269271, -0.10733112089870704]
R102_CANDIDATE 19 0 12 True 0
R102_CANDIDATE 19 1 13 True 0
R102_CANDIDATE 19 2 8 True 0
R102_CANDIDATE 19 3 6 True 0
R102_CANDIDATE 19 4 7 True 4
R102_CANDIDATE 19 5 11 True 0
R102_CANDIDATE 19 6 6 True 0
R102_CANDIDATE 19 7 9 True 2
R102_CANDIDATE 19 8 5 True 2
R102_CANDIDATE 19 9 9 True 3
R102_CANDIDATE 19 10 10 True 0
R102_CANDIDATE 19 11 7 True 3
R102_GENERATION 19 13 [-0.17318182153296602, -0.06256081418764302, 0.10566952740584673, -0.136646312876452, -0.41590275219199935, -0.6783296585968143, 0.02688633338957019, 0.21648012196382355, 0.9445658550269271, -0.10733112089870704]
R102_CANDIDATE 20 0 12 True 0
R102_CANDIDATE 20 1 13 True 0
R102_CANDIDATE 20 2 7 True 1
R102_CANDIDATE 20 3 5 True 1
R102_CANDIDATE 20 4 4 True 3
R102_CANDIDATE 20 5 3 True 2
R102_CANDIDATE 20 6 8 True 0
R102_CANDIDATE 20 7 7 True 1
R102_CANDIDATE 20 8 6 True 2
R102_CANDIDATE 20 9 8 True 2
R102_CANDIDATE 20 10 7 True 0
R102_CANDIDATE 20 11 7 True 2
R102_GENERATION 20 13 [-0.17318182153296602, -0.06256081418764302, 0.10566952740584673, -0.136646312876452, -0.41590275219199935, -0.6783296585968143, 0.02688633338957019, 0.21648012196382355, 0.9445658550269271, -0.10733112089870704]
R102_CANDIDATE 21 0 12 True 0
R102_CANDIDATE 21 1 13 True 0
R102_CANDIDATE 21 2 11 True 2
R102_CANDIDATE 21 3 6 True 0
R102_CANDIDATE 21 4 7 True 1
R102_CANDIDATE 21 5 9 True 3
R102_CANDIDATE 21 6 5 True 2
R102_CANDIDATE 21 7 4 True 1
R102_CANDIDATE 21 8 10 True 1
R102_CANDIDATE 21 9 5 True 3
R102_CANDIDATE 21 10 9 True 1
R102_CANDIDATE 21 11 6 True 3
R102_GENERATION 21 13 [-0.17318182153296602, -0.06256081418764302, 0.10566952740584673, -0.136646312876452, -0.41590275219199935, -0.6783296585968143, 0.02688633338957019, 0.21648012196382355, 0.9445658550269271, -0.10733112089870704]
R102_CANDIDATE 22 0 12 True 0
R102_CANDIDATE 22 1 13 True 0
R102_CANDIDATE 22 2 8 True 2
R102_CANDIDATE 22 3 7 True 0
R102_CANDIDATE 22 4 6 True 0
R102_CANDIDATE 22 5 7 True 1
R102_CANDIDATE 22 6 7 True 1
R102_CANDIDATE 22 7 6 True 1
R102_CANDIDATE 22 8 7 True 1
R102_CANDIDATE 22 9 8 True 2
R102_CANDIDATE 22 10 7 True 1
R102_CANDIDATE 22 11 6 True 0
R102_GENERATION 22 13 [-0.17318182153296602, -0.06256081418764302, 0.10566952740584673, -0.136646312876452, -0.41590275219199935, -0.6783296585968143, 0.02688633338957019, 0.21648012196382355, 0.9445658550269271, -0.10733112089870704]
R102_CANDIDATE 23 0 12 True 0
R102_CANDIDATE 23 1 13 True 0
R102_CANDIDATE 23 2 6 True 1
R102_CANDIDATE 23 3 5 True 2
R102_CANDIDATE 23 4 6 True 1
R102_CANDIDATE 23 5 7 True 1
R102_CANDIDATE 23 6 9 True 3
R102_CANDIDATE 23 7 13 True 2
R102_CANDIDATE 23 8 7 True 1
R102_CANDIDATE 23 9 7 True 1
R102_CANDIDATE 23 10 9 True 0
R102_CANDIDATE 23 11 10 True 0
R102_GENERATION 23 13 [-0.17318182153296602, -0.06256081418764302, 0.10566952740584673, -0.136646312876452, -0.41590275219199935, -0.6783296585968143, 0.02688633338957019, 0.21648012196382355, 0.9445658550269271, -0.10733112089870704]
R102_CANDIDATE 24 0 12 True 0
R102_CANDIDATE 24 1 13 True 0
R102_CANDIDATE 24 2 8 True 2
R102_CANDIDATE 24 3 4 True 2
R102_CANDIDATE 24 4 9 True 1
R102_CANDIDATE 24 5 12 True 2
R102_CANDIDATE 24 6 6 True 2
R102_CANDIDATE 24 7 12 True 0
R102_CANDIDATE 24 8 11 True 1
R102_CANDIDATE 24 9 6 True 0
R102_CANDIDATE 24 10 9 True 0
R102_CANDIDATE 24 11 6 True 3
R102_GENERATION 24 13 [-0.17318182153296602, -0.06256081418764302, 0.10566952740584673, -0.136646312876452, -0.41590275219199935, -0.6783296585968143, 0.02688633338957019, 0.21648012196382355, 0.9445658550269271, -0.10733112089870704]
R102_TERMINAL
