R147_ZERO_AND_NOMINAL_PARITY_PASS
R147_CANDIDATE 1 0 17 0
R147_CANDIDATE 1 1 17 0
R147_CANDIDATE 1 2 9 2
R147_CANDIDATE 1 3 5 2
R147_CANDIDATE 1 4 13 1
R147_CANDIDATE 1 5 9 2
R147_CANDIDATE 1 6 6 2
R147_CANDIDATE 1 7 11 3
R147_CANDIDATE 1 8 5 2
R147_CANDIDATE 1 9 3 1
R147_CANDIDATE 1 10 3 3
R147_CANDIDATE 1 11 5 0
R147_CANDIDATE 2 0 17 0
R147_CANDIDATE 2 1 17 0
R147_CANDIDATE 2 2 9 2
R147_CANDIDATE 2 3 7 2
R147_CANDIDATE 2 4 3 1
R147_CANDIDATE 2 5 4 1
R147_CANDIDATE 2 6 11 1
R147_CANDIDATE 2 7 3 1
R147_CANDIDATE 2 8 8 0
R147_CANDIDATE 2 9 8 2
R147_CANDIDATE 2 10 7 0
R147_CANDIDATE 2 11 10 2
R147_CANDIDATE 3 0 17 0
R147_CANDIDATE 3 1 17 0
R147_CANDIDATE 3 2 7 1
R147_CANDIDATE 3 3 8 0
R147_CANDIDATE 3 4 9 0
R147_CANDIDATE 3 5 13 1
R147_CANDIDATE 3 6 8 3
R147_CANDIDATE 3 7 6 2
R147_CANDIDATE 3 8 10 2
R147_CANDIDATE 3 9 11 2
R147_CANDIDATE 3 10 7 2
R147_CANDIDATE 3 11 7 0
R147_CANDIDATE 4 0 17 0
R147_CANDIDATE 4 1 17 0
R147_CANDIDATE 4 2 7 1
R147_CANDIDATE 4 3 9 0
R147_CANDIDATE 4 4 8 3
R147_CANDIDATE 4 5 2 0
R147_CANDIDATE 4 6 3 1
R147_CANDIDATE 4 7 9 0
R147_CANDIDATE 4 8 8 3
R147_CANDIDATE 4 9 5 0
R147_CANDIDATE 4 10 6 0
R147_CANDIDATE 4 11 8 0
R147_CANDIDATE 5 0 17 0
R147_CANDIDATE 5 1 17 0
R147_CANDIDATE 5 2 9 1
R147_CANDIDATE 5 3 5 1
R147_CANDIDATE 5 4 9 1
R147_CANDIDATE 5 5 5 1
R147_CANDIDATE 5 6 10 1
R147_CANDIDATE 5 7 5 0
R147_CANDIDATE 5 8 5 0
R147_CANDIDATE 5 9 5 0
R147_CANDIDATE 5 10 8 2
R147_CANDIDATE 5 11 5 1
R147_CANDIDATE 6 0 17 0
R147_CANDIDATE 6 1 17 0
R147_CANDIDATE 6 2 5 1
R147_CANDIDATE 6 3 7 0
R147_CANDIDATE 6 4 7 2
R147_CANDIDATE 6 5 8 0
R147_CANDIDATE 6 6 4 0
R147_CANDIDATE 6 7 10 0
R147_CANDIDATE 6 8 9 0
R147_CANDIDATE 6 9 5 0
R147_CANDIDATE 6 10 9 0
R147_CANDIDATE 6 11 6 2
R147_CANDIDATE 7 0 17 0
R147_CANDIDATE 7 1 17 0
R147_CANDIDATE 7 2 11 1
R147_CANDIDATE 7 3 4 0
R147_CANDIDATE 7 4 9 2
R147_CANDIDATE 7 5 4 0
R147_CANDIDATE 7 6 3 3
R147_CANDIDATE 7 7 7 0
R147_CANDIDATE 7 8 11 1
R147_CANDIDATE 7 9 5 0
R147_CANDIDATE 7 10 3 2
R147_CANDIDATE 7 11 7 2
R147_CANDIDATE 8 0 17 0
R147_CANDIDATE 8 1 17 0
R147_CANDIDATE 8 2 11 1
R147_CANDIDATE 8 3 6 0
R147_CANDIDATE 8 4 7 0
R147_CANDIDATE 8 5 7 1
R147_CANDIDATE 8 6 5 1
R147_CANDIDATE 8 7 8 1
R147_CANDIDATE 8 8 11 1
R147_CANDIDATE 8 9 8 1
R147_CANDIDATE 8 10 11 0
R147_CANDIDATE 8 11 9 0
R147_FULL_DEVELOPMENT 17 17 0
