nohup: 忽略输入
passed 13
PHASE 0 IMU 0.102 ENCODER 0.01 CAP 0.0
PHASE 1 IMU 0.133 ENCODER 0.023 CAP 0.0
PHASE 2 IMU 0.122 ENCODER 0.01 CAP 0.0
PHASE 3 IMU 0.105 ENCODER 0.009 CAP 0.0
PHASE 4 IMU 0.093 ENCODER 0.007 CAP 0.0
PHASE 5 IMU 0.068 ENCODER 0.003 CAP 0.0
PHASE 6 IMU 0.052 ENCODER 0.004 CAP 0.0
PHASE 7 IMU 0.008 ENCODER 0.002 CAP 0.0
failed 11
PHASE 0 IMU 0.11 ENCODER 0.01 CAP 0.0
PHASE 1 IMU 0.19 ENCODER 0.026 CAP 0.072
PHASE 2 IMU 0.216 ENCODER 0.012 CAP 0.0
PHASE 3 IMU 0.283 ENCODER 0.023 CAP 0.0
PHASE 4 IMU 0.345 ENCODER 0.027 CAP 0.0
PHASE 5 IMU 0.634 ENCODER 0.024 CAP 0.0
PHASE 6 IMU 1.299 ENCODER 0.034 CAP 0.0
PHASE 7 IMU 1.014 ENCODER 0.046 CAP 0.076
RESULTS_SAVED /data/shijinsheng/open_duck/outputs/getup_tracking_audit_r71_20260930
