GEN 1 SUCCESS 13 /24 NOMINAL 1 ELIGIBLE 9 STALE 0
GEN 2 SUCCESS 13 /24 NOMINAL 1 ELIGIBLE 6 STALE 1
GEN 3 SUCCESS 13 /24 NOMINAL 1 ELIGIBLE 6 STALE 2
GEN 4 SUCCESS 13 /24 NOMINAL 1 ELIGIBLE 7 STALE 3
GEN 5 SUCCESS 13 /24 NOMINAL 1 ELIGIBLE 8 STALE 4
GEN 6 SUCCESS 13 /24 NOMINAL 1 ELIGIBLE 10 STALE 5
GEN 7 SUCCESS 13 /24 NOMINAL 1 ELIGIBLE 9 STALE 6
GEN 8 SUCCESS 13 /24 NOMINAL 1 ELIGIBLE 6 STALE 7
GEN 9 SUCCESS 13 /24 NOMINAL 1 ELIGIBLE 5 STALE 8
GEN 10 SUCCESS 13 /24 NOMINAL 1 ELIGIBLE 10 STALE 9
GEN 11 SUCCESS 13 /24 NOMINAL 1 ELIGIBLE 8 STALE 10
GEN 12 SUCCESS 13 /24 NOMINAL 1 ELIGIBLE 8 STALE 11
GEN 13 SUCCESS 13 /24 NOMINAL 1 ELIGIBLE 6 STALE 12
HELDOUT None BASE 1 CANDIDATE 1
HELDOUT 780000 BASE 0 CANDIDATE 0
HELDOUT 780001 BASE 0 CANDIDATE 0
HELDOUT 780002 BASE 0 CANDIDATE 0
HELDOUT 780003 BASE 0 CANDIDATE 0
HELDOUT 780004 BASE 0 CANDIDATE 0
HELDOUT 780005 BASE 1 CANDIDATE 1
HELDOUT 780006 BASE 0 CANDIDATE 0
HELDOUT 780007 BASE 0 CANDIDATE 0
HELDOUT 780008 BASE 1 CANDIDATE 1
HELDOUT 780009 BASE 0 CANDIDATE 0
HELDOUT 780010 BASE 1 CANDIDATE 1
HELDOUT 780011 BASE 0 CANDIDATE 0
HELDOUT 780012 BASE 0 CANDIDATE 0
HELDOUT 780013 BASE 0 CANDIDATE 0
HELDOUT 780014 BASE 0 CANDIDATE 0
HELDOUT 780015 BASE 0 CANDIDATE 0
HELDOUT 780016 BASE 0 CANDIDATE 0
HELDOUT 780017 BASE 0 CANDIDATE 0
HELDOUT 780018 BASE 0 CANDIDATE 0
HELDOUT 780019 BASE 1 CANDIDATE 1
HELDOUT 780020 BASE 0 CANDIDATE 0
HELDOUT 780021 BASE 0 CANDIDATE 0
HELDOUT 780022 BASE 1 CANDIDATE 1
HELDOUT 780023 BASE 0 CANDIDATE 0
HELDOUT 780024 BASE 1 CANDIDATE 1
HELDOUT 780025 BASE 0 CANDIDATE 0
HELDOUT 780026 BASE 1 CANDIDATE 1
HELDOUT 780027 BASE 0 CANDIDATE 0
HELDOUT 780028 BASE 1 CANDIDATE 1
HELDOUT 780029 BASE 0 CANDIDATE 0
HELDOUT 780030 BASE 1 CANDIDATE 1
HELDOUT 780031 BASE 1 CANDIDATE 1
HELDOUT 780032 BASE 1 CANDIDATE 1
HELDOUT 780033 BASE 0 CANDIDATE 0
HELDOUT 780034 BASE 0 CANDIDATE 0
HELDOUT 780035 BASE 0 CANDIDATE 0
HELDOUT 780036 BASE 0 CANDIDATE 0
HELDOUT 780037 BASE 1 CANDIDATE 1
HELDOUT 780038 BASE 1 CANDIDATE 1
HELDOUT 780039 BASE 0 CANDIDATE 0
QUALIFIED 13 /40 BASELINE 13
RESULTS_SAVED /data/shijinsheng/open_duck/outputs/getup_early_pose_r80_left_20261001
