R165_ZERO_AND_NOMINAL_PARITY_PASS
R165_FULL_CANDIDATE 1 0 18 0
R165_FULL_CANDIDATE 1 1 18 0
R165_FULL_CANDIDATE 1 2 8 2
R165_FULL_CANDIDATE 1 3 5 3
R165_FULL_CANDIDATE 1 4 8 0
R165_FULL_CANDIDATE 1 5 4 0
R165_FULL_CANDIDATE 1 6 4 0
R165_FULL_CANDIDATE 1 7 8 0
R165_FULL_CANDIDATE 2 0 18 0
R165_FULL_CANDIDATE 2 1 18 0
R165_FULL_CANDIDATE 2 2 5 3
R165_FULL_CANDIDATE 2 3 18 0
R165_FULL_CANDIDATE 2 4 9 3
R165_FULL_CANDIDATE 2 5 3 1
R165_FULL_CANDIDATE 2 6 8 1
R165_FULL_CANDIDATE 2 7 4 2
R165_FULL_CANDIDATE 3 0 18 0
R165_FULL_CANDIDATE 3 1 18 0
R165_FULL_CANDIDATE 3 2 5 1
R165_FULL_CANDIDATE 3 3 8 1
R165_FULL_CANDIDATE 3 4 3 3
R165_FULL_CANDIDATE 3 5 10 2
R165_FULL_CANDIDATE 3 6 8 1
R165_FULL_CANDIDATE 3 7 18 0
R165_FULL_CANDIDATE 4 0 18 0
R165_FULL_CANDIDATE 4 1 18 0
R165_FULL_CANDIDATE 4 2 8 1
R165_FULL_CANDIDATE 4 3 6 1
R165_FULL_CANDIDATE 4 4 7 1
R165_FULL_CANDIDATE 4 5 18 0
R165_FULL_CANDIDATE 4 6 18 0
R165_FULL_CANDIDATE 4 7 4 0
R165_FULL_DEVELOPMENT 18 18 0
