EEEEEEEEEEEEEE
======================================================================
ERROR: test_actual_nominal_scalar_529_zero (__main__.MomentumTests.test_actual_nominal_scalar_529_zero)
----------------------------------------------------------------------
Traceback (most recent call last):
  File "/data/shijinsheng/open_duck/projects/Open_Duck_Playground/diagnostics/test_centroidal_momentum_kernel_r187.py", line 19, in setUp
    self.g = run.MomentumGeometry(self.model)
             ^^^^^^^^^^^^^^^^^^^^^^^^^^^^^^^^
  File "/data/shijinsheng/open_duck/projects/Open_Duck_Playground/diagnostics/centroidal_momentum_kernel_r187.py", line 36, in __init__
    raise ValueError('Gyro must be rigidly attached to original trunk')
ValueError: Gyro must be rigidly attached to original trunk

======================================================================
ERROR: test_causal_signature (__main__.MomentumTests.test_causal_signature)
----------------------------------------------------------------------
Traceback (most recent call last):
  File "/data/shijinsheng/open_duck/projects/Open_Duck_Playground/diagnostics/test_centroidal_momentum_kernel_r187.py", line 19, in setUp
    self.g = run.MomentumGeometry(self.model)
             ^^^^^^^^^^^^^^^^^^^^^^^^^^^^^^^^
  File "/data/shijinsheng/open_duck/projects/Open_Duck_Playground/diagnostics/centroidal_momentum_kernel_r187.py", line 36, in __init__
    raise ValueError('Gyro must be rigidly attached to original trunk')
ValueError: Gyro must be rigidly attached to original trunk

======================================================================
ERROR: test_control_zero_nonzero_initial_error (__main__.MomentumTests.test_control_zero_nonzero_initial_error)
----------------------------------------------------------------------
Traceback (most recent call last):
  File "/data/shijinsheng/open_duck/projects/Open_Duck_Playground/diagnostics/test_centroidal_momentum_kernel_r187.py", line 19, in setUp
    self.g = run.MomentumGeometry(self.model)
             ^^^^^^^^^^^^^^^^^^^^^^^^^^^^^^^^
  File "/data/shijinsheng/open_duck/projects/Open_Duck_Playground/diagnostics/centroidal_momentum_kernel_r187.py", line 36, in __init__
    raise ValueError('Gyro must be rigidly attached to original trunk')
ValueError: Gyro must be rigidly attached to original trunk

======================================================================
ERROR: test_fixed_least_squares_allocation (__main__.MomentumTests.test_fixed_least_squares_allocation)
----------------------------------------------------------------------
Traceback (most recent call last):
  File "/data/shijinsheng/open_duck/projects/Open_Duck_Playground/diagnostics/test_centroidal_momentum_kernel_r187.py", line 19, in setUp
    self.g = run.MomentumGeometry(self.model)
             ^^^^^^^^^^^^^^^^^^^^^^^^^^^^^^^^
  File "/data/shijinsheng/open_duck/projects/Open_Duck_Playground/diagnostics/centroidal_momentum_kernel_r187.py", line 36, in __init__
    raise ValueError('Gyro must be rigidly attached to original trunk')
ValueError: Gyro must be rigidly attached to original trunk

======================================================================
ERROR: test_gyro_frame_reconstruction (__main__.MomentumTests.test_gyro_frame_reconstruction)
----------------------------------------------------------------------
Traceback (most recent call last):
  File "/data/shijinsheng/open_duck/projects/Open_Duck_Playground/diagnostics/test_centroidal_momentum_kernel_r187.py", line 19, in setUp
    self.g = run.MomentumGeometry(self.model)
             ^^^^^^^^^^^^^^^^^^^^^^^^^^^^^^^^
  File "/data/shijinsheng/open_duck/projects/Open_Duck_Playground/diagnostics/centroidal_momentum_kernel_r187.py", line 36, in __init__
    raise ValueError('Gyro must be rigidly attached to original trunk')
ValueError: Gyro must be rigidly attached to original trunk

======================================================================
ERROR: test_head_measured_but_not_commanded (__main__.MomentumTests.test_head_measured_but_not_commanded)
----------------------------------------------------------------------
Traceback (most recent call last):
  File "/data/shijinsheng/open_duck/projects/Open_Duck_Playground/diagnostics/test_centroidal_momentum_kernel_r187.py", line 19, in setUp
    self.g = run.MomentumGeometry(self.model)
             ^^^^^^^^^^^^^^^^^^^^^^^^^^^^^^^^
  File "/data/shijinsheng/open_duck/projects/Open_Duck_Playground/diagnostics/centroidal_momentum_kernel_r187.py", line 36, in __init__
    raise ValueError('Gyro must be rigidly attached to original trunk')
ValueError: Gyro must be rigidly attached to original trunk

======================================================================
ERROR: test_home_disabled_and_original_merge_bounds (__main__.MomentumTests.test_home_disabled_and_original_merge_bounds)
----------------------------------------------------------------------
Traceback (most recent call last):
  File "/data/shijinsheng/open_duck/projects/Open_Duck_Playground/diagnostics/test_centroidal_momentum_kernel_r187.py", line 19, in setUp
    self.g = run.MomentumGeometry(self.model)
             ^^^^^^^^^^^^^^^^^^^^^^^^^^^^^^^^
  File "/data/shijinsheng/open_duck/projects/Open_Duck_Playground/diagnostics/centroidal_momentum_kernel_r187.py", line 36, in __init__
    raise ValueError('Gyro must be rigidly attached to original trunk')
ValueError: Gyro must be rigidly attached to original trunk

======================================================================
ERROR: test_invalid_inputs (__main__.MomentumTests.test_invalid_inputs)
----------------------------------------------------------------------
Traceback (most recent call last):
  File "/data/shijinsheng/open_duck/projects/Open_Duck_Playground/diagnostics/test_centroidal_momentum_kernel_r187.py", line 19, in setUp
    self.g = run.MomentumGeometry(self.model)
             ^^^^^^^^^^^^^^^^^^^^^^^^^^^^^^^^
  File "/data/shijinsheng/open_duck/projects/Open_Duck_Playground/diagnostics/centroidal_momentum_kernel_r187.py", line 36, in __init__
    raise ValueError('Gyro must be rigidly attached to original trunk')
ValueError: Gyro must be rigidly attached to original trunk

======================================================================
ERROR: test_manual_body_sum_matrix (__main__.MomentumTests.test_manual_body_sum_matrix)
----------------------------------------------------------------------
Traceback (most recent call last):
  File "/data/shijinsheng/open_duck/projects/Open_Duck_Playground/diagnostics/test_centroidal_momentum_kernel_r187.py", line 19, in setUp
    self.g = run.MomentumGeometry(self.model)
             ^^^^^^^^^^^^^^^^^^^^^^^^^^^^^^^^
  File "/data/shijinsheng/open_duck/projects/Open_Duck_Playground/diagnostics/centroidal_momentum_kernel_r187.py", line 36, in __init__
    raise ValueError('Gyro must be rigidly attached to original trunk')
ValueError: Gyro must be rigidly attached to original trunk

======================================================================
ERROR: test_model_immutable (__main__.MomentumTests.test_model_immutable)
----------------------------------------------------------------------
Traceback (most recent call last):
  File "/data/shijinsheng/open_duck/projects/Open_Duck_Playground/diagnostics/test_centroidal_momentum_kernel_r187.py", line 19, in setUp
    self.g = run.MomentumGeometry(self.model)
             ^^^^^^^^^^^^^^^^^^^^^^^^^^^^^^^^
  File "/data/shijinsheng/open_duck/projects/Open_Duck_Playground/diagnostics/centroidal_momentum_kernel_r187.py", line 36, in __init__
    raise ValueError('Gyro must be rigidly attached to original trunk')
ValueError: Gyro must be rigidly attached to original trunk

======================================================================
ERROR: test_native_velocity_scale (__main__.MomentumTests.test_native_velocity_scale)
----------------------------------------------------------------------
Traceback (most recent call last):
  File "/data/shijinsheng/open_duck/projects/Open_Duck_Playground/diagnostics/test_centroidal_momentum_kernel_r187.py", line 19, in setUp
    self.g = run.MomentumGeometry(self.model)
             ^^^^^^^^^^^^^^^^^^^^^^^^^^^^^^^^
  File "/data/shijinsheng/open_duck/projects/Open_Duck_Playground/diagnostics/centroidal_momentum_kernel_r187.py", line 36, in __init__
    raise ValueError('Gyro must be rigidly attached to original trunk')
ValueError: Gyro must be rigidly attached to original trunk

======================================================================
ERROR: test_no_private_dynamics (__main__.MomentumTests.test_no_private_dynamics)
----------------------------------------------------------------------
Traceback (most recent call last):
  File "/data/shijinsheng/open_duck/projects/Open_Duck_Playground/diagnostics/test_centroidal_momentum_kernel_r187.py", line 19, in setUp
    self.g = run.MomentumGeometry(self.model)
             ^^^^^^^^^^^^^^^^^^^^^^^^^^^^^^^^
  File "/data/shijinsheng/open_duck/projects/Open_Duck_Playground/diagnostics/centroidal_momentum_kernel_r187.py", line 36, in __init__
    raise ValueError('Gyro must be rigidly attached to original trunk')
ValueError: Gyro must be rigidly attached to original trunk

======================================================================
ERROR: test_no_upvector_or_extra_channels (__main__.MomentumTests.test_no_upvector_or_extra_channels)
----------------------------------------------------------------------
Traceback (most recent call last):
  File "/data/shijinsheng/open_duck/projects/Open_Duck_Playground/diagnostics/test_centroidal_momentum_kernel_r187.py", line 19, in setUp
    self.g = run.MomentumGeometry(self.model)
             ^^^^^^^^^^^^^^^^^^^^^^^^^^^^^^^^
  File "/data/shijinsheng/open_duck/projects/Open_Duck_Playground/diagnostics/centroidal_momentum_kernel_r187.py", line 36, in __init__
    raise ValueError('Gyro must be rigidly attached to original trunk')
ValueError: Gyro must be rigidly attached to original trunk

======================================================================
ERROR: test_translation_invariance_matrix (__main__.MomentumTests.test_translation_invariance_matrix)
----------------------------------------------------------------------
Traceback (most recent call last):
  File "/data/shijinsheng/open_duck/projects/Open_Duck_Playground/diagnostics/test_centroidal_momentum_kernel_r187.py", line 19, in setUp
    self.g = run.MomentumGeometry(self.model)
             ^^^^^^^^^^^^^^^^^^^^^^^^^^^^^^^^
  File "/data/shijinsheng/open_duck/projects/Open_Duck_Playground/diagnostics/centroidal_momentum_kernel_r187.py", line 36, in __init__
    raise ValueError('Gyro must be rigidly attached to original trunk')
ValueError: Gyro must be rigidly attached to original trunk

----------------------------------------------------------------------
Ran 14 tests in 0.402s

FAILED (errors=14)
