R104_CASE early None True True
R104_CASE early 769000 False True
R104_CASE early 769001 False True
R104_CASE early 769002 False True
R104_CASE early 769003 True True
R104_CASE early 769004 False True
R104_CASE early 769005 False True
R104_CASE early 769006 True True
R104_CASE early 769007 False True
R104_CASE early 773000 False True
R104_CASE early 773001 False True
R104_CASE early 773002 False True
R104_CASE early 773003 False True
R104_CASE early 773004 True True
R104_CASE early 773005 False True
R104_CASE early 773006 False True
R104_CASE early 773007 False True
R104_CASE early 773008 True True
R104_CASE early 773009 False True
R104_CASE early 773010 False True
R104_CASE early 773011 False True
R104_CASE early 773012 False True
R104_CASE early 773013 False True
R104_CASE early 773014 False True
R104_CASE early 773015 True True
R104_RESULT early 5 True 0
R104_CASE late None True True
R104_CASE late 769000 False True
R104_CASE late 769001 False True
R104_CASE late 769002 False True
R104_CASE late 769003 False True
R104_CASE late 769004 False True
R104_CASE late 769005 False True
R104_CASE late 769006 False True
R104_CASE late 769007 False True
R104_CASE late 773000 False True
R104_CASE late 773001 False True
R104_CASE late 773002 False True
R104_CASE late 773003 False True
R104_CASE late 773004 False True
R104_CASE late 773005 False True
R104_CASE late 773006 False True
R104_CASE late 773007 True True
R104_CASE late 773008 False True
R104_CASE late 773009 True True
R104_CASE late 773010 True True
R104_CASE late 773011 False True
R104_CASE late 773012 False False
R104_CASE late 773013 False True
R104_CASE late 773014 False True
R104_CASE late 773015 True True
R104_RESULT late 4 True 1
R104_CASE local None True True
R104_CASE local 769000 False True
R104_CASE local 769001 True True
R104_CASE local 769002 False True
R104_CASE local 769003 False True
R104_CASE local 769004 True True
R104_CASE local 769005 False True
R104_CASE local 769006 False True
R104_CASE local 769007 False True
R104_CASE local 773000 False False
R104_CASE local 773001 False True
R104_CASE local 773002 False True
R104_CASE local 773003 False True
R104_CASE local 773004 False True
R104_CASE local 773005 False True
R104_CASE local 773006 True True
R104_CASE local 773007 True True
R104_CASE local 773008 True True
R104_CASE local 773009 False True
R104_CASE local 773010 False True
R104_CASE local 773011 False True
R104_CASE local 773012 True True
R104_CASE local 773013 False True
R104_CASE local 773014 False True
R104_CASE local 773015 False True
R104_RESULT local 6 True 1
R104_CASE prefix None True True
R104_CASE prefix 769000 False True
R104_CASE prefix 769001 True True
R104_CASE prefix 769002 True True
R104_CASE prefix 769003 False True
R104_CASE prefix 769004 False True
R104_CASE prefix 769005 True True
R104_CASE prefix 769006 False True
R104_CASE prefix 769007 False True
R104_CASE prefix 773000 False True
R104_CASE prefix 773001 False True
R104_CASE prefix 773002 True True
R104_CASE prefix 773003 True True
R104_CASE prefix 773004 False True
R104_CASE prefix 773005 False True
R104_CASE prefix 773006 False True
R104_CASE prefix 773007 False True
R104_CASE prefix 773008 False True
R104_CASE prefix 773009 False True
R104_CASE prefix 773010 True True
R104_CASE prefix 773011 False True
R104_CASE prefix 773012 True True
R104_CASE prefix 773013 False True
R104_CASE prefix 773014 True True
R104_CASE prefix 773015 False True
R104_RESULT prefix 8 True 0
R104_TERMINAL
