[2026-09-28 20:48:55.140] [CoACD] [warning] Max concavity 0.04888553022828168 exceeds the threshold 0.02995768955750342 due to 32 convex hull limitation
[2026-09-28 20:49:06.935] [CoACD] [warning] Max concavity 0.05298881352564379 exceeds the threshold 0.034559140461365226 due to 32 convex hull limitation
[2026-09-28 20:49:19.518] [CoACD] [warning] Max concavity 0.06459468331589237 exceeds the threshold 0.030964877962124944 due to 32 convex hull limitation
[2026-09-28 20:50:05.395] [CoACD] [warning] Max concavity 0.051792119526863724 exceeds the threshold 0.03371212705871697 due to 32 convex hull limitation
[2026-09-28 20:50:22.790] [CoACD] [warning] Max concavity 0.06547683906006146 exceeds the threshold 0.02517795465987402 due to 32 convex hull limitation
{"name": "body_back", "components": 32, "original_vertices": 53, "original_faces": 104, "maximum_sampled_support_error_m": 0.00034791420493268665, "wall_seconds": 152.15639662742615, "threshold_m": 0.002}
{"name": "foot_bottom_pla", "components": 16, "original_vertices": 54, "original_faces": 104, "maximum_sampled_support_error_m": 2.3275315275128605e-06, "wall_seconds": 4.206181049346924, "threshold_m": 0.002}
{"name": "neck_left_sheet", "components": 14, "original_vertices": 48, "original_faces": 104, "maximum_sampled_support_error_m": 0.00015547835504358017, "wall_seconds": 33.69076991081238, "threshold_m": 0.002}
{"name": "right_roll_to_pitch", "components": 32, "original_vertices": 46, "original_faces": 102, "maximum_sampled_support_error_m": 0.00023841486154187186, "wall_seconds": 76.29945969581604, "threshold_m": 0.002}
{"name": "trunk_bottom", "components": 32, "original_vertices": 51, "original_faces": 104, "maximum_sampled_support_error_m": 0.00027242394628726463, "wall_seconds": 60.29570698738098, "threshold_m": 0.002}
{"name": "body_middle_bottom", "components": 30, "original_vertices": 54, "original_faces": 104, "maximum_sampled_support_error_m": 4.62679657334264e-06, "wall_seconds": 2.613358497619629, "threshold_m": 0.002}
{"name": "antenna", "components": 1, "original_vertices": 54, "original_faces": 104, "maximum_sampled_support_error_m": 1.030593659118173e-05, "wall_seconds": 0.004784107208251953, "threshold_m": 0.002}
{"name": "foot_side", "components": 28, "original_vertices": 46, "original_faces": 102, "maximum_sampled_support_error_m": 0.00026828043151562106, "wall_seconds": 61.916587591171265, "threshold_m": 0.002}
{"name": "left_roll_to_pitch", "components": 32, "original_vertices": 50, "original_faces": 104, "maximum_sampled_support_error_m": 0.000239618958432046, "wall_seconds": 70.25397396087646, "threshold_m": 0.002}
{"name": "foot_top", "components": 32, "original_vertices": 50, "original_faces": 104, "maximum_sampled_support_error_m": 5.7556505836039995e-06, "wall_seconds": 12.579255104064941, "threshold_m": 0.002}
[2026-09-28 20:51:19.595] [CoACD] [warning] Max concavity 0.06354526527863572 exceeds the threshold 0.036341968905253104 due to 32 convex hull limitation
[2026-09-28 20:52:25.304] [CoACD] [warning] Max concavity 0.05159478768561181 exceeds the threshold 0.015463619572331715 due to 32 convex hull limitation
{"name": "head", "components": 32, "original_vertices": 49, "original_faces": 104, "maximum_sampled_support_error_m": 0.000523577805052744, "wall_seconds": 185.78757309913635, "threshold_m": 0.002}
{"name": "foot_bottom_tpu", "components": 1, "original_vertices": 18, "original_faces": 32, "maximum_sampled_support_error_m": 6.718857900829545e-06, "wall_seconds": 0.024564027786254883, "threshold_m": 0.002}
{"name": "neck_right_sheet", "components": 19, "original_vertices": 50, "original_faces": 104, "maximum_sampled_support_error_m": 0.00015763849334149427, "wall_seconds": 49.803900480270386, "threshold_m": 0.002}
{"name": "head_yaw_to_roll", "components": 32, "original_vertices": 47, "original_faces": 104, "maximum_sampled_support_error_m": 0.00022253994256438148, "wall_seconds": 74.19612336158752, "threshold_m": 0.002}
{"name": "roll_motor_top", "components": 15, "original_vertices": 50, "original_faces": 104, "maximum_sampled_support_error_m": 0.00010400088292077808, "wall_seconds": 60.48537850379944, "threshold_m": 0.002}
{"name": "left_knee_to_ankle_left_sheet", "components": 10, "original_vertices": 51, "original_faces": 104, "maximum_sampled_support_error_m": 0.00019113561668859802, "wall_seconds": 17.687493085861206, "threshold_m": 0.002}
{"name": "body_middle_top", "components": 32, "original_vertices": 52, "original_faces": 104, "maximum_sampled_support_error_m": 8.765495768794929e-06, "wall_seconds": 3.6771433353424072, "threshold_m": 0.002}
{"name": "left_antenna_holder", "components": 12, "original_vertices": 54, "original_faces": 104, "maximum_sampled_support_error_m": 3.0897948794707947e-06, "wall_seconds": 1.9907643795013428, "threshold_m": 0.002}
{"name": "head_pitch_to_yaw", "components": 25, "original_vertices": 45, "original_faces": 104, "maximum_sampled_support_error_m": 0.00020580453374086094, "wall_seconds": 41.91377329826355, "threshold_m": 0.002}
{"name": "right_antenna_holder", "components": 14, "original_vertices": 52, "original_faces": 104, "maximum_sampled_support_error_m": 0.00011100363747496012, "wall_seconds": 32.63440704345703, "threshold_m": 0.002}
{"name": "roll_motor_bottom", "components": 19, "original_vertices": 53, "original_faces": 104, "maximum_sampled_support_error_m": 0.00011204786963181501, "wall_seconds": 71.70087623596191, "threshold_m": 0.002}
[2026-09-28 20:52:58.714] [CoACD] [warning] Max concavity 0.033657633973545514 exceeds the threshold 0.020229953422473766 due to 32 convex hull limitation
{"name": "right_cache", "components": 32, "original_vertices": 53, "original_faces": 104, "maximum_sampled_support_error_m": 0.0004050262568068702, "wall_seconds": 90.64674043655396, "threshold_m": 0.002}
{"name": "left_knee_to_ankle_right_sheet", "components": 12, "original_vertices": 50, "original_faces": 100, "maximum_sampled_support_error_m": 0.0001920119675307419, "wall_seconds": 25.599929332733154, "threshold_m": 0.002}
{"name": "body_front", "components": 11, "original_vertices": 52, "original_faces": 104, "maximum_sampled_support_error_m": 0.0003926872094631717, "wall_seconds": 19.402831554412842, "threshold_m": 0.002}
{"name": "leg_spacer", "components": 26, "original_vertices": 47, "original_faces": 104, "maximum_sampled_support_error_m": 0.00010077277236075766, "wall_seconds": 74.04056859016418, "threshold_m": 0.002}
[2026-09-28 20:54:49.809] [CoACD] [warning] Max concavity 0.06648819333849704 exceeds the threshold 0.024334068201348813 due to 32 convex hull limitation
{"name": "trunk_top", "components": 32, "original_vertices": 48, "original_faces": 104, "maximum_sampled_support_error_m": 0.0003169115461987282, "wall_seconds": 138.5102038383484, "threshold_m": 0.002}
{"name": "head_bot_sheet", "components": 20, "original_vertices": 50, "original_faces": 104, "maximum_sampled_support_error_m": 7.470808448317712e-06, "wall_seconds": 1.8311026096343994, "threshold_m": 0.002}
{"name": "left_cache", "components": 32, "original_vertices": 54, "original_faces": 104, "maximum_sampled_support_error_m": 4.604584612405427e-06, "wall_seconds": 5.033910274505615, "threshold_m": 0.002}
{"pose": "standing", "settled": {"up_z": 0.9999912759136186, "height_m": 0.1610541759452266, "feet": [true, true], "torso_contact": false, "penetration_m": 0.00014671547474368312, "linear_speed_mps": 0.0005645290719065545, "angular_speed_rad_s": 0.0013938747607170929, "stable": true, "finite": true}, "self_contacts": {}, "final": {"up_z": 0.9957451159521844, "height_m": 0.16494366543284103, "feet": [true, true], "torso_contact": false, "penetration_m": 0.00018175040972996832, "linear_speed_mps": 0.0003610584301948957, "angular_speed_rad_s": 0.0015242558660217187, "stable": true, "finite": true}, "standing_stable_samples_out_of_100": 92}
{"pose": "prone", "settled": {"up_z": 0.19706741256080781, "height_m": 0.06242463564676508, "feet": [true, true], "torso_contact": true, "penetration_m": 9.842579835606102e-05, "linear_speed_mps": 0.0017813703107888224, "angular_speed_rad_s": 0.0008691328953525784, "stable": false, "finite": true}, "self_contacts": {}, "final": {"up_z": 0.19742727473118596, "height_m": 0.06064296339907782, "feet": [true, true], "torso_contact": true, "penetration_m": 0.0001000005709512336, "linear_speed_mps": 0.000503669712908698, "angular_speed_rad_s": 0.0009693696886646932, "stable": false, "finite": true}, "standing_stable_samples_out_of_100": 0}
{"pose": "supine", "settled": {"up_z": -0.0002370652563214871, "height_m": 0.15434352669689236, "feet": [false, false], "torso_contact": true, "penetration_m": 2.017584571507164e-05, "linear_speed_mps": 0.00017322739776967294, "angular_speed_rad_s": 0.002250086353844612, "stable": false, "finite": true}, "self_contacts": {}, "final": {"up_z": -0.0002243899623348652, "height_m": 0.15434355154695154, "feet": [false, false], "torso_contact": true, "penetration_m": 1.955341007651469e-05, "linear_speed_mps": 2.7301070678954173e-05, "angular_speed_rad_s": 0.00031944395272011025, "stable": false, "finite": true}, "standing_stable_samples_out_of_100": 0}
{"pose": "left_side", "settled": {"up_z": -0.23191262498800652, "height_m": 0.13237740575684687, "feet": [false, false], "torso_contact": true, "penetration_m": 6.789688329194004e-05, "linear_speed_mps": 0.003516363731359581, "angular_speed_rad_s": 0.036178315548211666, "stable": false, "finite": true}, "self_contacts": {}, "final": {"up_z": -0.24232285342631626, "height_m": 0.13196213604324494, "feet": [false, false], "torso_contact": true, "penetration_m": 0.0001455375595043563, "linear_speed_mps": 0.0001718116878650795, "angular_speed_rad_s": 0.0015148645538599632, "stable": false, "finite": true}, "standing_stable_samples_out_of_100": 0}
{"pose": "right_side", "settled": {"up_z": -0.23207349511623346, "height_m": 0.1327693581387546, "feet": [false, false], "torso_contact": true, "penetration_m": 9.215796696930133e-05, "linear_speed_mps": 0.005386127818017659, "angular_speed_rad_s": 0.054314789614773144, "stable": false, "finite": true}, "self_contacts": {}, "final": {"up_z": -0.23294038592539282, "height_m": 0.13274779001523052, "feet": [false, false], "torso_contact": true, "penetration_m": 8.155610696094617e-05, "linear_speed_mps": 0.00010024308635291142, "angular_speed_rad_s": 0.0014576436899569596, "stable": false, "finite": true}, "standing_stable_samples_out_of_100": 0}
