R182_SCALAR_GROUP_EXACT /data/shijinsheng/open_duck/outputs/getup_full_episode_pg_r181_left_20261010/zero_parity 3
R182_SCALAR_GROUP_EXACT /data/shijinsheng/open_duck/outputs/getup_full_episode_pg_r181_left_20261010/nonzero_smoke 3
R182_SCALAR_GROUP_EXACT /data/shijinsheng/open_duck/outputs/getup_full_episode_pg_r181_left_20261010/exploration_smoke/replicate_0 1
R182_SCALAR_GROUP_EXACT /data/shijinsheng/open_duck/outputs/getup_full_episode_pg_r181_left_20261010/exploration_smoke/replicate_1 1
R182_SCALAR_GROUP_EXACT /data/shijinsheng/open_duck/outputs/getup_full_episode_pg_r181_left_20261010/development_baseline 25
R182_SCALAR_GROUP_EXACT /data/shijinsheng/open_duck/outputs/getup_full_episode_pg_r181_left_20261010/training/update_0001/replicate_0 25
R182_SCALAR_GROUP_EXACT /data/shijinsheng/open_duck/outputs/getup_full_episode_pg_r181_left_20261010/training/update_0001/replicate_1 25
R182_SCALAR_GROUP_EXACT /data/shijinsheng/open_duck/outputs/getup_full_episode_pg_r181_left_20261010/training/update_0002/replicate_0 25
R182_SCALAR_GROUP_EXACT /data/shijinsheng/open_duck/outputs/getup_full_episode_pg_r181_left_20261010/training/update_0002/replicate_1 25
R182_SCALAR_GROUP_EXACT /data/shijinsheng/open_duck/outputs/getup_full_episode_pg_r181_left_20261010/training/update_0003/replicate_0 25
R182_SCALAR_GROUP_EXACT /data/shijinsheng/open_duck/outputs/getup_full_episode_pg_r181_left_20261010/training/update_0003/replicate_1 25
R182_SCALAR_GROUP_EXACT /data/shijinsheng/open_duck/outputs/getup_full_episode_pg_r181_left_20261010/training/update_0004/replicate_0 25
R182_SCALAR_GROUP_EXACT /data/shijinsheng/open_duck/outputs/getup_full_episode_pg_r181_left_20261010/training/update_0004/replicate_1 25
R182_SCALAR_GROUP_EXACT /data/shijinsheng/open_duck/outputs/getup_full_episode_pg_r181_left_20261010/development_checkpoints/update_0001 25
R182_SCALAR_GROUP_EXACT /data/shijinsheng/open_duck/outputs/getup_full_episode_pg_r181_left_20261010/development_checkpoints/update_0002 25
R182_SCALAR_GROUP_EXACT /data/shijinsheng/open_duck/outputs/getup_full_episode_pg_r181_left_20261010/development_checkpoints/update_0003 25
R182_SCALAR_GROUP_EXACT /data/shijinsheng/open_duck/outputs/getup_full_episode_pg_r181_left_20261010/development_checkpoints/update_0004 25
R182_SCALAR_GROUP_EXACT /data/shijinsheng/open_duck/outputs/getup_full_episode_pg_r181_left_20261010/development_candidate 25
R182_LEARNER_UPDATE_EXACT 1
R182_LEARNER_UPDATE_EXACT 2
R182_LEARNER_UPDATE_EXACT 3
R182_LEARNER_UPDATE_EXACT 4
R182_READ_ONLY_CLOSED 358 25 4
