R164_PAIR R162_full None None None
R164_PAIR R162_full 769000 41.72874640836999 0.009000786123578334
R164_PAIR R162_full 769001 21.646566566450197 0.008146732627802022
R164_PAIR R162_full 769002 119.70382917262593 0.007097702891797417
R164_PAIR R162_full 769003 40.52089492693462 0.008893627663997657
R164_PAIR R162_full 769004 99.02638276608353 0.013482896994566899
R164_PAIR R162_full 769005 28.96326511130937 0.013228745050728657
R164_PAIR R162_full 769006 85.30690950842934 0.018456170289820287
R164_PAIR R162_full 769007 60.68807231860641 0.006327657818925075
R164_PAIR R162_full 773000 124.25926821266945 0.009508867434907224
R164_PAIR R162_full 773001 80.29346182022275 0.01993586881365917
R164_PAIR R162_full 773002 105.68896190868628 0.005296058845382602
R164_PAIR R162_full 773003 56.858133732177734 0.0035698841334094278
R164_PAIR R162_full 773004 86.5074815100965 0.01349749321034448
R164_PAIR R162_full 773005 2.8940654787409614 0.006240213569111922
R164_PAIR R162_full 773006 75.77470283556987 0.011731031044156535
R164_PAIR R162_full 773007 67.85048643053594 0.012294101383558246
R164_PAIR R162_full 773008 77.77763412645986 0.011995461258504326
R164_PAIR R162_full 773009 55.54251378539558 0.009953482854669212
R164_PAIR R162_full 773010 33.42475916025918 0.008018801271947157
R164_PAIR R162_full 773011 47.45791148564174 0.012159814854990042
R164_PAIR R162_full 773012 34.809474369895455 0.019959541285609266
R164_PAIR R162_full 773013 55.271854831091595 0.00569648480244201
R164_PAIR R162_full 773014 111.8700280981707 0.010894174732451831
R164_PAIR R162_full 773015 133.91147465185958 0.01182928976442146
R164_PAIR R133_alternative_1 769002 None 0.012774090493428423
R164_PAIR R133_alternative_2 769004 None 0.014400018996920777
R164_PAIR R133_alternative_2 773001 None 0.006049788121963486
R164_PAIR R133_alternative_3 773001 None 0.009355395578961383
R164_PAIR R133_alternative_1 773004 None 0.00508990621438725
R164_PAIR R133_alternative_2 773004 None 0.0055972527071740715
R164_PAIR R133_alternative_1 773005 None 0.013279934793089681
R164_PAIR R133_alternative_3 773015 None 0.019350277190491854
R164_PAIR R160_best_valid_SHORT None None None
R164_PAIR R160_best_valid_SHORT 769000 7.263584137911601 0.024336996337617163
R164_PAIR R160_best_valid_SHORT 769001 16.95704266851995 0.008116303124114658
R164_PAIR R160_best_valid_SHORT 769002 25.280523681357586 0.006037464361192472
R164_PAIR R160_best_valid_SHORT 769003 7.528398400147892 0.014002693976782709
R164_PAIR R160_best_valid_SHORT 769004 32.15651326835552 0.014594111431241568
R164_PAIR R160_best_valid_SHORT 769005 5.75750310354555 0.021325113347882084
R164_PAIR R160_best_valid_SHORT 769006 14.218437611766689 0.015433493458877122
R164_PAIR R160_best_valid_SHORT 769007 23.637429593651355 0.00550190910819988
R164_PAIR R160_best_valid_SHORT 773000 37.799822774186254 0.008786778420771798
R164_PAIR R160_best_valid_SHORT 773001 29.94024520990831 0.020620017636477878
R164_PAIR R160_best_valid_SHORT 773002 32.30453632839013 0.016853226769490574
R164_PAIR R160_best_valid_SHORT 773003 16.038358758918978 0.011787254653750728
R164_PAIR R160_best_valid_SHORT 773004 15.049886441210612 0.0032572735208714334
R164_PAIR R160_best_valid_SHORT 773005 8.213868557208192 0.011918147029463453
R164_PAIR R160_best_valid_SHORT 773006 21.546131109586504 0.009025306677203958
R164_PAIR R160_best_valid_SHORT 773007 9.05461284429038 0.01610177649384868
R164_PAIR R160_best_valid_SHORT 773008 21.66320719538603 0.011587657153742143
R164_PAIR R160_best_valid_SHORT 773009 24.575266679663258 0.007691471629415321
R164_PAIR R160_best_valid_SHORT 773010 11.207230971086203 0.003916603999329215
R164_PAIR R160_best_valid_SHORT 773011 27.71488399555275 0.007903254929961596
R164_PAIR R160_best_valid_SHORT 773012 14.093059565285902 0.01788020317948734
R164_PAIR R160_best_valid_SHORT 773013 26.37466548226976 0.008078696093472811
R164_PAIR R160_best_valid_SHORT 773014 14.136260524045575 0.011234274560389374
R164_PAIR R160_best_valid_SHORT 773015 35.55470736718153 0.008223730691121396
R164_CLOSED 58 1.013494355106559e-08
