R126_REPLAY r122_snapshot 3180019 {'substep_index': 3030, 'control_index': 303, 'substep_in_control': 0, 'post_step_time': 6.861999999999466, 'self_penetration_m': 0.04861545285957774, 'geom_ids': [20, 607], 'geom_names': ['getup_collision_1_3', 'getup_collision_29_18'], 'body_names': ['trunk_assembly', 'head_assembly']}
R126_REPLAY r124_snapshot 773007 {'substep_index': 442, 'control_index': 44, 'substep_in_control': 2, 'post_step_time': 1.6860000000000013, 'self_penetration_m': 0.03000961815022682, 'geom_ids': [77, 786], 'geom_names': ['getup_collision_2_28', 'getup_collision_37_2'], 'body_names': ['trunk_assembly', 'knee_and_ankle_assembly_3']}
R126_REPLAY r124_snapshot 773010 {'substep_index': 447, 'control_index': 44, 'substep_in_control': 7, 'post_step_time': 1.6960000000000013, 'self_penetration_m': 0.029747451977362206, 'geom_ids': [77, 786], 'geom_names': ['getup_collision_2_28', 'getup_collision_37_2'], 'body_names': ['trunk_assembly', 'knee_and_ankle_assembly_3']}
R126_REPLAY r124_snapshot 773015 {'substep_index': 441, 'control_index': 44, 'substep_in_control': 1, 'post_step_time': 1.6840000000000013, 'self_penetration_m': 0.029971488930797836, 'geom_ids': [77, 786], 'geom_names': ['getup_collision_2_28', 'getup_collision_37_2'], 'body_names': ['trunk_assembly', 'knee_and_ankle_assembly_3']}
R126_REPLAY r124_snapshot 3160006 {'substep_index': 3036, 'control_index': 303, 'substep_in_control': 6, 'post_step_time': 6.873999999999465, 'self_penetration_m': 0.048677046800164096, 'geom_ids': [20, 607], 'geom_names': ['getup_collision_1_3', 'getup_collision_29_18'], 'body_names': ['trunk_assembly', 'head_assembly']}
R126_REPLAY r124_snapshot 3180024 {'substep_index': 3028, 'control_index': 302, 'substep_in_control': 8, 'post_step_time': 6.857999999999467, 'self_penetration_m': 0.0486868573400422, 'geom_ids': [20, 607], 'geom_names': ['getup_collision_1_3', 'getup_collision_29_18'], 'body_names': ['trunk_assembly', 'head_assembly']}
R126_REPLAY r122_history 773004 {'substep_index': 439, 'control_index': 43, 'substep_in_control': 9, 'post_step_time': 1.6800000000000013, 'self_penetration_m': 0.029955941621507526, 'geom_ids': [77, 786], 'geom_names': ['getup_collision_2_28', 'getup_collision_37_2'], 'body_names': ['trunk_assembly', 'knee_and_ankle_assembly_3']}
R126_REPLAY r122_history 3180000 {'substep_index': 439, 'control_index': 43, 'substep_in_control': 9, 'post_step_time': 1.6800000000000013, 'self_penetration_m': 0.02980928257766858, 'geom_ids': [77, 786], 'geom_names': ['getup_collision_2_28', 'getup_collision_37_2'], 'body_names': ['trunk_assembly', 'knee_and_ankle_assembly_3']}
R126_REPLAY r122_history 3180019 {'substep_index': 3030, 'control_index': 303, 'substep_in_control': 0, 'post_step_time': 6.861999999999466, 'self_penetration_m': 0.04861545285957774, 'geom_ids': [20, 607], 'geom_names': ['getup_collision_1_3', 'getup_collision_29_18'], 'body_names': ['trunk_assembly', 'head_assembly']}
R126_REPLAY r122_history 3180038 {'substep_index': 440, 'control_index': 44, 'substep_in_control': 0, 'post_step_time': 1.6820000000000013, 'self_penetration_m': 0.0299391208874861, 'geom_ids': [77, 786], 'geom_names': ['getup_collision_2_28', 'getup_collision_37_2'], 'body_names': ['trunk_assembly', 'knee_and_ankle_assembly_3']}
R126_REPLAY r124_history 773004 {'substep_index': 439, 'control_index': 43, 'substep_in_control': 9, 'post_step_time': 1.6800000000000013, 'self_penetration_m': 0.029955941621507526, 'geom_ids': [77, 786], 'geom_names': ['getup_collision_2_28', 'getup_collision_37_2'], 'body_names': ['trunk_assembly', 'knee_and_ankle_assembly_3']}
R126_REPLAY r124_history 773006 {'substep_index': 443, 'control_index': 44, 'substep_in_control': 3, 'post_step_time': 1.6880000000000013, 'self_penetration_m': 0.030006153933141242, 'geom_ids': [77, 786], 'geom_names': ['getup_collision_2_28', 'getup_collision_37_2'], 'body_names': ['trunk_assembly', 'knee_and_ankle_assembly_3']}
R126_REPLAY r124_history 3160022 {'substep_index': 3035, 'control_index': 303, 'substep_in_control': 5, 'post_step_time': 6.871999999999465, 'self_penetration_m': 0.04869924161441436, 'geom_ids': [20, 607], 'geom_names': ['getup_collision_1_3', 'getup_collision_29_18'], 'body_names': ['trunk_assembly', 'head_assembly']}
R126_REPLAY r124_history 3160033 {'substep_index': 3026, 'control_index': 302, 'substep_in_control': 6, 'post_step_time': 6.853999999999467, 'self_penetration_m': 0.0488288194776634, 'geom_ids': [20, 607], 'geom_names': ['getup_collision_1_3', 'getup_collision_29_18'], 'body_names': ['trunk_assembly', 'head_assembly']}
R126_REPLAY r124_history 3160035 {'substep_index': 443, 'control_index': 44, 'substep_in_control': 3, 'post_step_time': 1.6880000000000013, 'self_penetration_m': 0.030032379880061022, 'geom_ids': [77, 786], 'geom_names': ['getup_collision_2_28', 'getup_collision_37_2'], 'body_names': ['trunk_assembly', 'knee_and_ankle_assembly_3']}
R126_REPLAY r124_history 3180023 {'substep_index': 3039, 'control_index': 303, 'substep_in_control': 9, 'post_step_time': 6.879999999999464, 'self_penetration_m': 0.048644009220892424, 'geom_ids': [20, 607], 'geom_names': ['getup_collision_1_3', 'getup_collision_29_18'], 'body_names': ['trunk_assembly', 'head_assembly']}
R126_REPLAY zero 773004 {'substep_index': 442, 'control_index': 44, 'substep_in_control': 2, 'post_step_time': 1.6860000000000013, 'self_penetration_m': 0.0019017242016996566, 'geom_ids': [76, 786], 'geom_names': ['getup_collision_2_27', 'getup_collision_37_2'], 'body_names': ['trunk_assembly', 'knee_and_ankle_assembly_3']}
R126_REPLAY teacher 773004 {'substep_index': 445, 'control_index': 44, 'substep_in_control': 5, 'post_step_time': 1.6920000000000013, 'self_penetration_m': 0.0019549257642092624, 'geom_ids': [76, 786], 'geom_names': ['getup_collision_2_27', 'getup_collision_37_2'], 'body_names': ['trunk_assembly', 'knee_and_ankle_assembly_3']}
R126_REPLAY r122_snapshot 773004 {'substep_index': 442, 'control_index': 44, 'substep_in_control': 2, 'post_step_time': 1.6860000000000013, 'self_penetration_m': 0.0019017242016996566, 'geom_ids': [76, 786], 'geom_names': ['getup_collision_2_27', 'getup_collision_37_2'], 'body_names': ['trunk_assembly', 'knee_and_ankle_assembly_3']}
R126_REPLAY zero 773006 {'substep_index': 443, 'control_index': 44, 'substep_in_control': 3, 'post_step_time': 1.6880000000000013, 'self_penetration_m': 0.002141480424875331, 'geom_ids': [77, 787], 'geom_names': ['getup_collision_2_28', 'getup_collision_37_3'], 'body_names': ['trunk_assembly', 'knee_and_ankle_assembly_3']}
R126_REPLAY teacher 773006 {'substep_index': 443, 'control_index': 44, 'substep_in_control': 3, 'post_step_time': 1.6880000000000013, 'self_penetration_m': 0.002141480424875331, 'geom_ids': [77, 787], 'geom_names': ['getup_collision_2_28', 'getup_collision_37_3'], 'body_names': ['trunk_assembly', 'knee_and_ankle_assembly_3']}
R126_REPLAY r122_snapshot 773006 {'substep_index': 443, 'control_index': 44, 'substep_in_control': 3, 'post_step_time': 1.6880000000000013, 'self_penetration_m': 0.0019211704829636095, 'geom_ids': [76, 786], 'geom_names': ['getup_collision_2_27', 'getup_collision_37_2'], 'body_names': ['trunk_assembly', 'knee_and_ankle_assembly_3']}
R126_REPLAY r122_history 773006 {'substep_index': 443, 'control_index': 44, 'substep_in_control': 3, 'post_step_time': 1.6880000000000013, 'self_penetration_m': 0.002141480424875331, 'geom_ids': [77, 787], 'geom_names': ['getup_collision_2_28', 'getup_collision_37_3'], 'body_names': ['trunk_assembly', 'knee_and_ankle_assembly_3']}
R126_REPLAY zero 773007 {'substep_index': 443, 'control_index': 44, 'substep_in_control': 3, 'post_step_time': 1.6880000000000013, 'self_penetration_m': 0.0019577414240609372, 'geom_ids': [76, 786], 'geom_names': ['getup_collision_2_27', 'getup_collision_37_2'], 'body_names': ['trunk_assembly', 'knee_and_ankle_assembly_3']}
concurrent.futures.process._RemoteTraceback: 
"""
Traceback (most recent call last):
  File "/data/shijinsheng/open_duck/python/cpython-3.11.16-linux-x86_64-gnu/lib/python3.11/concurrent/futures/process.py", line 261, in _process_worker
    r = call_item.fn(*call_item.args, **call_item.kwargs)
        ^^^^^^^^^^^^^^^^^^^^^^^^^^^^^^^^^^^^^^^^^^^^^^^^^
  File "/data/shijinsheng/open_duck/python/cpython-3.11.16-linux-x86_64-gnu/lib/python3.11/concurrent/futures/process.py", line 210, in _process_chunk
    return [fn(*args) for args in chunk]
           ^^^^^^^^^^^^^^^^^^^^^^^^^^^^^
  File "/data/shijinsheng/open_duck/python/cpython-3.11.16-linux-x86_64-gnu/lib/python3.11/concurrent/futures/process.py", line 210, in <listcomp>
    return [fn(*args) for args in chunk]
            ^^^^^^^^^
  File "/data/shijinsheng/open_duck/projects/Open_Duck_Playground/diagnostics/probe_getup_substep_contacts_r126.py", line 68, in replay
    assert all(comparisons.values()), (label,case,k,comparisons)
           ^^^^^^^^^^^^^^^^^^^^^^^^^
AssertionError: ('teacher', 773007, 529, {'observations': True, 'normalized_residual': False, 'time': True, 'qpos': True, 'qvel': True, 'applied': True, 'strict': True})
"""

The above exception was the direct cause of the following exception:

Traceback (most recent call last):
  File "<frozen runpy>", line 198, in _run_module_as_main
  File "<frozen runpy>", line 88, in _run_code
  File "/data/shijinsheng/open_duck/projects/Open_Duck_Playground/diagnostics/probe_getup_substep_contacts_r126.py", line 130, in <module>
    if __name__=='__main__':main()
                            ^^^^^^
  File "/data/shijinsheng/open_duck/projects/Open_Duck_Playground/diagnostics/probe_getup_substep_contacts_r126.py", line 119, in main
    for r in pool.map(replay,jobs):
  File "/data/shijinsheng/open_duck/python/cpython-3.11.16-linux-x86_64-gnu/lib/python3.11/concurrent/futures/process.py", line 620, in _chain_from_iterable_of_lists
    for element in iterable:
  File "/data/shijinsheng/open_duck/python/cpython-3.11.16-linux-x86_64-gnu/lib/python3.11/concurrent/futures/_base.py", line 619, in result_iterator
    yield _result_or_cancel(fs.pop())
          ^^^^^^^^^^^^^^^^^^^^^^^^^^^
  File "/data/shijinsheng/open_duck/python/cpython-3.11.16-linux-x86_64-gnu/lib/python3.11/concurrent/futures/_base.py", line 317, in _result_or_cancel
    return fut.result(timeout)
           ^^^^^^^^^^^^^^^^^^^
  File "/data/shijinsheng/open_duck/python/cpython-3.11.16-linux-x86_64-gnu/lib/python3.11/concurrent/futures/_base.py", line 449, in result
    return self.__get_result()
           ^^^^^^^^^^^^^^^^^^^
  File "/data/shijinsheng/open_duck/python/cpython-3.11.16-linux-x86_64-gnu/lib/python3.11/concurrent/futures/_base.py", line 401, in __get_result
    raise self._exception
AssertionError: ('teacher', 773007, 529, {'observations': True, 'normalized_residual': False, 'time': True, 'qpos': True, 'qvel': True, 'applied': True, 'strict': True})
