Frozen R2 heading steering R4: 2026-09-28T11:10:56+08:00
BACKWARD_ACTION_IMITATION=25
BACKWARD_ACTION_IMITATION_ERROR=5
BACKWARD_ACTION_MAX_DELAY=1
BACKWARD_HEADING_ERROR=20
BACKWARD_IMU_MAX_DELAY=1
BACKWARD_NOISE_LEVEL=0
BACKWARD_NORMALIZED_PROGRESS=80
BACKWARD_PROGRESS_SHORTFALL=80
BACKWARD_REAR_SUPPORT_SHORTFALL=30
BACKWARD_SINGLE_SUPPORT=20
BACKWARD_SWING_REAR=15
BACKWARD_TERMINATION=10000
BACKWARD_YAW_RANGE=0,0
REFERENCE_DX=-0.0925
REFERENCE_DX_INTERPOLATION=1
WARNING: All log messages before absl::InitializeLog() is called are written to STDERR
I0000 00:00:1790565060.277005 3644844 port.cc:153] oneDNN custom operations are on. You may see slightly different numerical results due to floating-point round-off errors from different computation orders. To turn them off, set the environment variable `TF_ENABLE_ONEDNN_OPTS=0`.
WARNING: All log messages before absl::InitializeLog() is called are written to STDERR
I0000 00:00:1790565061.765035 3644844 port.cc:153] oneDNN custom operations are on. You may see slightly different numerical results due to floating-point round-off errors from different computation orders. To turn them off, set the environment variable `TF_ENABLE_ONEDNN_OPTS=0`.
Velocity command overridden to [-0.074, -0.074]
xml: /data/shijinsheng/open_duck/projects/Open_Duck_Playground/playground/open_duck_mini_v2/xmls/scene_flat_terrain.xml
actuators: ['left_hip_yaw', 'left_hip_roll', 'left_hip_pitch', 'left_knee', 'left_ankle', 'neck_pitch', 'head_pitch', 'head_yaw', 'head_roll', 'right_hip_yaw', 'right_hip_roll', 'right_hip_pitch', 'right_knee', 'right_ankle']
joints: ['floating_base', 'left_hip_yaw', 'left_hip_roll', 'left_hip_pitch', 'left_knee', 'left_ankle', 'neck_pitch', 'head_pitch', 'head_yaw', 'head_roll', 'right_hip_yaw', 'right_hip_roll', 'right_hip_pitch', 'right_knee', 'right_ankle']
backlash joints: []
actuator joints ids: [1, 2, 3, 4, 5, 6, 7, 8, 9, 10, 11, 12, 13, 14]
actuator joints dict: {'left_hip_yaw': 1, 'left_hip_roll': 2, 'left_hip_pitch': 3, 'left_knee': 4, 'left_ankle': 5, 'neck_pitch': 6, 'head_pitch': 7, 'head_yaw': 8, 'head_roll': 9, 'right_hip_yaw': 10, 'right_hip_roll': 11, 'right_hip_pitch': 12, 'right_knee': 13, 'right_ankle': 14}
floating qpos addr: 0 qvel addr: 0
[Poly ref data] Processing ...
[Poly ref data] Done processing
xml: /data/shijinsheng/open_duck/projects/Open_Duck_Playground/playground/open_duck_mini_v2/xmls/scene_flat_terrain.xml
actuators: ['left_hip_yaw', 'left_hip_roll', 'left_hip_pitch', 'left_knee', 'left_ankle', 'neck_pitch', 'head_pitch', 'head_yaw', 'head_roll', 'right_hip_yaw', 'right_hip_roll', 'right_hip_pitch', 'right_knee', 'right_ankle']
joints: ['floating_base', 'left_hip_yaw', 'left_hip_roll', 'left_hip_pitch', 'left_knee', 'left_ankle', 'neck_pitch', 'head_pitch', 'head_yaw', 'head_roll', 'right_hip_yaw', 'right_hip_roll', 'right_hip_pitch', 'right_knee', 'right_ankle']
backlash joints: []
actuator joints ids: [1, 2, 3, 4, 5, 6, 7, 8, 9, 10, 11, 12, 13, 14]
actuator joints dict: {'left_hip_yaw': 1, 'left_hip_roll': 2, 'left_hip_pitch': 3, 'left_knee': 4, 'left_ankle': 5, 'neck_pitch': 6, 'head_pitch': 7, 'head_yaw': 8, 'head_roll': 9, 'right_hip_yaw': 10, 'right_hip_roll': 11, 'right_hip_pitch': 12, 'right_knee': 13, 'right_ankle': 14}
floating qpos addr: 0 qvel addr: 0
[Poly ref data] Processing ...
[Poly ref data] Done processing
Skill: backward
Observation size: 107
PPO params: {'action_repeat': 1, 'batch_size': 256, 'clipping_epsilon': 0.2, 'discounting': 0.995, 'entropy_cost': 0.002, 'episode_length': 1000, 'learning_rate': 0.0003, 'max_grad_norm': 1.0, 'normalize_observations': True, 'num_envs': 1024, 'num_eval_envs': 64, 'num_evals': 5, 'num_minibatches': 32, 'num_resets_per_eval': 1, 'num_timesteps': 4096000, 'num_updates_per_batch': 4, 'reward_scaling': 1.0, 'seed': 86, 'unroll_length': 20}
-----------
STEP: 0 reward: 2145.339599609375 reward_std: 130.8297882080078
-----------
Saving checkpoint (step: 0): /data/shijinsheng/open_duck/training/backward_heading_steering_r4/2026_09_28_111429_0
Saving checkpoint (step: 1146880): /data/shijinsheng/open_duck/training/backward_heading_steering_r4/2026_09_28_111613_1146880
-----------
STEP: 1146880 reward: 2185.392578125 reward_std: 116.47592163085938
-----------
Saving checkpoint (step: 2293760): /data/shijinsheng/open_duck/training/backward_heading_steering_r4/2026_09_28_111755_2293760
-----------
STEP: 2293760 reward: 2229.508056640625 reward_std: 99.71178436279297
-----------
Saving checkpoint (step: 3440640): /data/shijinsheng/open_duck/training/backward_heading_steering_r4/2026_09_28_111810_3440640
-----------
STEP: 3440640 reward: 2248.26025390625 reward_std: 89.77789306640625
-----------
Saving checkpoint (step: 4587520): /data/shijinsheng/open_duck/training/backward_heading_steering_r4/2026_09_28_111824_4587520
-----------
STEP: 4587520 reward: 2257.94091796875 reward_std: 98.76597595214844
-----------
Exporting final ONNX once: /data/shijinsheng/open_duck/training/backward_heading_steering_r4/final.onnx
 === EXPORT ONNX === 
W0000 00:00:1790565511.679723 3644844 gpu_device.cc:2459] TensorFlow was not built with CUDA kernel binaries compatible with compute capability 12.0a. CUDA kernels will be jit-compiled from PTX, which could take 30 minutes or longer.
W0000 00:00:1790565511.690359 3644844 gpu_device.cc:2459] TensorFlow was not built with CUDA kernel binaries compatible with compute capability 12.0a. CUDA kernels will be jit-compiled from PTX, which could take 30 minutes or longer.
(107,) (107,)
(107,) (107,)
(1, 2)
Transferring Dense layer hidden_0, kernel shape (107, 64), bias shape (64,)
Transferring Dense layer hidden_1, kernel shape (64, 64), bias shape (64,)
Transferring Dense layer hidden_2, kernel shape (64, 4), bias shape (4,)
Weights transferred successfully.
(107,) (107,)
Tensorflow prediction: [-1.  1.]
(107,) (107,)
W0000 00:00:1790565513.726812 3644844 gpu_device.cc:2459] TensorFlow was not built with CUDA kernel binaries compatible with compute capability 12.0a. CUDA kernels will be jit-compiled from PTX, which could take 30 minutes or longer.
W0000 00:00:1790565513.797172 3644844 gpu_device.cc:2459] TensorFlow was not built with CUDA kernel binaries compatible with compute capability 12.0a. CUDA kernels will be jit-compiled from PTX, which could take 30 minutes or longer.
W0000 00:00:1790565513.816503 3644844 gpu_device.cc:2459] TensorFlow was not built with CUDA kernel binaries compatible with compute capability 12.0a. CUDA kernels will be jit-compiled from PTX, which could take 30 minutes or longer.
(107,) (107,)
W0000 00:00:1790565513.933275 3644844 gpu_device.cc:2459] TensorFlow was not built with CUDA kernel binaries compatible with compute capability 12.0a. CUDA kernels will be jit-compiled from PTX, which could take 30 minutes or longer.
W0000 00:00:1790565513.986774 3644844 gpu_device.cc:2459] TensorFlow was not built with CUDA kernel binaries compatible with compute capability 12.0a. CUDA kernels will be jit-compiled from PTX, which could take 30 minutes or longer.
W0000 00:00:1790565513.998266 3644844 gpu_device.cc:2459] TensorFlow was not built with CUDA kernel binaries compatible with compute capability 12.0a. CUDA kernels will be jit-compiled from PTX, which could take 30 minutes or longer.
