concurrent.futures.process._RemoteTraceback: 
"""
Traceback (most recent call last):
  File "/data/shijinsheng/open_duck/python/cpython-3.11.16-linux-x86_64-gnu/lib/python3.11/concurrent/futures/process.py", line 261, in _process_worker
    r = call_item.fn(*call_item.args, **call_item.kwargs)
        ^^^^^^^^^^^^^^^^^^^^^^^^^^^^^^^^^^^^^^^^^^^^^^^^^
  File "/data/shijinsheng/open_duck/python/cpython-3.11.16-linux-x86_64-gnu/lib/python3.11/concurrent/futures/process.py", line 210, in _process_chunk
    return [fn(*args) for args in chunk]
           ^^^^^^^^^^^^^^^^^^^^^^^^^^^^^
  File "/data/shijinsheng/open_duck/python/cpython-3.11.16-linux-x86_64-gnu/lib/python3.11/concurrent/futures/process.py", line 210, in <listcomp>
    return [fn(*args) for args in chunk]
            ^^^^^^^^^
  File "/data/shijinsheng/open_duck/projects/Open_Duck_Playground/diagnostics/probe_getup_phase_coordinate_r185.py", line 52, in evaluate
    profile,knots,_=local.prior.scalar_program(local.WEIGHTS,env.preparation_sensors)
                    ^^^^^^^^^^^^^^^^^^^^^^^^^^^^^^^^^^^^^^^^^^^^^^^^^^^^^^^^^^^^^^^^^
  File "/data/shijinsheng/open_duck/projects/Open_Duck_Playground/diagnostics/train_getup_history_program_r122.py", line 45, in scalar_program
    mode=str(model['feature_mode'].item())
             ~~~~~^^^^^^^^^^^^^^^^
TypeError: 'NoneType' object is not subscriptable
"""

The above exception was the direct cause of the following exception:

Traceback (most recent call last):
  File "<frozen runpy>", line 198, in _run_module_as_main
  File "<frozen runpy>", line 88, in _run_code
  File "/data/shijinsheng/open_duck/projects/Open_Duck_Playground/diagnostics/probe_getup_phase_coordinate_r185.py", line 146, in <module>
    if __name__=='__main__':main()
                            ^^^^^^
  File "/data/shijinsheng/open_duck/projects/Open_Duck_Playground/diagnostics/probe_getup_phase_coordinate_r185.py", line 130, in main
    parity=group(pool,False,[None,769000,773004],output/'zero_parity',True)
           ^^^^^^^^^^^^^^^^^^^^^^^^^^^^^^^^^^^^^^^^^^^^^^^^^^^^^^^^^^^^^^^^
  File "/data/shijinsheng/open_duck/projects/Open_Duck_Playground/diagnostics/probe_getup_phase_coordinate_r185.py", line 104, in group
    report=local.aggregate(list(pool.map(evaluate,[(enabled,case,str(path/f'case_{case}'),parity) for case in cases])))
                           ^^^^^^^^^^^^^^^^^^^^^^^^^^^^^^^^^^^^^^^^^^^^^^^^^^^^^^^^^^^^^^^^^^^^^^^^^^^^^^^^^^^^^^^^^^^
  File "/data/shijinsheng/open_duck/python/cpython-3.11.16-linux-x86_64-gnu/lib/python3.11/concurrent/futures/process.py", line 620, in _chain_from_iterable_of_lists
    for element in iterable:
  File "/data/shijinsheng/open_duck/python/cpython-3.11.16-linux-x86_64-gnu/lib/python3.11/concurrent/futures/_base.py", line 619, in result_iterator
    yield _result_or_cancel(fs.pop())
          ^^^^^^^^^^^^^^^^^^^^^^^^^^^
  File "/data/shijinsheng/open_duck/python/cpython-3.11.16-linux-x86_64-gnu/lib/python3.11/concurrent/futures/_base.py", line 317, in _result_or_cancel
    return fut.result(timeout)
           ^^^^^^^^^^^^^^^^^^^
  File "/data/shijinsheng/open_duck/python/cpython-3.11.16-linux-x86_64-gnu/lib/python3.11/concurrent/futures/_base.py", line 456, in result
    return self.__get_result()
           ^^^^^^^^^^^^^^^^^^^
  File "/data/shijinsheng/open_duck/python/cpython-3.11.16-linux-x86_64-gnu/lib/python3.11/concurrent/futures/_base.py", line 401, in __get_result
    raise self._exception
TypeError: 'NoneType' object is not subscriptable
