test_bounds_and_head_unchanged (__main__.Tests.test_bounds_and_head_unchanged) ... ok
test_causal_interface (__main__.Tests.test_causal_interface) ... ok
test_contact_flags (__main__.Tests.test_contact_flags) ... R183_NOMINAL_CONTACT_COUNTS (array([[0., 0.],
       [0., 1.],
       [1., 0.],
       [1., 1.]], dtype=float32), array([312,   3,  80, 134]))
ok
test_fixed_budget (__main__.Tests.test_fixed_budget) ... ok
test_head_independence (__main__.Tests.test_head_independence) ... ok
test_initial_anchor_residual (__main__.Tests.test_initial_anchor_residual) ... ok
test_invalid_inputs (__main__.Tests.test_invalid_inputs) ... ok
test_jacobian_finite_difference (__main__.Tests.test_jacobian_finite_difference) ... ok
test_local_residual_decreases (__main__.Tests.test_local_residual_decreases) ... ok
test_no_dynamic_functions (__main__.Tests.test_no_dynamic_functions) ... ok
test_nominal_scalar_sequence (__main__.Tests.test_nominal_scalar_sequence) ... ok
test_private_root_and_model (__main__.Tests.test_private_root_and_model) ... ok
test_rotation_units (__main__.Tests.test_rotation_units) ... ok
test_single_contact_identity (__main__.Tests.test_single_contact_identity) ... ok
test_two_leg_coupling (__main__.Tests.test_two_leg_coupling) ... ok
test_zero_disabled_identity (__main__.Tests.test_zero_disabled_identity) ... ok

----------------------------------------------------------------------
Ran 16 tests in 0.450s

OK
