R167_CASE None retained [(0, None), (1, None), (2, None), (3, None)]
R167_CASE 769000 retained [(2, None)]
R167_CASE 769001 regressed [(0, None)]
R167_CASE 769002 both_failed [(1, -0.021564196299810923)]
R167_CASE 769003 regressed [(0, None)]
R167_CASE 769004 rescued [(2, -0.0029236391797916746)]
R167_CASE 769005 regressed [(0, 0.039463689773154835), (1, None), (3, 0.019454522160389506)]
R167_CASE 769006 regressed [(0, None)]
R167_CASE 769007 retained [(0, None)]
R167_CASE 773000 regressed [(0, None), (1, -0.01616978479120727), (2, 0.003993703871396174)]
R167_CASE 773001 both_failed [(2, 0.017223679028982235), (3, -0.012914444250994084)]
R167_CASE 773002 regressed [(0, None)]
R167_CASE 773003 regressed [(0, None), (1, -0.02760568876870044)]
R167_CASE 773004 both_failed [(1, -0.01348268222269681), (2, -0.007538871228736591)]
R167_CASE 773005 rescued [(1, -0.011972314670347109)]
R167_CASE 773006 retained [(0, None), (2, -0.0060713106997274365), (3, -0.00983602197656876)]
R167_CASE 773007 retained [(1, None), (3, -0.0050553709265252255)]
R167_CASE 773008 retained [(0, None)]
R167_CASE 773009 retained [(0, None)]
R167_CASE 773010 regressed [(0, None), (3, -0.031493098881194934)]
R167_CASE 773011 regressed [(1, None)]
R167_CASE 773012 regressed [(0, None)]
R167_CASE 773013 regressed [(0, None), (2, -0.017887150671656027), (3, -0.01698470574347974)]
R167_CASE 773014 regressed [(0, None), (1, -0.016830558206364546), (3, -0.011498588754863502)]
R167_CASE 773015 both_failed [(3, -0.016146764011954553)]
R167_CLOSED 25
