R170_ZERO_NOMINAL_AND_STARTUP_PARITY_PASS
R170_FULL_CANDIDATE 1 0 18 0
R170_FULL_CANDIDATE 1 1 18 0
R170_FULL_CANDIDATE 1 2 8 1
R170_FULL_CANDIDATE 1 3 8 1
R170_FULL_CANDIDATE 1 4 18 0
R170_FULL_CANDIDATE 1 5 7 0
R170_FULL_CANDIDATE 1 6 6 0
R170_FULL_CANDIDATE 1 7 10 1
R170_FULL_CANDIDATE 2 0 18 0
R170_FULL_CANDIDATE 2 1 18 0
R170_FULL_CANDIDATE 2 2 7 0
R170_FULL_CANDIDATE 2 3 9 0
R170_FULL_CANDIDATE 2 4 7 1
R170_FULL_CANDIDATE 2 5 5 1
R170_FULL_CANDIDATE 2 6 6 1
R170_FULL_CANDIDATE 2 7 8 2
R170_FULL_CANDIDATE 3 0 18 0
R170_FULL_CANDIDATE 3 1 18 0
R170_FULL_CANDIDATE 3 2 7 0
R170_FULL_CANDIDATE 3 3 14 1
R170_FULL_CANDIDATE 3 4 9 1
R170_FULL_CANDIDATE 3 5 7 2
R170_FULL_CANDIDATE 3 6 18 0
R170_FULL_CANDIDATE 3 7 8 2
R170_FULL_DEVELOPMENT 18 18 0
