R194_SCALAR getup_shared_horizon_teacher_r193_smoke_20261010__zero_parity__case_None bitwise
R194_SCALAR getup_shared_horizon_teacher_r193_smoke_20261010__zero_parity__case_769000 bitwise
R194_SCALAR getup_shared_horizon_teacher_r193_smoke_20261010__zero_parity__case_773004 bitwise
R194_SCALAR getup_shared_horizon_teacher_r193_smoke_20261010__teacher_smoke__case_None bitwise
R194_SCALAR getup_shared_horizon_teacher_r193_smoke_20261010__teacher_smoke__case_769002 bitwise
R194_SCALAR getup_shared_horizon_teacher_r193_smoke_20261010__teacher_smoke__case_773004 bitwise
R194_SCALAR getup_shared_horizon_teacher_r193_left_20261010__zero_parity__case_None bitwise
R194_SCALAR getup_shared_horizon_teacher_r193_left_20261010__zero_parity__case_769000 bitwise
R194_SCALAR getup_shared_horizon_teacher_r193_left_20261010__zero_parity__case_773004 bitwise
R194_SCALAR getup_shared_horizon_teacher_r193_left_20261010__teacher_smoke__case_None bitwise
R194_SCALAR getup_shared_horizon_teacher_r193_left_20261010__teacher_smoke__case_769002 bitwise
R194_SCALAR getup_shared_horizon_teacher_r193_left_20261010__teacher_smoke__case_773004 bitwise
R194_SCALAR getup_shared_horizon_teacher_r193_left_20261010__teacher_training__program_00__case_None bitwise
R194_SCALAR getup_shared_horizon_teacher_r193_left_20261010__teacher_training__program_00__case_769000 bitwise
R194_SCALAR getup_shared_horizon_teacher_r193_left_20261010__teacher_training__program_00__case_769001 bitwise
R194_SCALAR getup_shared_horizon_teacher_r193_left_20261010__teacher_training__program_00__case_769002 bitwise
R194_SCALAR getup_shared_horizon_teacher_r193_left_20261010__teacher_training__program_00__case_769003 bitwise
R194_SCALAR getup_shared_horizon_teacher_r193_left_20261010__teacher_training__program_00__case_769004 bitwise
R194_SCALAR getup_shared_horizon_teacher_r193_left_20261010__teacher_training__program_00__case_769005 bitwise
R194_SCALAR getup_shared_horizon_teacher_r193_left_20261010__teacher_training__program_00__case_769006 bitwise
R194_SCALAR getup_shared_horizon_teacher_r193_left_20261010__teacher_training__program_00__case_769007 bitwise
R194_SCALAR getup_shared_horizon_teacher_r193_left_20261010__teacher_training__program_00__case_773000 bitwise
R194_SCALAR getup_shared_horizon_teacher_r193_left_20261010__teacher_training__program_00__case_773001 bitwise
R194_SCALAR getup_shared_horizon_teacher_r193_left_20261010__teacher_training__program_00__case_773002 bitwise
R194_SCALAR getup_shared_horizon_teacher_r193_left_20261010__teacher_training__program_00__case_773003 bitwise
R194_SCALAR getup_shared_horizon_teacher_r193_left_20261010__teacher_training__program_00__case_773004 bitwise
R194_SCALAR getup_shared_horizon_teacher_r193_left_20261010__teacher_training__program_00__case_773005 bitwise
R194_SCALAR getup_shared_horizon_teacher_r193_left_20261010__teacher_training__program_00__case_773006 bitwise
R194_SCALAR getup_shared_horizon_teacher_r193_left_20261010__teacher_training__program_00__case_773007 bitwise
R194_SCALAR getup_shared_horizon_teacher_r193_left_20261010__teacher_training__program_00__case_773008 bitwise
R194_SCALAR getup_shared_horizon_teacher_r193_left_20261010__teacher_training__program_00__case_773009 bitwise
R194_SCALAR getup_shared_horizon_teacher_r193_left_20261010__teacher_training__program_00__case_773010 bitwise
R194_SCALAR getup_shared_horizon_teacher_r193_left_20261010__teacher_training__program_00__case_773011 bitwise
R194_SCALAR getup_shared_horizon_teacher_r193_left_20261010__teacher_training__program_00__case_773012 bitwise
R194_SCALAR getup_shared_horizon_teacher_r193_left_20261010__teacher_training__program_00__case_773013 bitwise
R194_SCALAR getup_shared_horizon_teacher_r193_left_20261010__teacher_training__program_00__case_773014 bitwise
R194_SCALAR getup_shared_horizon_teacher_r193_left_20261010__teacher_training__program_00__case_773015 bitwise
R194_SCALAR getup_shared_horizon_teacher_r193_left_20261010__teacher_training__program_01__case_None bitwise
R194_SCALAR getup_shared_horizon_teacher_r193_left_20261010__teacher_training__program_01__case_769000 bitwise
R194_SCALAR getup_shared_horizon_teacher_r193_left_20261010__teacher_training__program_01__case_769001 bitwise
R194_SCALAR getup_shared_horizon_teacher_r193_left_20261010__teacher_training__program_01__case_769002 bitwise
R194_SCALAR getup_shared_horizon_teacher_r193_left_20261010__teacher_training__program_01__case_769003 bitwise
R194_SCALAR getup_shared_horizon_teacher_r193_left_20261010__teacher_training__program_01__case_769004 bitwise
R194_SCALAR getup_shared_horizon_teacher_r193_left_20261010__teacher_training__program_01__case_769005 bitwise
R194_SCALAR getup_shared_horizon_teacher_r193_left_20261010__teacher_training__program_01__case_769006 bitwise
R194_SCALAR getup_shared_horizon_teacher_r193_left_20261010__teacher_training__program_01__case_769007 bitwise
R194_SCALAR getup_shared_horizon_teacher_r193_left_20261010__teacher_training__program_01__case_773000 bitwise
R194_SCALAR getup_shared_horizon_teacher_r193_left_20261010__teacher_training__program_01__case_773001 bitwise
R194_SCALAR getup_shared_horizon_teacher_r193_left_20261010__teacher_training__program_01__case_773002 bitwise
R194_SCALAR getup_shared_horizon_teacher_r193_left_20261010__teacher_training__program_01__case_773003 bitwise
R194_SCALAR getup_shared_horizon_teacher_r193_left_20261010__teacher_training__program_01__case_773004 bitwise
R194_SCALAR getup_shared_horizon_teacher_r193_left_20261010__teacher_training__program_01__case_773005 bitwise
R194_SCALAR getup_shared_horizon_teacher_r193_left_20261010__teacher_training__program_01__case_773006 bitwise
R194_SCALAR getup_shared_horizon_teacher_r193_left_20261010__teacher_training__program_01__case_773007 bitwise
R194_SCALAR getup_shared_horizon_teacher_r193_left_20261010__teacher_training__program_01__case_773008 bitwise
R194_SCALAR getup_shared_horizon_teacher_r193_left_20261010__teacher_training__program_01__case_773009 bitwise
R194_SCALAR getup_shared_horizon_teacher_r193_left_20261010__teacher_training__program_01__case_773010 bitwise
R194_SCALAR getup_shared_horizon_teacher_r193_left_20261010__teacher_training__program_01__case_773011 bitwise
R194_SCALAR getup_shared_horizon_teacher_r193_left_20261010__teacher_training__program_01__case_773012 bitwise
R194_SCALAR getup_shared_horizon_teacher_r193_left_20261010__teacher_training__program_01__case_773013 bitwise
R194_SCALAR getup_shared_horizon_teacher_r193_left_20261010__teacher_training__program_01__case_773014 bitwise
R194_SCALAR getup_shared_horizon_teacher_r193_left_20261010__teacher_training__program_01__case_773015 bitwise
R194_SCALAR getup_shared_horizon_teacher_r193_left_20261010__teacher_training__program_02__case_None bitwise
R194_SCALAR getup_shared_horizon_teacher_r193_left_20261010__teacher_training__program_02__case_769000 bitwise
R194_SCALAR getup_shared_horizon_teacher_r193_left_20261010__teacher_training__program_02__case_769001 bitwise
R194_SCALAR getup_shared_horizon_teacher_r193_left_20261010__teacher_training__program_02__case_769002 bitwise
R194_SCALAR getup_shared_horizon_teacher_r193_left_20261010__teacher_training__program_02__case_769003 bitwise
R194_SCALAR getup_shared_horizon_teacher_r193_left_20261010__teacher_training__program_02__case_769004 bitwise
R194_SCALAR getup_shared_horizon_teacher_r193_left_20261010__teacher_training__program_02__case_769005 bitwise
R194_SCALAR getup_shared_horizon_teacher_r193_left_20261010__teacher_training__program_02__case_769006 bitwise
R194_SCALAR getup_shared_horizon_teacher_r193_left_20261010__teacher_training__program_02__case_769007 bitwise
R194_SCALAR getup_shared_horizon_teacher_r193_left_20261010__teacher_training__program_02__case_773000 bitwise
R194_SCALAR getup_shared_horizon_teacher_r193_left_20261010__teacher_training__program_02__case_773001 bitwise
R194_SCALAR getup_shared_horizon_teacher_r193_left_20261010__teacher_training__program_02__case_773002 bitwise
R194_SCALAR getup_shared_horizon_teacher_r193_left_20261010__teacher_training__program_02__case_773003 bitwise
R194_SCALAR getup_shared_horizon_teacher_r193_left_20261010__teacher_training__program_02__case_773004 bitwise
R194_SCALAR getup_shared_horizon_teacher_r193_left_20261010__teacher_training__program_02__case_773005 bitwise
R194_SCALAR getup_shared_horizon_teacher_r193_left_20261010__teacher_training__program_02__case_773006 bitwise
R194_SCALAR getup_shared_horizon_teacher_r193_left_20261010__teacher_training__program_02__case_773007 bitwise
R194_SCALAR getup_shared_horizon_teacher_r193_left_20261010__teacher_training__program_02__case_773008 bitwise
R194_SCALAR getup_shared_horizon_teacher_r193_left_20261010__teacher_training__program_02__case_773009 bitwise
R194_SCALAR getup_shared_horizon_teacher_r193_left_20261010__teacher_training__program_02__case_773010 bitwise
R194_SCALAR getup_shared_horizon_teacher_r193_left_20261010__teacher_training__program_02__case_773011 bitwise
R194_SCALAR getup_shared_horizon_teacher_r193_left_20261010__teacher_training__program_02__case_773012 bitwise
R194_SCALAR getup_shared_horizon_teacher_r193_left_20261010__teacher_training__program_02__case_773013 bitwise
R194_SCALAR getup_shared_horizon_teacher_r193_left_20261010__teacher_training__program_02__case_773014 bitwise
R194_SCALAR getup_shared_horizon_teacher_r193_left_20261010__teacher_training__program_02__case_773015 bitwise
R194_SCALAR getup_shared_horizon_teacher_r193_left_20261010__teacher_training__program_03__case_None bitwise
R194_SCALAR getup_shared_horizon_teacher_r193_left_20261010__teacher_training__program_03__case_769000 bitwise
R194_SCALAR getup_shared_horizon_teacher_r193_left_20261010__teacher_training__program_03__case_769001 bitwise
R194_SCALAR getup_shared_horizon_teacher_r193_left_20261010__teacher_training__program_03__case_769002 bitwise
R194_SCALAR getup_shared_horizon_teacher_r193_left_20261010__teacher_training__program_03__case_769003 bitwise
R194_SCALAR getup_shared_horizon_teacher_r193_left_20261010__teacher_training__program_03__case_769004 bitwise
R194_SCALAR getup_shared_horizon_teacher_r193_left_20261010__teacher_training__program_03__case_769005 bitwise
R194_SCALAR getup_shared_horizon_teacher_r193_left_20261010__teacher_training__program_03__case_769006 bitwise
R194_SCALAR getup_shared_horizon_teacher_r193_left_20261010__teacher_training__program_03__case_769007 bitwise
R194_SCALAR getup_shared_horizon_teacher_r193_left_20261010__teacher_training__program_03__case_773000 bitwise
R194_SCALAR getup_shared_horizon_teacher_r193_left_20261010__teacher_training__program_03__case_773001 bitwise
R194_SCALAR getup_shared_horizon_teacher_r193_left_20261010__teacher_training__program_03__case_773002 bitwise
R194_SCALAR getup_shared_horizon_teacher_r193_left_20261010__teacher_training__program_03__case_773003 bitwise
R194_SCALAR getup_shared_horizon_teacher_r193_left_20261010__teacher_training__program_03__case_773004 bitwise
R194_SCALAR getup_shared_horizon_teacher_r193_left_20261010__teacher_training__program_03__case_773005 bitwise
R194_SCALAR getup_shared_horizon_teacher_r193_left_20261010__teacher_training__program_03__case_773006 bitwise
R194_SCALAR getup_shared_horizon_teacher_r193_left_20261010__teacher_training__program_03__case_773007 bitwise
R194_SCALAR getup_shared_horizon_teacher_r193_left_20261010__teacher_training__program_03__case_773008 bitwise
R194_SCALAR getup_shared_horizon_teacher_r193_left_20261010__teacher_training__program_03__case_773009 bitwise
R194_SCALAR getup_shared_horizon_teacher_r193_left_20261010__teacher_training__program_03__case_773010 bitwise
R194_SCALAR getup_shared_horizon_teacher_r193_left_20261010__teacher_training__program_03__case_773011 bitwise
R194_SCALAR getup_shared_horizon_teacher_r193_left_20261010__teacher_training__program_03__case_773012 bitwise
R194_SCALAR getup_shared_horizon_teacher_r193_left_20261010__teacher_training__program_03__case_773013 bitwise
R194_SCALAR getup_shared_horizon_teacher_r193_left_20261010__teacher_training__program_03__case_773014 bitwise
R194_SCALAR getup_shared_horizon_teacher_r193_left_20261010__teacher_training__program_03__case_773015 bitwise
R194_SCALAR getup_shared_horizon_teacher_r193_left_20261010__teacher_training__program_04__case_None bitwise
R194_SCALAR getup_shared_horizon_teacher_r193_left_20261010__teacher_training__program_04__case_769000 bitwise
R194_SCALAR getup_shared_horizon_teacher_r193_left_20261010__teacher_training__program_04__case_769001 bitwise
R194_SCALAR getup_shared_horizon_teacher_r193_left_20261010__teacher_training__program_04__case_769002 bitwise
R194_SCALAR getup_shared_horizon_teacher_r193_left_20261010__teacher_training__program_04__case_769003 bitwise
R194_SCALAR getup_shared_horizon_teacher_r193_left_20261010__teacher_training__program_04__case_769004 bitwise
R194_SCALAR getup_shared_horizon_teacher_r193_left_20261010__teacher_training__program_04__case_769005 bitwise
R194_SCALAR getup_shared_horizon_teacher_r193_left_20261010__teacher_training__program_04__case_769006 bitwise
R194_SCALAR getup_shared_horizon_teacher_r193_left_20261010__teacher_training__program_04__case_769007 bitwise
R194_SCALAR getup_shared_horizon_teacher_r193_left_20261010__teacher_training__program_04__case_773000 bitwise
R194_SCALAR getup_shared_horizon_teacher_r193_left_20261010__teacher_training__program_04__case_773001 bitwise
R194_SCALAR getup_shared_horizon_teacher_r193_left_20261010__teacher_training__program_04__case_773002 bitwise
R194_SCALAR getup_shared_horizon_teacher_r193_left_20261010__teacher_training__program_04__case_773003 bitwise
R194_SCALAR getup_shared_horizon_teacher_r193_left_20261010__teacher_training__program_04__case_773004 bitwise
R194_SCALAR getup_shared_horizon_teacher_r193_left_20261010__teacher_training__program_04__case_773005 bitwise
R194_SCALAR getup_shared_horizon_teacher_r193_left_20261010__teacher_training__program_04__case_773006 bitwise
R194_SCALAR getup_shared_horizon_teacher_r193_left_20261010__teacher_training__program_04__case_773007 bitwise
R194_SCALAR getup_shared_horizon_teacher_r193_left_20261010__teacher_training__program_04__case_773008 bitwise
R194_SCALAR getup_shared_horizon_teacher_r193_left_20261010__teacher_training__program_04__case_773009 bitwise
R194_SCALAR getup_shared_horizon_teacher_r193_left_20261010__teacher_training__program_04__case_773010 bitwise
R194_SCALAR getup_shared_horizon_teacher_r193_left_20261010__teacher_training__program_04__case_773011 bitwise
R194_SCALAR getup_shared_horizon_teacher_r193_left_20261010__teacher_training__program_04__case_773012 bitwise
R194_SCALAR getup_shared_horizon_teacher_r193_left_20261010__teacher_training__program_04__case_773013 bitwise
R194_SCALAR getup_shared_horizon_teacher_r193_left_20261010__teacher_training__program_04__case_773014 bitwise
R194_SCALAR getup_shared_horizon_teacher_r193_left_20261010__teacher_training__program_04__case_773015 bitwise
R194_SCALAR getup_shared_horizon_teacher_r193_left_20261010__development_baseline__case_None bitwise
R194_SCALAR getup_shared_horizon_teacher_r193_left_20261010__development_baseline__case_769000 bitwise
R194_SCALAR getup_shared_horizon_teacher_r193_left_20261010__development_baseline__case_769001 bitwise
R194_SCALAR getup_shared_horizon_teacher_r193_left_20261010__development_baseline__case_769002 bitwise
R194_SCALAR getup_shared_horizon_teacher_r193_left_20261010__development_baseline__case_769003 bitwise
R194_SCALAR getup_shared_horizon_teacher_r193_left_20261010__development_baseline__case_769004 bitwise
R194_SCALAR getup_shared_horizon_teacher_r193_left_20261010__development_baseline__case_769005 bitwise
R194_SCALAR getup_shared_horizon_teacher_r193_left_20261010__development_baseline__case_769006 bitwise
R194_SCALAR getup_shared_horizon_teacher_r193_left_20261010__development_baseline__case_769007 bitwise
R194_SCALAR getup_shared_horizon_teacher_r193_left_20261010__development_baseline__case_773000 bitwise
R194_SCALAR getup_shared_horizon_teacher_r193_left_20261010__development_baseline__case_773001 bitwise
R194_SCALAR getup_shared_horizon_teacher_r193_left_20261010__development_baseline__case_773002 bitwise
R194_SCALAR getup_shared_horizon_teacher_r193_left_20261010__development_baseline__case_773003 bitwise
R194_SCALAR getup_shared_horizon_teacher_r193_left_20261010__development_baseline__case_773004 bitwise
R194_SCALAR getup_shared_horizon_teacher_r193_left_20261010__development_baseline__case_773005 bitwise
R194_SCALAR getup_shared_horizon_teacher_r193_left_20261010__development_baseline__case_773006 bitwise
R194_SCALAR getup_shared_horizon_teacher_r193_left_20261010__development_baseline__case_773007 bitwise
R194_SCALAR getup_shared_horizon_teacher_r193_left_20261010__development_baseline__case_773008 bitwise
R194_SCALAR getup_shared_horizon_teacher_r193_left_20261010__development_baseline__case_773009 bitwise
R194_SCALAR getup_shared_horizon_teacher_r193_left_20261010__development_baseline__case_773010 bitwise
R194_SCALAR getup_shared_horizon_teacher_r193_left_20261010__development_baseline__case_773011 bitwise
R194_SCALAR getup_shared_horizon_teacher_r193_left_20261010__development_baseline__case_773012 bitwise
R194_SCALAR getup_shared_horizon_teacher_r193_left_20261010__development_baseline__case_773013 bitwise
R194_SCALAR getup_shared_horizon_teacher_r193_left_20261010__development_baseline__case_773014 bitwise
R194_SCALAR getup_shared_horizon_teacher_r193_left_20261010__development_baseline__case_773015 bitwise
R194_SCALAR getup_shared_horizon_teacher_r193_left_20261010__development_candidate__case_None bitwise
R194_SCALAR getup_shared_horizon_teacher_r193_left_20261010__development_candidate__case_769000 bitwise
R194_SCALAR getup_shared_horizon_teacher_r193_left_20261010__development_candidate__case_769001 bitwise
R194_SCALAR getup_shared_horizon_teacher_r193_left_20261010__development_candidate__case_769002 bitwise
R194_SCALAR getup_shared_horizon_teacher_r193_left_20261010__development_candidate__case_769003 bitwise
R194_SCALAR getup_shared_horizon_teacher_r193_left_20261010__development_candidate__case_769004 bitwise
R194_SCALAR getup_shared_horizon_teacher_r193_left_20261010__development_candidate__case_769005 bitwise
R194_SCALAR getup_shared_horizon_teacher_r193_left_20261010__development_candidate__case_769006 bitwise
R194_SCALAR getup_shared_horizon_teacher_r193_left_20261010__development_candidate__case_769007 bitwise
R194_SCALAR getup_shared_horizon_teacher_r193_left_20261010__development_candidate__case_773000 bitwise
R194_SCALAR getup_shared_horizon_teacher_r193_left_20261010__development_candidate__case_773001 bitwise
R194_SCALAR getup_shared_horizon_teacher_r193_left_20261010__development_candidate__case_773002 bitwise
R194_SCALAR getup_shared_horizon_teacher_r193_left_20261010__development_candidate__case_773003 bitwise
R194_SCALAR getup_shared_horizon_teacher_r193_left_20261010__development_candidate__case_773004 bitwise
R194_SCALAR getup_shared_horizon_teacher_r193_left_20261010__development_candidate__case_773005 bitwise
R194_SCALAR getup_shared_horizon_teacher_r193_left_20261010__development_candidate__case_773006 bitwise
R194_SCALAR getup_shared_horizon_teacher_r193_left_20261010__development_candidate__case_773007 bitwise
R194_SCALAR getup_shared_horizon_teacher_r193_left_20261010__development_candidate__case_773008 bitwise
R194_SCALAR getup_shared_horizon_teacher_r193_left_20261010__development_candidate__case_773009 bitwise
R194_SCALAR getup_shared_horizon_teacher_r193_left_20261010__development_candidate__case_773010 bitwise
R194_SCALAR getup_shared_horizon_teacher_r193_left_20261010__development_candidate__case_773011 bitwise
R194_SCALAR getup_shared_horizon_teacher_r193_left_20261010__development_candidate__case_773012 bitwise
R194_SCALAR getup_shared_horizon_teacher_r193_left_20261010__development_candidate__case_773013 bitwise
R194_SCALAR getup_shared_horizon_teacher_r193_left_20261010__development_candidate__case_773014 bitwise
R194_SCALAR getup_shared_horizon_teacher_r193_left_20261010__development_candidate__case_773015 bitwise
R194_READ_ONLY_TERMINAL 187
