=== backward_curriculum_s1 start 2026-09-27T21:27:05+08:00 gpu=6 vx=[-0.035,-0.035] steps=4096000 restore=/data/shijinsheng/open_duck/training/backward_contact_step_v30/2026_09_27_182859_4259840 ===
BACKWARD_HEADING_ERROR=4
BACKWARD_HEADING_RAMP_STEPS=250
BACKWARD_HEADING_WARMUP_STEPS=250
BACKWARD_NORMALIZED_PROGRESS=160
BACKWARD_PROGRESS_SHORTFALL=160
BACKWARD_REAR_SUPPORT_SHORTFALL=60
BACKWARD_SINGLE_SUPPORT=40
BACKWARD_SWING_REAR=30
BACKWARD_TERMINATION=10000
b9be205ac64488c23504ca42e5ec790337adeec3
WARNING: All log messages before absl::InitializeLog() is called are written to STDERR
I0000 00:00:1790515629.712706 3296032 port.cc:153] oneDNN custom operations are on. You may see slightly different numerical results due to floating-point round-off errors from different computation orders. To turn them off, set the environment variable `TF_ENABLE_ONEDNN_OPTS=0`.
WARNING: All log messages before absl::InitializeLog() is called are written to STDERR
I0000 00:00:1790515631.779167 3296032 port.cc:153] oneDNN custom operations are on. You may see slightly different numerical results due to floating-point round-off errors from different computation orders. To turn them off, set the environment variable `TF_ENABLE_ONEDNN_OPTS=0`.
Velocity command overridden to [-0.035, -0.035]
xml: /data/shijinsheng/open_duck/projects/Open_Duck_Playground/playground/open_duck_mini_v2/xmls/scene_flat_terrain.xml
actuators: ['left_hip_yaw', 'left_hip_roll', 'left_hip_pitch', 'left_knee', 'left_ankle', 'neck_pitch', 'head_pitch', 'head_yaw', 'head_roll', 'right_hip_yaw', 'right_hip_roll', 'right_hip_pitch', 'right_knee', 'right_ankle']
joints: ['floating_base', 'left_hip_yaw', 'left_hip_roll', 'left_hip_pitch', 'left_knee', 'left_ankle', 'neck_pitch', 'head_pitch', 'head_yaw', 'head_roll', 'right_hip_yaw', 'right_hip_roll', 'right_hip_pitch', 'right_knee', 'right_ankle']
backlash joints: []
actuator joints ids: [1, 2, 3, 4, 5, 6, 7, 8, 9, 10, 11, 12, 13, 14]
actuator joints dict: {'left_hip_yaw': 1, 'left_hip_roll': 2, 'left_hip_pitch': 3, 'left_knee': 4, 'left_ankle': 5, 'neck_pitch': 6, 'head_pitch': 7, 'head_yaw': 8, 'head_roll': 9, 'right_hip_yaw': 10, 'right_hip_roll': 11, 'right_hip_pitch': 12, 'right_knee': 13, 'right_ankle': 14}
floating qpos addr: 0 qvel addr: 0
[Poly ref data] Processing ...
[Poly ref data] Done processing
xml: /data/shijinsheng/open_duck/projects/Open_Duck_Playground/playground/open_duck_mini_v2/xmls/scene_flat_terrain.xml
actuators: ['left_hip_yaw', 'left_hip_roll', 'left_hip_pitch', 'left_knee', 'left_ankle', 'neck_pitch', 'head_pitch', 'head_yaw', 'head_roll', 'right_hip_yaw', 'right_hip_roll', 'right_hip_pitch', 'right_knee', 'right_ankle']
joints: ['floating_base', 'left_hip_yaw', 'left_hip_roll', 'left_hip_pitch', 'left_knee', 'left_ankle', 'neck_pitch', 'head_pitch', 'head_yaw', 'head_roll', 'right_hip_yaw', 'right_hip_roll', 'right_hip_pitch', 'right_knee', 'right_ankle']
backlash joints: []
actuator joints ids: [1, 2, 3, 4, 5, 6, 7, 8, 9, 10, 11, 12, 13, 14]
actuator joints dict: {'left_hip_yaw': 1, 'left_hip_roll': 2, 'left_hip_pitch': 3, 'left_knee': 4, 'left_ankle': 5, 'neck_pitch': 6, 'head_pitch': 7, 'head_yaw': 8, 'head_roll': 9, 'right_hip_yaw': 10, 'right_hip_roll': 11, 'right_hip_pitch': 12, 'right_knee': 13, 'right_ankle': 14}
floating qpos addr: 0 qvel addr: 0
[Poly ref data] Processing ...
[Poly ref data] Done processing
Skill: backward
Observation size: 101
PPO params: {'action_repeat': 1, 'batch_size': 256, 'clipping_epsilon': 0.2, 'discounting': 0.995, 'entropy_cost': 0.002, 'episode_length': 1000, 'learning_rate': 1e-05, 'max_grad_norm': 1.0, 'normalize_observations': True, 'num_envs': 1024, 'num_eval_envs': 64, 'num_evals': 4, 'num_minibatches': 32, 'num_resets_per_eval': 1, 'num_timesteps': 4096000, 'num_updates_per_batch': 4, 'reward_scaling': 1.0, 'seed': 81, 'unroll_length': 20}
-----------
STEP: 0 reward: -562.10791015625 reward_std: 260.05670166015625
-----------
Saving checkpoint (step: 0): /data/shijinsheng/open_duck/training/backward_curriculum_s1/2026_09_27_212928_0
Saving checkpoint (step: 1474560): /data/shijinsheng/open_duck/training/backward_curriculum_s1/2026_09_27_213047_1474560
-----------
STEP: 1474560 reward: 14.089542388916016 reward_std: 254.94308471679688
-----------
Saving checkpoint (step: 2949120): /data/shijinsheng/open_duck/training/backward_curriculum_s1/2026_09_27_213210_2949120
-----------
STEP: 2949120 reward: 468.408935546875 reward_std: 417.0586242675781
-----------
Saving checkpoint (step: 4423680): /data/shijinsheng/open_duck/training/backward_curriculum_s1/2026_09_27_213228_4423680
-----------
STEP: 4423680 reward: 911.1549072265625 reward_std: 284.38104248046875
-----------
Exporting final ONNX once: /data/shijinsheng/open_duck/training/backward_curriculum_s1/final.onnx
 === EXPORT ONNX === 
W0000 00:00:1790515954.351330 3296032 gpu_device.cc:2459] TensorFlow was not built with CUDA kernel binaries compatible with compute capability 12.0a. CUDA kernels will be jit-compiled from PTX, which could take 30 minutes or longer.
W0000 00:00:1790515954.361190 3296032 gpu_device.cc:2459] TensorFlow was not built with CUDA kernel binaries compatible with compute capability 12.0a. CUDA kernels will be jit-compiled from PTX, which could take 30 minutes or longer.
W0000 00:00:1790515954.365531 3296032 gpu_bfc_allocator.cc:47] Overriding orig_value setting because the TF_FORCE_GPU_ALLOW_GROWTH environment variable is set. Original config value was false.
(101,) (101,)
(101,) (101,)
(1, 14)
Transferring Dense layer hidden_0, kernel shape (101, 512), bias shape (512,)
Transferring Dense layer hidden_1, kernel shape (512, 256), bias shape (256,)
Transferring Dense layer hidden_2, kernel shape (256, 128), bias shape (128,)
Transferring Dense layer hidden_3, kernel shape (128, 28), bias shape (28,)
Weights transferred successfully.
(101,) (101,)
Tensorflow prediction: [-1.  1.  1.  1.  1.  1.  1.  1.  1. -1. -1.  1.  1.  1.]
(101,) (101,)
W0000 00:00:1790515955.749576 3296032 gpu_device.cc:2459] TensorFlow was not built with CUDA kernel binaries compatible with compute capability 12.0a. CUDA kernels will be jit-compiled from PTX, which could take 30 minutes or longer.
W0000 00:00:1790515955.840132 3296032 gpu_device.cc:2459] TensorFlow was not built with CUDA kernel binaries compatible with compute capability 12.0a. CUDA kernels will be jit-compiled from PTX, which could take 30 minutes or longer.
W0000 00:00:1790515955.860837 3296032 gpu_device.cc:2459] TensorFlow was not built with CUDA kernel binaries compatible with compute capability 12.0a. CUDA kernels will be jit-compiled from PTX, which could take 30 minutes or longer.
(101,) (101,)
W0000 00:00:1790515956.027779 3296032 gpu_device.cc:2459] TensorFlow was not built with CUDA kernel binaries compatible with compute capability 12.0a. CUDA kernels will be jit-compiled from PTX, which could take 30 minutes or longer.
W0000 00:00:1790515956.092054 3296032 gpu_device.cc:2459] TensorFlow was not built with CUDA kernel binaries compatible with compute capability 12.0a. CUDA kernels will be jit-compiled from PTX, which could take 30 minutes or longer.
W0000 00:00:1790515956.104710 3296032 gpu_device.cc:2459] TensorFlow was not built with CUDA kernel binaries compatible with compute capability 12.0a. CUDA kernels will be jit-compiled from PTX, which could take 30 minutes or longer.
=== backward_curriculum_s1 exited rc=0 2026-09-27T21:32:41+08:00 ===
