reference residual R2: 2026-09-28T10:29:29+08:00
BACKWARD_ACTION_IMITATION=25
BACKWARD_ACTION_IMITATION_ERROR=5
BACKWARD_ACTION_MAX_DELAY=1
BACKWARD_HEADING_ERROR=4
BACKWARD_IMU_MAX_DELAY=1
BACKWARD_NOISE_LEVEL=0
BACKWARD_NORMALIZED_PROGRESS=80
BACKWARD_PROGRESS_SHORTFALL=80
BACKWARD_REAR_SUPPORT_SHORTFALL=30
BACKWARD_SINGLE_SUPPORT=20
BACKWARD_SWING_REAR=15
BACKWARD_TERMINATION=10000
BACKWARD_YAW_RANGE=0,0
REFERENCE_DX=-0.0925
REFERENCE_DX_INTERPOLATION=1
WARNING: All log messages before absl::InitializeLog() is called are written to STDERR
I0000 00:00:1790562573.491066 3603508 port.cc:153] oneDNN custom operations are on. You may see slightly different numerical results due to floating-point round-off errors from different computation orders. To turn them off, set the environment variable `TF_ENABLE_ONEDNN_OPTS=0`.
WARNING: All log messages before absl::InitializeLog() is called are written to STDERR
I0000 00:00:1790562575.619808 3603508 port.cc:153] oneDNN custom operations are on. You may see slightly different numerical results due to floating-point round-off errors from different computation orders. To turn them off, set the environment variable `TF_ENABLE_ONEDNN_OPTS=0`.
Velocity command overridden to [-0.074, -0.074]
xml: /data/shijinsheng/open_duck/projects/Open_Duck_Playground/playground/open_duck_mini_v2/xmls/scene_flat_terrain.xml
actuators: ['left_hip_yaw', 'left_hip_roll', 'left_hip_pitch', 'left_knee', 'left_ankle', 'neck_pitch', 'head_pitch', 'head_yaw', 'head_roll', 'right_hip_yaw', 'right_hip_roll', 'right_hip_pitch', 'right_knee', 'right_ankle']
joints: ['floating_base', 'left_hip_yaw', 'left_hip_roll', 'left_hip_pitch', 'left_knee', 'left_ankle', 'neck_pitch', 'head_pitch', 'head_yaw', 'head_roll', 'right_hip_yaw', 'right_hip_roll', 'right_hip_pitch', 'right_knee', 'right_ankle']
backlash joints: []
actuator joints ids: [1, 2, 3, 4, 5, 6, 7, 8, 9, 10, 11, 12, 13, 14]
actuator joints dict: {'left_hip_yaw': 1, 'left_hip_roll': 2, 'left_hip_pitch': 3, 'left_knee': 4, 'left_ankle': 5, 'neck_pitch': 6, 'head_pitch': 7, 'head_yaw': 8, 'head_roll': 9, 'right_hip_yaw': 10, 'right_hip_roll': 11, 'right_hip_pitch': 12, 'right_knee': 13, 'right_ankle': 14}
floating qpos addr: 0 qvel addr: 0
[Poly ref data] Processing ...
[Poly ref data] Done processing
xml: /data/shijinsheng/open_duck/projects/Open_Duck_Playground/playground/open_duck_mini_v2/xmls/scene_flat_terrain.xml
actuators: ['left_hip_yaw', 'left_hip_roll', 'left_hip_pitch', 'left_knee', 'left_ankle', 'neck_pitch', 'head_pitch', 'head_yaw', 'head_roll', 'right_hip_yaw', 'right_hip_roll', 'right_hip_pitch', 'right_knee', 'right_ankle']
joints: ['floating_base', 'left_hip_yaw', 'left_hip_roll', 'left_hip_pitch', 'left_knee', 'left_ankle', 'neck_pitch', 'head_pitch', 'head_yaw', 'head_roll', 'right_hip_yaw', 'right_hip_roll', 'right_hip_pitch', 'right_knee', 'right_ankle']
backlash joints: []
actuator joints ids: [1, 2, 3, 4, 5, 6, 7, 8, 9, 10, 11, 12, 13, 14]
actuator joints dict: {'left_hip_yaw': 1, 'left_hip_roll': 2, 'left_hip_pitch': 3, 'left_knee': 4, 'left_ankle': 5, 'neck_pitch': 6, 'head_pitch': 7, 'head_yaw': 8, 'head_roll': 9, 'right_hip_yaw': 10, 'right_hip_roll': 11, 'right_hip_pitch': 12, 'right_knee': 13, 'right_ankle': 14}
floating qpos addr: 0 qvel addr: 0
[Poly ref data] Processing ...
[Poly ref data] Done processing
Skill: backward
Observation size: 101
PPO params: {'action_repeat': 1, 'batch_size': 256, 'clipping_epsilon': 0.2, 'discounting': 0.995, 'entropy_cost': 0.002, 'episode_length': 1000, 'learning_rate': 0.0001, 'max_grad_norm': 1.0, 'normalize_observations': True, 'num_envs': 1024, 'num_eval_envs': 64, 'num_evals': 5, 'num_minibatches': 32, 'num_resets_per_eval': 1, 'num_timesteps': 8192000, 'num_updates_per_batch': 4, 'reward_scaling': 1.0, 'seed': 84, 'unroll_length': 20}
-----------
STEP: 0 reward: -425.3838195800781 reward_std: 144.68704223632812
-----------
Saving checkpoint (step: 0): /data/shijinsheng/open_duck/training/backward_reference_residual_r2/2026_09_28_103227_0
Saving checkpoint (step: 2129920): /data/shijinsheng/open_duck/training/backward_reference_residual_r2/2026_09_28_103351_2129920
-----------
STEP: 2129920 reward: -204.69386291503906 reward_std: 36.57147979736328
-----------
Saving checkpoint (step: 4259840): /data/shijinsheng/open_duck/training/backward_reference_residual_r2/2026_09_28_103521_4259840
-----------
STEP: 4259840 reward: -189.08975219726562 reward_std: 28.854862213134766
-----------
Saving checkpoint (step: 6389760): /data/shijinsheng/open_duck/training/backward_reference_residual_r2/2026_09_28_103544_6389760
-----------
STEP: 6389760 reward: 552.4503173828125 reward_std: 419.4175720214844
-----------
Saving checkpoint (step: 8519680): /data/shijinsheng/open_duck/training/backward_reference_residual_r2/2026_09_28_103606_8519680
-----------
STEP: 8519680 reward: 1341.7872314453125 reward_std: 539.5750732421875
-----------
Exporting final ONNX once: /data/shijinsheng/open_duck/training/backward_reference_residual_r2/final.onnx
 === EXPORT ONNX === 
W0000 00:00:1790562973.452788 3603508 gpu_device.cc:2459] TensorFlow was not built with CUDA kernel binaries compatible with compute capability 12.0a. CUDA kernels will be jit-compiled from PTX, which could take 30 minutes or longer.
W0000 00:00:1790562973.462460 3603508 gpu_device.cc:2459] TensorFlow was not built with CUDA kernel binaries compatible with compute capability 12.0a. CUDA kernels will be jit-compiled from PTX, which could take 30 minutes or longer.
(101,) (101,)
(101,) (101,)
(1, 14)
Transferring Dense layer hidden_0, kernel shape (101, 512), bias shape (512,)
Transferring Dense layer hidden_1, kernel shape (512, 256), bias shape (256,)
Transferring Dense layer hidden_2, kernel shape (256, 128), bias shape (128,)
Transferring Dense layer hidden_3, kernel shape (128, 28), bias shape (28,)
Weights transferred successfully.
(101,) (101,)
Tensorflow prediction: [ 1. -1.  1.  1. -1.  1. -1.  1.  1. -1.  1.  1.  1.  1.]
(101,) (101,)
W0000 00:00:1790562976.274054 3603508 gpu_device.cc:2459] TensorFlow was not built with CUDA kernel binaries compatible with compute capability 12.0a. CUDA kernels will be jit-compiled from PTX, which could take 30 minutes or longer.
W0000 00:00:1790562976.356627 3603508 gpu_device.cc:2459] TensorFlow was not built with CUDA kernel binaries compatible with compute capability 12.0a. CUDA kernels will be jit-compiled from PTX, which could take 30 minutes or longer.
W0000 00:00:1790562976.377783 3603508 gpu_device.cc:2459] TensorFlow was not built with CUDA kernel binaries compatible with compute capability 12.0a. CUDA kernels will be jit-compiled from PTX, which could take 30 minutes or longer.
(101,) (101,)
W0000 00:00:1790562976.540571 3603508 gpu_device.cc:2459] TensorFlow was not built with CUDA kernel binaries compatible with compute capability 12.0a. CUDA kernels will be jit-compiled from PTX, which could take 30 minutes or longer.
W0000 00:00:1790562976.617046 3603508 gpu_device.cc:2459] TensorFlow was not built with CUDA kernel binaries compatible with compute capability 12.0a. CUDA kernels will be jit-compiled from PTX, which could take 30 minutes or longer.
W0000 00:00:1790562976.648517 3603508 gpu_device.cc:2459] TensorFlow was not built with CUDA kernel binaries compatible with compute capability 12.0a. CUDA kernels will be jit-compiled from PTX, which could take 30 minutes or longer.
