EXPORTED /data/shijinsheng/open_duck/training/backward_capture_native_r15/export_zero/corrector.onnx MAX ERROR RAD: 1.3058754452788257e-08
/data/shijinsheng/open_duck/projects/Open_Duck_Playground/playground/open_duck_mini_v2/xmls/scene_flat_terrain.xml
[Poly ref data] Processing ...
[Poly ref data] Done processing
joint names: ['floating_base', 'left_hip_yaw', 'left_hip_roll', 'left_hip_pitch', 'left_knee', 'left_ankle', 'neck_pitch', 'head_pitch', 'head_yaw', 'head_roll', 'right_hip_yaw', 'right_hip_roll', 'right_hip_pitch', 'right_knee', 'right_ankle']
actuator names: ['left_hip_yaw', 'left_hip_roll', 'left_hip_pitch', 'left_knee', 'left_ankle', 'neck_pitch', 'head_pitch', 'head_yaw', 'head_roll', 'right_hip_yaw', 'right_hip_roll', 'right_hip_pitch', 'right_knee', 'right_ankle']
backlash joint names: []
{"seed": 117, "duration_s": 16.78, "fallen": true, "speed_mps": -0.09317035050296238, "lateral_m": 0.09256456833152486, "yaw_change_deg": -34.1903171889959, "heading_rms_deg": 5.96974033211804, "minimum_up_z": 0.4610460941519693, "mean_local_velocity_mps": [-0.09674354337053574, -0.002199621518302269, 0.015718115178279944], "cost": 5323.126973473165}
{"matched_seeds": [117], "maximum_difference": 0.0, "passed": true}
/data/shijinsheng/open_duck/projects/Open_Duck_Playground/playground/open_duck_mini_v2/xmls/scene_flat_terrain.xml
[Poly ref data] Processing ...
[Poly ref data] Done processing
joint names: ['floating_base', 'left_hip_yaw', 'left_hip_roll', 'left_hip_pitch', 'left_knee', 'left_ankle', 'neck_pitch', 'head_pitch', 'head_yaw', 'head_roll', 'right_hip_yaw', 'right_hip_roll', 'right_hip_pitch', 'right_knee', 'right_ankle']
actuator names: ['left_hip_yaw', 'left_hip_roll', 'left_hip_pitch', 'left_knee', 'left_ankle', 'neck_pitch', 'head_pitch', 'head_yaw', 'head_roll', 'right_hip_yaw', 'right_hip_roll', 'right_hip_pitch', 'right_knee', 'right_ankle']
backlash joint names: []
ZERO BASELINE: [{"seed": 0, "duration_s": 60.0, "fallen": false, "speed_mps": -0.0805303824848236, "lateral_m": 0.09895163893103727, "yaw_change_deg": -5.433573505561781, "heading_rms_deg": 5.917550657471511, "minimum_up_z": 0.9693852021011657, "mean_local_velocity_mps": [-0.07868230763882857, -0.0049372147850314, 0.01408942611338596], "cost": 0.10766238192769043}, {"seed": 21, "duration_s": 60.0, "fallen": false, "speed_mps": -0.0779167898089491, "lateral_m": 0.11573951927630761, "yaw_change_deg": -3.3668811326282366, "heading_rms_deg": 5.7542166622194415, "minimum_up_z": 0.9690803372834748, "mean_local_velocity_mps": [-0.07622028945182646, -0.004038252135020514, 0.013701494570923609], "cost": 0.06841681017139206}, {"seed": 31, "duration_s": 60.0, "fallen": false, "speed_mps": -0.0807466931603696, "lateral_m": 0.10247561202667156, "yaw_change_deg": -13.967408521847666, "heading_rms_deg": 5.199189688489687, "minimum_up_z": 0.9711298314035023, "mean_local_velocity_mps": [-0.07890667841653148, -0.003895616032098965, 0.013891423628652302], "cost": 0.2019597472012776}, {"seed": 38, "duration_s": 60.0, "fallen": false, "speed_mps": -0.0811183699572972, "lateral_m": 0.010541282402276147, "yaw_change_deg": -3.8977242866346558, "heading_rms_deg": 4.988023156821302, "minimum_up_z": 0.9673620012957391, "mean_local_velocity_mps": [-0.07929639091120855, -0.004421650323869924, 0.014184323978811678], "cost": 0.09067640644610805}, {"seed": 57, "duration_s": 60.0, "fallen": false, "speed_mps": -0.07960854427448358, "lateral_m": -0.07643303098879385, "yaw_change_deg": -0.6665745712540547, "heading_rms_deg": 5.720234711034264, "minimum_up_z": 0.96354637508813, "mean_local_velocity_mps": [-0.07783012044237812, -0.005028046256622309, 0.013929320016320803], "cost": 0.07435535674930441}, {"seed": 117, "duration_s": 16.78, "fallen": true, "speed_mps": -0.09317035050296238, "lateral_m": 0.09256456833152486, "yaw_change_deg": -34.1903171889959, "heading_rms_deg": 5.96974033211804, "minimum_up_z": 0.4610460941519693, "mean_local_velocity_mps": [-0.09674354337053574, -0.002199621518302269, 0.015718115178279944], "cost": 5323.126973473165}]
BEST: 0 2484.2164 [{"seed": 0, "duration_s": 60.0, "fallen": false, "speed_mps": -0.0805303824848236, "lateral_m": 0.09895163893103727, "yaw_change_deg": -5.433573505561781, "heading_rms_deg": 5.917550657471511, "minimum_up_z": 0.9693852021011657, "mean_local_velocity_mps": [-0.07868230763882857, -0.0049372147850314, 0.01408942611338596], "cost": 0.10766238192769043}, {"seed": 21, "duration_s": 60.0, "fallen": false, "speed_mps": -0.0779167898089491, "lateral_m": 0.11573951927630761, "yaw_change_deg": -3.3668811326282366, "heading_rms_deg": 5.7542166622194415, "minimum_up_z": 0.9690803372834748, "mean_local_velocity_mps": [-0.07622028945182646, -0.004038252135020514, 0.013701494570923609], "cost": 0.06841681017139206}, {"seed": 31, "duration_s": 60.0, "fallen": false, "speed_mps": -0.0807466931603696, "lateral_m": 0.10247561202667156, "yaw_change_deg": -13.967408521847666, "heading_rms_deg": 5.199189688489687, "minimum_up_z": 0.9711298314035023, "mean_local_velocity_mps": [-0.07890667841653148, -0.003895616032098965, 0.013891423628652302], "cost": 0.2019597472012776}, {"seed": 38, "duration_s": 60.0, "fallen": false, "speed_mps": -0.0811183699572972, "lateral_m": 0.010541282402276147, "yaw_change_deg": -3.8977242866346558, "heading_rms_deg": 4.988023156821302, "minimum_up_z": 0.9673620012957391, "mean_local_velocity_mps": [-0.07929639091120855, -0.004421650323869924, 0.014184323978811678], "cost": 0.09067640644610805}, {"seed": 57, "duration_s": 60.0, "fallen": false, "speed_mps": -0.07960854427448358, "lateral_m": -0.07643303098879385, "yaw_change_deg": -0.6665745712540547, "heading_rms_deg": 5.720234711034264, "minimum_up_z": 0.96354637508813, "mean_local_velocity_mps": [-0.07783012044237812, -0.005028046256622309, 0.013929320016320803], "cost": 0.07435535674930441}, {"seed": 117, "duration_s": 16.78, "fallen": true, "speed_mps": -0.09317035050296238, "lateral_m": 0.09256456833152486, "yaw_change_deg": -34.1903171889959, "heading_rms_deg": 5.96974033211804, "minimum_up_z": 0.4610460941519693, "mean_local_velocity_mps": [-0.09674354337053574, -0.002199621518302269, 0.015718115178279944], "cost": 5323.126973473165}]
BEST: 0 0.3575 [{"seed": 0, "duration_s": 60.0, "fallen": false, "speed_mps": -0.0815298760119853, "lateral_m": 0.3463777099219875, "yaw_change_deg": -11.014584424120436, "heading_rms_deg": 7.206373519511967, "minimum_up_z": 0.9718392088841004, "mean_local_velocity_mps": [-0.07983668887922031, -0.0044608253146649415, 0.014213435938426612], "cost": 0.2429661141650691}, {"seed": 21, "duration_s": 60.0, "fallen": false, "speed_mps": -0.0841167435199555, "lateral_m": 0.3990455812405808, "yaw_change_deg": -12.747189526702156, "heading_rms_deg": 7.96308056875684, "minimum_up_z": 0.9659050044553739, "mean_local_velocity_mps": [-0.08242513983681483, -0.004182901202887004, 0.014728358998530144], "cost": 0.34361634006216724}, {"seed": 31, "duration_s": 60.0, "fallen": false, "speed_mps": -0.08188119336314977, "lateral_m": 0.35868759006534917, "yaw_change_deg": -7.845667879616106, "heading_rms_deg": 6.8389906323682235, "minimum_up_z": 0.9718430469837575, "mean_local_velocity_mps": [-0.08029308815954356, -0.003171114709431421, 0.014057777844344354], "cost": 0.20920322535279712}, {"seed": 38, "duration_s": 60.0, "fallen": false, "speed_mps": -0.08029073979910602, "lateral_m": 0.3258907238486235, "yaw_change_deg": -13.391429870854491, "heading_rms_deg": 6.853526157152771, "minimum_up_z": 0.9749669870055743, "mean_local_velocity_mps": [-0.07858261869465703, -0.0037162264726438043, 0.013982161937590783], "cost": 0.2495478254563857}, {"seed": 57, "duration_s": 60.0, "fallen": false, "speed_mps": -0.07937859426389368, "lateral_m": 0.34281894787106415, "yaw_change_deg": -8.787305540917655, "heading_rms_deg": 7.026830120747402, "minimum_up_z": 0.9746258861656906, "mean_local_velocity_mps": [-0.07766702635755318, -0.004458384906486459, 0.013651674801880597], "cost": 0.18421736239815137}, {"seed": 117, "duration_s": 60.0, "fallen": false, "speed_mps": -0.08396275377397372, "lateral_m": 0.34793300563396384, "yaw_change_deg": -12.557493578736148, "heading_rms_deg": 6.5402886300237295, "minimum_up_z": 0.9727393848158318, "mean_local_velocity_mps": [-0.08231263469806437, -0.002581342702154213, 0.014489012653958893], "cost": 0.29696252570123294}]
BEST: 0 0.1374 [{"seed": 0, "duration_s": 60.0, "fallen": false, "speed_mps": -0.08187201661648327, "lateral_m": 0.09886822332613765, "yaw_change_deg": -4.3295789022397475, "heading_rms_deg": 6.062450927345695, "minimum_up_z": 0.9628597581438204, "mean_local_velocity_mps": [-0.0801075062259801, -0.0057765878825678145, 0.014049568875246207], "cost": 0.12252696595356219}, {"seed": 21, "duration_s": 60.0, "fallen": false, "speed_mps": -0.08005373148382262, "lateral_m": 0.04819000361224285, "yaw_change_deg": 3.3437177527480317, "heading_rms_deg": 5.252171130222105, "minimum_up_z": 0.966073232997318, "mean_local_velocity_mps": [-0.0783877204378911, -0.004445714408602711, 0.01398710516948331], "cost": 0.07840193201597355}, {"seed": 31, "duration_s": 60.0, "fallen": false, "speed_mps": -0.08147702271130877, "lateral_m": 0.0712350307016755, "yaw_change_deg": -0.49142094998588354, "heading_rms_deg": 5.053678564647058, "minimum_up_z": 0.9674414852988289, "mean_local_velocity_mps": [-0.07971642449226254, -0.0046259277078692625, 0.014181016400919304], "cost": 0.08962005491234712}, {"seed": 38, "duration_s": 60.0, "fallen": false, "speed_mps": -0.08084614228976958, "lateral_m": 0.05088380218239448, "yaw_change_deg": -8.768243898156367, "heading_rms_deg": 5.399615868411968, "minimum_up_z": 0.9639956129665028, "mean_local_velocity_mps": [-0.07920202902390445, -0.004416320463107899, 0.014045533489680287], "cost": 0.13067363956421632}, {"seed": 57, "duration_s": 60.0, "fallen": false, "speed_mps": -0.07842686273006286, "lateral_m": 0.0970546607233681, "yaw_change_deg": -7.914235012794693, "heading_rms_deg": 5.359890391298046, "minimum_up_z": 0.9711819195122385, "mean_local_velocity_mps": [-0.07678103980146586, -0.0037880805562404384, 0.013684120651503961], "cost": 0.09697239447203666}, {"seed": 117, "duration_s": 60.0, "fallen": false, "speed_mps": -0.07871803696240562, "lateral_m": 0.0664889087242752, "yaw_change_deg": -2.144708974860969, "heading_rms_deg": 5.980532645204928, "minimum_up_z": 0.9705158383917961, "mean_local_velocity_mps": [-0.07705128304948944, -0.00474688147893166, 0.013858069340889428], "cost": 0.07082543169455255}]
GENERATION COMPLETE: 0 best: 0.1373721616380463 elapsed: 117.2
GENERATION COMPLETE: 1 best: 0.1373721616380463 elapsed: 196.5
GENERATION COMPLETE: 2 best: 0.1373721616380463 elapsed: 279.2
GENERATION COMPLETE: 3 best: 0.1373721616380463 elapsed: 351.3
GENERATION COMPLETE: 4 best: 0.1373721616380463 elapsed: 426.9
BEST: 5 0.1333 [{"seed": 0, "duration_s": 60.0, "fallen": false, "speed_mps": -0.07980922254366796, "lateral_m": 0.2414401114545674, "yaw_change_deg": 0.6115677832664235, "heading_rms_deg": 5.889579426905715, "minimum_up_z": 0.9702120380982455, "mean_local_velocity_mps": [-0.0779887192721371, -0.0035258188858768975, 0.013946438110160322], "cost": 0.10028474023657075}, {"seed": 21, "duration_s": 60.0, "fallen": false, "speed_mps": -0.08210896864549368, "lateral_m": 0.08223138190771923, "yaw_change_deg": -1.2986362805164284, "heading_rms_deg": 5.566103363558093, "minimum_up_z": 0.9644618180539088, "mean_local_velocity_mps": [-0.08034226425884237, -0.004449346142106156, 0.014142890872607923], "cost": 0.10766543139412715}, {"seed": 31, "duration_s": 60.0, "fallen": false, "speed_mps": -0.08082734984202757, "lateral_m": 0.05552799686320427, "yaw_change_deg": -4.219356008215048, "heading_rms_deg": 5.079434961022835, "minimum_up_z": 0.964602199507567, "mean_local_velocity_mps": [-0.07910999308183149, -0.004238381014929211, 0.014101701602861607], "cost": 0.09053596428265852}, {"seed": 38, "duration_s": 60.0, "fallen": false, "speed_mps": -0.08066268231427573, "lateral_m": 0.14574527755587832, "yaw_change_deg": -0.28938066655843964, "heading_rms_deg": 5.905551655926889, "minimum_up_z": 0.9651722587542059, "mean_local_velocity_mps": [-0.07906961242334899, -0.005091114560294189, 0.01405491412023284], "cost": 0.09594574558995789}, {"seed": 57, "duration_s": 60.0, "fallen": false, "speed_mps": -0.07987900775707314, "lateral_m": 0.10015507773663167, "yaw_change_deg": -7.283574233169386, "heading_rms_deg": 5.282927009739044, "minimum_up_z": 0.9727061808398089, "mean_local_velocity_mps": [-0.07818301132212442, -0.004135214616018434, 0.013799697142210016], "cost": 0.10534877172464913}, {"seed": 117, "duration_s": 60.0, "fallen": false, "speed_mps": -0.07989910720921853, "lateral_m": 0.14475717388258147, "yaw_change_deg": -5.205044294776342, "heading_rms_deg": 6.15673851748789, "minimum_up_z": 0.9704094035544257, "mean_local_velocity_mps": [-0.07809507213195566, -0.005526319567489044, 0.013703108883418814], "cost": 0.10638388516881289}]
GENERATION COMPLETE: 5 best: 0.13332705248436752 elapsed: 499.9
/data/shijinsheng/open_duck/projects/Open_Duck_Playground/playground/open_duck_mini_v2/xmls/scene_flat_terrain.xml
[Poly ref data] Processing ...
[Poly ref data] Done processing
joint names: ['floating_base', 'left_hip_yaw', 'left_hip_roll', 'left_hip_pitch', 'left_knee', 'left_ankle', 'neck_pitch', 'head_pitch', 'head_yaw', 'head_roll', 'right_hip_yaw', 'right_hip_roll', 'right_hip_pitch', 'right_knee', 'right_ankle']
actuator names: ['left_hip_yaw', 'left_hip_roll', 'left_hip_pitch', 'left_knee', 'left_ankle', 'neck_pitch', 'head_pitch', 'head_yaw', 'head_roll', 'right_hip_yaw', 'right_hip_roll', 'right_hip_pitch', 'right_knee', 'right_ankle']
backlash joint names: []
/data/shijinsheng/open_duck/projects/Open_Duck_Playground/playground/open_duck_mini_v2/xmls/scene_flat_terrain.xml
[Poly ref data] Processing ...
[Poly ref data] Done processing
joint names: ['floating_base', 'left_hip_yaw', 'left_hip_roll', 'left_hip_pitch', 'left_knee', 'left_ankle', 'neck_pitch', 'head_pitch', 'head_yaw', 'head_roll', 'right_hip_yaw', 'right_hip_roll', 'right_hip_pitch', 'right_knee', 'right_ankle']
actuator names: ['left_hip_yaw', 'left_hip_roll', 'left_hip_pitch', 'left_knee', 'left_ankle', 'neck_pitch', 'head_pitch', 'head_yaw', 'head_roll', 'right_hip_yaw', 'right_hip_roll', 'right_hip_pitch', 'right_knee', 'right_ankle']
backlash joint names: []
/data/shijinsheng/open_duck/projects/Open_Duck_Playground/playground/open_duck_mini_v2/xmls/scene_flat_terrain.xml
[Poly ref data] Processing ...
[Poly ref data] Done processing
joint names: ['floating_base', 'left_hip_yaw', 'left_hip_roll', 'left_hip_pitch', 'left_knee', 'left_ankle', 'neck_pitch', 'head_pitch', 'head_yaw', 'head_roll', 'right_hip_yaw', 'right_hip_roll', 'right_hip_pitch', 'right_knee', 'right_ankle']
actuator names: ['left_hip_yaw', 'left_hip_roll', 'left_hip_pitch', 'left_knee', 'left_ankle', 'neck_pitch', 'head_pitch', 'head_yaw', 'head_roll', 'right_hip_yaw', 'right_hip_roll', 'right_hip_pitch', 'right_knee', 'right_ankle']
backlash joint names: []
/data/shijinsheng/open_duck/projects/Open_Duck_Playground/playground/open_duck_mini_v2/xmls/scene_flat_terrain.xml
[Poly ref data] Processing ...
[Poly ref data] Done processing
joint names: ['floating_base', 'left_hip_yaw', 'left_hip_roll', 'left_hip_pitch', 'left_knee', 'left_ankle', 'neck_pitch', 'head_pitch', 'head_yaw', 'head_roll', 'right_hip_yaw', 'right_hip_roll', 'right_hip_pitch', 'right_knee', 'right_ankle']
actuator names: ['left_hip_yaw', 'left_hip_roll', 'left_hip_pitch', 'left_knee', 'left_ankle', 'neck_pitch', 'head_pitch', 'head_yaw', 'head_roll', 'right_hip_yaw', 'right_hip_roll', 'right_hip_pitch', 'right_knee', 'right_ankle']
backlash joint names: []
/data/shijinsheng/open_duck/projects/Open_Duck_Playground/playground/open_duck_mini_v2/xmls/scene_flat_terrain.xml
[Poly ref data] Processing ...
[Poly ref data] Done processing
joint names: ['floating_base', 'left_hip_yaw', 'left_hip_roll', 'left_hip_pitch', 'left_knee', 'left_ankle', 'neck_pitch', 'head_pitch', 'head_yaw', 'head_roll', 'right_hip_yaw', 'right_hip_roll', 'right_hip_pitch', 'right_knee', 'right_ankle']
actuator names: ['left_hip_yaw', 'left_hip_roll', 'left_hip_pitch', 'left_knee', 'left_ankle', 'neck_pitch', 'head_pitch', 'head_yaw', 'head_roll', 'right_hip_yaw', 'right_hip_roll', 'right_hip_pitch', 'right_knee', 'right_ankle']
backlash joint names: []
/data/shijinsheng/open_duck/projects/Open_Duck_Playground/playground/open_duck_mini_v2/xmls/scene_flat_terrain.xml
[Poly ref data] Processing ...
[Poly ref data] Done processing
joint names: ['floating_base', 'left_hip_yaw', 'left_hip_roll', 'left_hip_pitch', 'left_knee', 'left_ankle', 'neck_pitch', 'head_pitch', 'head_yaw', 'head_roll', 'right_hip_yaw', 'right_hip_roll', 'right_hip_pitch', 'right_knee', 'right_ankle']
actuator names: ['left_hip_yaw', 'left_hip_roll', 'left_hip_pitch', 'left_knee', 'left_ankle', 'neck_pitch', 'head_pitch', 'head_yaw', 'head_roll', 'right_hip_yaw', 'right_hip_roll', 'right_hip_pitch', 'right_knee', 'right_ankle']
backlash joint names: []
/data/shijinsheng/open_duck/projects/Open_Duck_Playground/playground/open_duck_mini_v2/xmls/scene_flat_terrain.xml
[Poly ref data] Processing ...
[Poly ref data] Done processing
joint names: ['floating_base', 'left_hip_yaw', 'left_hip_roll', 'left_hip_pitch', 'left_knee', 'left_ankle', 'neck_pitch', 'head_pitch', 'head_yaw', 'head_roll', 'right_hip_yaw', 'right_hip_roll', 'right_hip_pitch', 'right_knee', 'right_ankle']
actuator names: ['left_hip_yaw', 'left_hip_roll', 'left_hip_pitch', 'left_knee', 'left_ankle', 'neck_pitch', 'head_pitch', 'head_yaw', 'head_roll', 'right_hip_yaw', 'right_hip_roll', 'right_hip_pitch', 'right_knee', 'right_ankle']
backlash joint names: []
/data/shijinsheng/open_duck/projects/Open_Duck_Playground/playground/open_duck_mini_v2/xmls/scene_flat_terrain.xml
[Poly ref data] Processing ...
[Poly ref data] Done processing
joint names: ['floating_base', 'left_hip_yaw', 'left_hip_roll', 'left_hip_pitch', 'left_knee', 'left_ankle', 'neck_pitch', 'head_pitch', 'head_yaw', 'head_roll', 'right_hip_yaw', 'right_hip_roll', 'right_hip_pitch', 'right_knee', 'right_ankle']
actuator names: ['left_hip_yaw', 'left_hip_roll', 'left_hip_pitch', 'left_knee', 'left_ankle', 'neck_pitch', 'head_pitch', 'head_yaw', 'head_roll', 'right_hip_yaw', 'right_hip_roll', 'right_hip_pitch', 'right_knee', 'right_ankle']
backlash joint names: []
EXPORTED /data/shijinsheng/open_duck/training/backward_capture_native_r15/export_final/corrector.onnx MAX ERROR RAD: 1.488606364563605e-08
/data/shijinsheng/open_duck/projects/Open_Duck_Playground/playground/open_duck_mini_v2/xmls/scene_flat_terrain.xml
[Poly ref data] Processing ...
[Poly ref data] Done processing
joint names: ['floating_base', 'left_hip_yaw', 'left_hip_roll', 'left_hip_pitch', 'left_knee', 'left_ankle', 'neck_pitch', 'head_pitch', 'head_yaw', 'head_roll', 'right_hip_yaw', 'right_hip_roll', 'right_hip_pitch', 'right_knee', 'right_ankle']
actuator names: ['left_hip_yaw', 'left_hip_roll', 'left_hip_pitch', 'left_knee', 'left_ankle', 'neck_pitch', 'head_pitch', 'head_yaw', 'head_roll', 'right_hip_yaw', 'right_hip_roll', 'right_hip_pitch', 'right_knee', 'right_ankle']
backlash joint names: []
/data/shijinsheng/open_duck/projects/Open_Duck_Playground/playground/open_duck_mini_v2/xmls/scene_flat_terrain.xml
[Poly ref data] Processing ...
[Poly ref data] Done processing
joint names: ['floating_base', 'left_hip_yaw', 'left_hip_roll', 'left_hip_pitch', 'left_knee', 'left_ankle', 'neck_pitch', 'head_pitch', 'head_yaw', 'head_roll', 'right_hip_yaw', 'right_hip_roll', 'right_hip_pitch', 'right_knee', 'right_ankle']
actuator names: ['left_hip_yaw', 'left_hip_roll', 'left_hip_pitch', 'left_knee', 'left_ankle', 'neck_pitch', 'head_pitch', 'head_yaw', 'head_roll', 'right_hip_yaw', 'right_hip_roll', 'right_hip_pitch', 'right_knee', 'right_ankle']
backlash joint names: []
/data/shijinsheng/open_duck/projects/Open_Duck_Playground/playground/open_duck_mini_v2/xmls/scene_flat_terrain.xml
[Poly ref data] Processing ...
[Poly ref data] Done processing
joint names: ['floating_base', 'left_hip_yaw', 'left_hip_roll', 'left_hip_pitch', 'left_knee', 'left_ankle', 'neck_pitch', 'head_pitch', 'head_yaw', 'head_roll', 'right_hip_yaw', 'right_hip_roll', 'right_hip_pitch', 'right_knee', 'right_ankle']
actuator names: ['left_hip_yaw', 'left_hip_roll', 'left_hip_pitch', 'left_knee', 'left_ankle', 'neck_pitch', 'head_pitch', 'head_yaw', 'head_roll', 'right_hip_yaw', 'right_hip_roll', 'right_hip_pitch', 'right_knee', 'right_ankle']
backlash joint names: []
/data/shijinsheng/open_duck/projects/Open_Duck_Playground/playground/open_duck_mini_v2/xmls/scene_flat_terrain.xml
[Poly ref data] Processing ...
[Poly ref data] Done processing
joint names: ['floating_base', 'left_hip_yaw', 'left_hip_roll', 'left_hip_pitch', 'left_knee', 'left_ankle', 'neck_pitch', 'head_pitch', 'head_yaw', 'head_roll', 'right_hip_yaw', 'right_hip_roll', 'right_hip_pitch', 'right_knee', 'right_ankle']
actuator names: ['left_hip_yaw', 'left_hip_roll', 'left_hip_pitch', 'left_knee', 'left_ankle', 'neck_pitch', 'head_pitch', 'head_yaw', 'head_roll', 'right_hip_yaw', 'right_hip_roll', 'right_hip_pitch', 'right_knee', 'right_ankle']
backlash joint names: []
/data/shijinsheng/open_duck/projects/Open_Duck_Playground/playground/open_duck_mini_v2/xmls/scene_flat_terrain.xml
[Poly ref data] Processing ...
[Poly ref data] Done processing
joint names: ['floating_base', 'left_hip_yaw', 'left_hip_roll', 'left_hip_pitch', 'left_knee', 'left_ankle', 'neck_pitch', 'head_pitch', 'head_yaw', 'head_roll', 'right_hip_yaw', 'right_hip_roll', 'right_hip_pitch', 'right_knee', 'right_ankle']
actuator names: ['left_hip_yaw', 'left_hip_roll', 'left_hip_pitch', 'left_knee', 'left_ankle', 'neck_pitch', 'head_pitch', 'head_yaw', 'head_roll', 'right_hip_yaw', 'right_hip_roll', 'right_hip_pitch', 'right_knee', 'right_ankle']
backlash joint names: []
/data/shijinsheng/open_duck/projects/Open_Duck_Playground/playground/open_duck_mini_v2/xmls/scene_flat_terrain.xml
[Poly ref data] Processing ...
[Poly ref data] Done processing
joint names: ['floating_base', 'left_hip_yaw', 'left_hip_roll', 'left_hip_pitch', 'left_knee', 'left_ankle', 'neck_pitch', 'head_pitch', 'head_yaw', 'head_roll', 'right_hip_yaw', 'right_hip_roll', 'right_hip_pitch', 'right_knee', 'right_ankle']
actuator names: ['left_hip_yaw', 'left_hip_roll', 'left_hip_pitch', 'left_knee', 'left_ankle', 'neck_pitch', 'head_pitch', 'head_yaw', 'head_roll', 'right_hip_yaw', 'right_hip_roll', 'right_hip_pitch', 'right_knee', 'right_ankle']
backlash joint names: []
/data/shijinsheng/open_duck/projects/Open_Duck_Playground/playground/open_duck_mini_v2/xmls/scene_flat_terrain.xml
[Poly ref data] Processing ...
[Poly ref data] Done processing
joint names: ['floating_base', 'left_hip_yaw', 'left_hip_roll', 'left_hip_pitch', 'left_knee', 'left_ankle', 'neck_pitch', 'head_pitch', 'head_yaw', 'head_roll', 'right_hip_yaw', 'right_hip_roll', 'right_hip_pitch', 'right_knee', 'right_ankle']
actuator names: ['left_hip_yaw', 'left_hip_roll', 'left_hip_pitch', 'left_knee', 'left_ankle', 'neck_pitch', 'head_pitch', 'head_yaw', 'head_roll', 'right_hip_yaw', 'right_hip_roll', 'right_hip_pitch', 'right_knee', 'right_ankle']
backlash joint names: []
/data/shijinsheng/open_duck/projects/Open_Duck_Playground/playground/open_duck_mini_v2/xmls/scene_flat_terrain.xml
[Poly ref data] Processing ...
[Poly ref data] Done processing
joint names: ['floating_base', 'left_hip_yaw', 'left_hip_roll', 'left_hip_pitch', 'left_knee', 'left_ankle', 'neck_pitch', 'head_pitch', 'head_yaw', 'head_roll', 'right_hip_yaw', 'right_hip_roll', 'right_hip_pitch', 'right_knee', 'right_ankle']
actuator names: ['left_hip_yaw', 'left_hip_roll', 'left_hip_pitch', 'left_knee', 'left_ankle', 'neck_pitch', 'head_pitch', 'head_yaw', 'head_roll', 'right_hip_yaw', 'right_hip_roll', 'right_hip_pitch', 'right_knee', 'right_ankle']
backlash joint names: []
/data/shijinsheng/open_duck/projects/Open_Duck_Playground/playground/open_duck_mini_v2/xmls/scene_flat_terrain.xml
[Poly ref data] Processing ...
[Poly ref data] Done processing
joint names: ['floating_base', 'left_hip_yaw', 'left_hip_roll', 'left_hip_pitch', 'left_knee', 'left_ankle', 'neck_pitch', 'head_pitch', 'head_yaw', 'head_roll', 'right_hip_yaw', 'right_hip_roll', 'right_hip_pitch', 'right_knee', 'right_ankle']
actuator names: ['left_hip_yaw', 'left_hip_roll', 'left_hip_pitch', 'left_knee', 'left_ankle', 'neck_pitch', 'head_pitch', 'head_yaw', 'head_roll', 'right_hip_yaw', 'right_hip_roll', 'right_hip_pitch', 'right_knee', 'right_ankle']
backlash joint names: []
{"seed": 300, "duration_s": 60.0, "fallen": false, "speed_mps": -0.07857024981945523, "lateral_m": 0.058155285132340785, "yaw_change_deg": -5.492011660462501, "heading_rms_deg": 4.644125292646514, "minimum_up_z": 0.9693491679367561, "mean_local_velocity_mps": [-0.07667621452978479, -0.00418733025588503, 0.013574284337667287], "cost": 0.06730383120602715}
{"seed": 301, "duration_s": 60.0, "fallen": false, "speed_mps": -0.08090965590514314, "lateral_m": 0.162452006383982, "yaw_change_deg": -12.73088471437849, "heading_rms_deg": 5.925403518955116, "minimum_up_z": 0.9735005561395972, "mean_local_velocity_mps": [-0.079384899239121, -0.0045982897450370505, 0.013953489062820873], "cost": 0.2003644194401293}
{"seed": 302, "duration_s": 60.0, "fallen": false, "speed_mps": -0.08001031344696835, "lateral_m": 0.12913113444515822, "yaw_change_deg": -2.547182891946126, "heading_rms_deg": 5.6679083694849135, "minimum_up_z": 0.9721827464379024, "mean_local_velocity_mps": [-0.07813432102553834, -0.004377618195838882, 0.013931437053075429], "cost": 0.08637556345162617}
{"seed": 303, "duration_s": 60.0, "fallen": false, "speed_mps": -0.07896628764143908, "lateral_m": 0.12408700505525809, "yaw_change_deg": -11.212741019140083, "heading_rms_deg": 5.449047687466208, "minimum_up_z": 0.9645597486395708, "mean_local_velocity_mps": [-0.07720177840227538, -0.004162676861632633, 0.013810846874140999], "cost": 0.14407635548246894}
{"seed": 304, "duration_s": 60.0, "fallen": false, "speed_mps": -0.08119229436338472, "lateral_m": 0.2791848597051687, "yaw_change_deg": -1.8881376397200953, "heading_rms_deg": 7.997135807361799, "minimum_up_z": 0.966156160399184, "mean_local_velocity_mps": [-0.07956195072839047, -0.005103635364101598, 0.014213912703180486], "cost": 0.16384640375120424}
{"seed": 305, "duration_s": 60.0, "fallen": false, "speed_mps": -0.08088387628091698, "lateral_m": -0.018381341546079535, "yaw_change_deg": -10.295537584752703, "heading_rms_deg": 4.8424881707489265, "minimum_up_z": 0.9676971854036849, "mean_local_velocity_mps": [-0.0790151300839127, -0.004853833561937082, 0.01422916605727557], "cost": 0.1410638248341334}
{"seed": 306, "duration_s": 33.58, "fallen": true, "speed_mps": -0.08411897882993627, "lateral_m": 0.10967865798476047, "yaw_change_deg": -16.761009499004103, "heading_rms_deg": 5.713302298479425, "minimum_up_z": 0.40916923396688387, "mean_local_velocity_mps": [-0.08443450328489702, -0.004256241799201475, 0.01417622323686048], "cost": 3642.318590182525}
{"seed": 307, "duration_s": 60.0, "fallen": false, "speed_mps": -0.08110702369739002, "lateral_m": 0.07304772062313884, "yaw_change_deg": -8.223224036008213, "heading_rms_deg": 5.4368276386832095, "minimum_up_z": 0.9645854404599058, "mean_local_velocity_mps": [-0.07926890776020304, -0.004450014738445482, 0.014112076512218292], "cost": 0.1302778529092272}
{"seed": 308, "duration_s": 60.0, "fallen": false, "speed_mps": -0.08009454408956823, "lateral_m": 0.13677574081274638, "yaw_change_deg": -6.100252310315354, "heading_rms_deg": 5.388379365694946, "minimum_up_z": 0.9711816234024407, "mean_local_velocity_mps": [-0.07827052288638649, -0.004101989580150215, 0.013942582036925966], "cost": 0.10317303467597272}
{"seed": 309, "duration_s": 60.0, "fallen": false, "speed_mps": -0.08108332341778293, "lateral_m": 0.22481931676400935, "yaw_change_deg": -2.9680768046299373, "heading_rms_deg": 7.318736370819712, "minimum_up_z": 0.9634357416266096, "mean_local_velocity_mps": [-0.07953199251646985, -0.004689955575772498, 0.014405119455236884], "cost": 0.14170620294812777}
{"seed": 310, "duration_s": 60.0, "fallen": false, "speed_mps": -0.08038919576324202, "lateral_m": 0.09928969757181562, "yaw_change_deg": -8.13299090515723, "heading_rms_deg": 6.307247867076915, "minimum_up_z": 0.9724954046558834, "mean_local_velocity_mps": [-0.0786033466323584, -0.005495035585649128, 0.014096160225247149], "cost": 0.1339815468500238}
{"seed": 311, "duration_s": 60.0, "fallen": false, "speed_mps": -0.08220823059270715, "lateral_m": 0.054962564329458063, "yaw_change_deg": -10.396722032723744, "heading_rms_deg": 5.451625117440626, "minimum_up_z": 0.9669226945984067, "mean_local_velocity_mps": [-0.08032037640527065, -0.005407580659016425, 0.014365739203269928], "cost": 0.17105593759169094}
{"seed": 312, "duration_s": 60.0, "fallen": false, "speed_mps": -0.07932393859359062, "lateral_m": 0.07251787072065673, "yaw_change_deg": -4.582602439338674, "heading_rms_deg": 5.592645482450024, "minimum_up_z": 0.9728734812425612, "mean_local_velocity_mps": [-0.07758893629314144, -0.004295968806926403, 0.013848119498381325], "cost": 0.0817718980265171}
{"seed": 313, "duration_s": 60.0, "fallen": false, "speed_mps": -0.0807357203626018, "lateral_m": 0.14549138734302858, "yaw_change_deg": -12.163783907544154, "heading_rms_deg": 5.766932205303479, "minimum_up_z": 0.9661736294626988, "mean_local_velocity_mps": [-0.07896602337343517, -0.004570808928458325, 0.014247985475362667], "cost": 0.18501273809727012}
{"seed": 314, "duration_s": 60.0, "fallen": false, "speed_mps": -0.07918463187438117, "lateral_m": 0.10400736026084945, "yaw_change_deg": -4.345127480098664, "heading_rms_deg": 5.552800204651195, "minimum_up_z": 0.9715990106048982, "mean_local_velocity_mps": [-0.07727141338878686, -0.004856838689402074, 0.013623491887409146], "cost": 0.08073100147125782}
{"seed": 315, "duration_s": 60.0, "fallen": false, "speed_mps": -0.08073151468856225, "lateral_m": 0.03685318568658403, "yaw_change_deg": -17.591241395281788, "heading_rms_deg": 5.605205526598557, "minimum_up_z": 0.9681990860447156, "mean_local_velocity_mps": [-0.07889623486265455, -0.004855739090986864, 0.014071643778838247], "cost": 0.27306401754709786}
{"seed": 316, "duration_s": 11.620000000000001, "fallen": true, "speed_mps": -0.08768315401685389, "lateral_m": 0.0065295685311873575, "yaw_change_deg": 2.632620434435568, "heading_rms_deg": 5.2124398406823325, "minimum_up_z": 0.48932219955136524, "mean_local_velocity_mps": [-0.09315571646707323, -0.004267555862468418, 0.015180485207745212], "cost": 5838.224962160185}
{"seed": 317, "duration_s": 60.0, "fallen": false, "speed_mps": -0.08005707357413465, "lateral_m": 0.18075100042912007, "yaw_change_deg": -3.2974227982724074, "heading_rms_deg": 5.554546119592915, "minimum_up_z": 0.9730499876808315, "mean_local_velocity_mps": [-0.07825867679829299, -0.003815857487121005, 0.013905900055811087], "cost": 0.09455248926245424}
{"seed": 318, "duration_s": 60.0, "fallen": false, "speed_mps": -0.08159602257261239, "lateral_m": 0.14633735811810633, "yaw_change_deg": -11.721850734957016, "heading_rms_deg": 5.7403374781108925, "minimum_up_z": 0.971982208553989, "mean_local_velocity_mps": [-0.0800960097986757, -0.004161117261624476, 0.014041461076026903], "cost": 0.19063866855632308}
{"seed": 319, "duration_s": 60.0, "fallen": false, "speed_mps": -0.08042515080325864, "lateral_m": 0.24484084879418752, "yaw_change_deg": -8.204325175235489, "heading_rms_deg": 6.011313240024518, "minimum_up_z": 0.9637208106606495, "mean_local_velocity_mps": [-0.07885967292230064, -0.003532661446594465, 0.013996360917164153], "cost": 0.15103689289699546}
{"seed": 320, "duration_s": 60.0, "fallen": false, "speed_mps": -0.07879337227319064, "lateral_m": 0.11208364270117795, "yaw_change_deg": -5.531891274602819, "heading_rms_deg": 5.156193808412514, "minimum_up_z": 0.9720952713338207, "mean_local_velocity_mps": [-0.07705637994225278, -0.004072222402268134, 0.013736933772645937], "cost": 0.07950134693152523}
{"seed": 321, "duration_s": 60.0, "fallen": false, "speed_mps": -0.07947059404772375, "lateral_m": -0.0726801440149715, "yaw_change_deg": -3.180188737027772, "heading_rms_deg": 5.330869717845946, "minimum_up_z": 0.967572557793237, "mean_local_velocity_mps": [-0.07763661409602948, -0.0050483921634947235, 0.013987475782156113], "cost": 0.07324778538077822}
{"seed": 322, "duration_s": 60.0, "fallen": false, "speed_mps": -0.07977095392710329, "lateral_m": 0.11449213773178837, "yaw_change_deg": 0.8702695647504922, "heading_rms_deg": 5.548365199447287, "minimum_up_z": 0.965733947720577, "mean_local_velocity_mps": [-0.07809022927342406, -0.004441694752951723, 0.013810758689917466], "cost": 0.07698317465712948}
{"seed": 323, "duration_s": 60.0, "fallen": false, "speed_mps": -0.0805783688167184, "lateral_m": 0.10780212980824073, "yaw_change_deg": -11.139528435612092, "heading_rms_deg": 6.1489698631976015, "minimum_up_z": 0.9682827553500375, "mean_local_velocity_mps": [-0.07908682082025842, -0.005280637939154055, 0.01413128543105907], "cost": 0.1700490099234275}
{"seed": 324, "duration_s": 60.0, "fallen": false, "speed_mps": -0.07997223292153598, "lateral_m": -0.0023329619514896446, "yaw_change_deg": -17.87582751834224, "heading_rms_deg": 4.995931973907493, "minimum_up_z": 0.966807862061909, "mean_local_velocity_mps": [-0.07806757752272697, -0.0035301559197259574, 0.01388578058025433], "cost": 0.2611485327328737}
{"seed": 325, "duration_s": 60.0, "fallen": false, "speed_mps": -0.08059294106573765, "lateral_m": 0.1655061990028071, "yaw_change_deg": -17.306995114713093, "heading_rms_deg": 6.078557846569017, "minimum_up_z": 0.9656273350185534, "mean_local_velocity_mps": [-0.07886769670525165, -0.00464425761566259, 0.013983286305916689], "cost": 0.28247791523541615}
{"seed": 326, "duration_s": 60.0, "fallen": false, "speed_mps": -0.08052162760710627, "lateral_m": 0.12122283414008841, "yaw_change_deg": -6.175285726487478, "heading_rms_deg": 5.940756307225716, "minimum_up_z": 0.9686313458249718, "mean_local_velocity_mps": [-0.07869022479450942, -0.0048730385529522306, 0.01395848267094821], "cost": 0.11511910199293385}
{"seed": 327, "duration_s": 60.0, "fallen": false, "speed_mps": -0.07992569654585134, "lateral_m": 0.04023233554047517, "yaw_change_deg": -8.148148762038511, "heading_rms_deg": 6.438142320472674, "minimum_up_z": 0.9674674712127109, "mean_local_velocity_mps": [-0.07824841154324697, -0.00631676103362672, 0.013816772637240893], "cost": 0.12711292472405744}
{"seed": 328, "duration_s": 60.0, "fallen": false, "speed_mps": -0.0800931873843677, "lateral_m": 0.1708854220391171, "yaw_change_deg": -11.248653520507116, "heading_rms_deg": 5.368111195398443, "minimum_up_z": 0.974247921658415, "mean_local_velocity_mps": [-0.07835563497957064, -0.003334125984821414, 0.01388841156877829], "cost": 0.16156585396970433}
{"seed": 329, "duration_s": 60.0, "fallen": false, "speed_mps": -0.08057768574289778, "lateral_m": 0.2633618244053144, "yaw_change_deg": -8.482044993903479, "heading_rms_deg": 6.651120361766695, "minimum_up_z": 0.9685423138133447, "mean_local_velocity_mps": [-0.07900621420796142, -0.004311505878009714, 0.014098991985494988], "cost": 0.16953466860150265}
{"file": "/data/shijinsheng/open_duck/outputs/capture_r15_final_heldout_60s/results.json", "simulation_only": true, "tested": 30, "survived": 28, "qualified": 23, "failed_seeds": [306, 316], "unqualified_seeds": [304, 306, 315, 316, 324, 325, 329], "duration_s": [11.620000000000001, 60.0], "speed_mps": [-0.08768315401685389, -0.07857024981945523], "maximum_absolute_heading_deg": 17.87582751834224, "maximum_heading_rms_deg": 7.997135807361799, "maximum_absolute_lateral_m": 0.2791848597051687, "minimum_up_z": 0.40916923396688387, "thresholds": "speed [-.10,-.05] m/s; |yaw|<=15 deg; RMS<=10 deg; |lateral|<=.25 m; min up>=.94; no fall", "hardware_readiness": false}
