R100_DEVICES [CpuDevice(id=0)]
{"iteration": 1, "controls": 2048, "actual_full_fall_episodes": 0, "training_successes": 0, "physical_failures": 0, "mean_return": null, "policy_loss": -0.007526776287704706, "value_loss": 0.07486598938703537, "approx_kl": 0.002748616971075535, "wall_seconds": 6.335333723574877}
{"iteration": 2, "controls": 4096, "actual_full_fall_episodes": 1, "training_successes": 0, "physical_failures": 1, "mean_return": -4.754700465092397, "policy_loss": -0.005235245916992426, "value_loss": 0.5554143786430359, "approx_kl": 0.00043570250272750854, "wall_seconds": 9.466936465352774}
{"iteration": 3, "controls": 6144, "actual_full_fall_episodes": 7, "training_successes": 3, "physical_failures": 0, "mean_return": 6.356225715127621, "policy_loss": -0.003554726019501686, "value_loss": 7.889779090881348, "approx_kl": 0.0022305131424218416, "wall_seconds": 12.750281156040728}
{"iteration": 4, "controls": 8192, "actual_full_fall_episodes": 3, "training_successes": 0, "physical_failures": 2, "mean_return": -3.4920968842167603, "policy_loss": -0.0039659105241298676, "value_loss": 0.8452810645103455, "approx_kl": 0.0006826738826930523, "wall_seconds": 16.334748992696404}
{"iteration": 5, "controls": 10240, "actual_full_fall_episodes": 6, "training_successes": 1, "physical_failures": 0, "mean_return": 2.004893508498976, "policy_loss": -0.0029702235478907824, "value_loss": 3.222283363342285, "approx_kl": 0.0013146994169801474, "wall_seconds": 19.67176601383835}
{"iteration": 6, "controls": 12288, "actual_full_fall_episodes": 0, "training_successes": 0, "physical_failures": 0, "mean_return": null, "policy_loss": -0.006415391806513071, "value_loss": 0.07466273754835129, "approx_kl": 0.000688677653670311, "wall_seconds": 22.851344861090183}
{"iteration": 7, "controls": 14336, "actual_full_fall_episodes": 2, "training_successes": 0, "physical_failures": 0, "mean_return": -0.93432505148841, "policy_loss": -0.004743258003145456, "value_loss": 0.19950945675373077, "approx_kl": 0.0010794633999466896, "wall_seconds": 26.150107769295573}
{"iteration": 8, "controls": 16384, "actual_full_fall_episodes": 8, "training_successes": 1, "physical_failures": 2, "mean_return": 0.16789848168754906, "policy_loss": -0.002594188554212451, "value_loss": 3.1134591102600098, "approx_kl": 9.548966772854328e-05, "wall_seconds": 29.861166700720787}
{"iteration": 9, "controls": 18432, "actual_full_fall_episodes": 2, "training_successes": 0, "physical_failures": 0, "mean_return": -1.4047799546725837, "policy_loss": -0.004771227482706308, "value_loss": 0.27351605892181396, "approx_kl": 0.0002840012311935425, "wall_seconds": 33.32798711489886}
{"iteration": 10, "controls": 20480, "actual_full_fall_episodes": 5, "training_successes": 3, "physical_failures": 0, "mean_return": 9.097757211828627, "policy_loss": -0.004162854980677366, "value_loss": 9.81928539276123, "approx_kl": 0.002616508863866329, "wall_seconds": 36.85398904327303}
{"iteration": 11, "controls": 22528, "actual_full_fall_episodes": 1, "training_successes": 1, "physical_failures": 0, "mean_return": 15.882363500687838, "policy_loss": -0.005553104914724827, "value_loss": 0.11648015677928925, "approx_kl": 0.002251417376101017, "wall_seconds": 40.273207291960716}
{"iteration": 12, "controls": 24576, "actual_full_fall_episodes": 2, "training_successes": 0, "physical_failures": 0, "mean_return": -0.7065396603986656, "policy_loss": -0.0067294929176568985, "value_loss": 0.1644306480884552, "approx_kl": 0.0004801058676093817, "wall_seconds": 43.53346076142043}
{"iteration": 13, "controls": 26624, "actual_full_fall_episodes": 6, "training_successes": 1, "physical_failures": 0, "mean_return": 2.1046218909739847, "policy_loss": -0.0019901087507605553, "value_loss": 2.6625137329101562, "approx_kl": 0.0008174087852239609, "wall_seconds": 47.18759479187429}
{"iteration": 14, "controls": 28672, "actual_full_fall_episodes": 2, "training_successes": 0, "physical_failures": 0, "mean_return": -0.7035279912924651, "policy_loss": -0.0034942645579576492, "value_loss": 0.07657812535762787, "approx_kl": 0.0009735216153785586, "wall_seconds": 50.562566911801696}
{"iteration": 15, "controls": 30720, "actual_full_fall_episodes": 6, "training_successes": 1, "physical_failures": 0, "mean_return": 1.9930444906169986, "policy_loss": -0.005588343366980553, "value_loss": 3.1055150032043457, "approx_kl": 0.00022649462334811687, "wall_seconds": 54.086655982770026}
{"iteration": 16, "controls": 32768, "actual_full_fall_episodes": 2, "training_successes": 0, "physical_failures": 1, "mean_return": -2.9701694464698694, "policy_loss": -0.006321977358311415, "value_loss": 0.2738421857357025, "approx_kl": 0.0025607356801629066, "wall_seconds": 57.70778264477849}
{"iteration": 17, "controls": 34816, "actual_full_fall_episodes": 1, "training_successes": 0, "physical_failures": 0, "mean_return": -0.7041597992094256, "policy_loss": -0.003313857363536954, "value_loss": 0.24781829118728638, "approx_kl": 0.0011630270164459944, "wall_seconds": 60.91638621687889}
{"iteration": 18, "controls": 36864, "actual_full_fall_episodes": 7, "training_successes": 1, "physical_failures": 1, "mean_return": 0.9916430114362434, "policy_loss": -0.003433174453675747, "value_loss": 2.03684401512146, "approx_kl": 0.0022413237020373344, "wall_seconds": 64.70840523112565}
{"iteration": 19, "controls": 38912, "actual_full_fall_episodes": 2, "training_successes": 0, "physical_failures": 0, "mean_return": -0.6981435078407551, "policy_loss": -0.006515105254948139, "value_loss": 0.07474658638238907, "approx_kl": 0.0022208024747669697, "wall_seconds": 68.30677781067789}
{"iteration": 20, "controls": 40960, "actual_full_fall_episodes": 5, "training_successes": 0, "physical_failures": 0, "mean_return": -0.8065457874100606, "policy_loss": -0.005146711133420467, "value_loss": 0.06387560069561005, "approx_kl": 0.001405878458172083, "wall_seconds": 71.89918529428542}
{"iteration": 21, "controls": 43008, "actual_full_fall_episodes": 2, "training_successes": 0, "physical_failures": 0, "mean_return": -0.6510115060372947, "policy_loss": -0.005961112678050995, "value_loss": 0.06760570406913757, "approx_kl": 0.0008824917022138834, "wall_seconds": 75.49186845775694}
{"iteration": 22, "controls": 45056, "actual_full_fall_episodes": 1, "training_successes": 0, "physical_failures": 0, "mean_return": -0.6095119765034556, "policy_loss": -0.005364534445106983, "value_loss": 0.3193412721157074, "approx_kl": 0.0006283230613917112, "wall_seconds": 78.58174935169518}
{"iteration": 23, "controls": 47104, "actual_full_fall_episodes": 7, "training_successes": 1, "physical_failures": 1, "mean_return": 0.9464438145813244, "policy_loss": -0.00263441470451653, "value_loss": 1.6664927005767822, "approx_kl": 0.0005840174853801727, "wall_seconds": 82.51602015271783}
{"iteration": 24, "controls": 49152, "actual_full_fall_episodes": 2, "training_successes": 1, "physical_failures": 0, "mean_return": 7.232791303449593, "policy_loss": -0.001997809624299407, "value_loss": 2.2291836738586426, "approx_kl": 0.001740283565595746, "wall_seconds": 85.88152186013758}
{"iteration": 25, "controls": 51200, "actual_full_fall_episodes": 9, "training_successes": 2, "physical_failures": 3, "mean_return": 1.4862552636891044, "policy_loss": -0.004472588188946247, "value_loss": 7.020570278167725, "approx_kl": 0.0014802026562392712, "wall_seconds": 89.82000690419227}
{"iteration": 26, "controls": 53248, "actual_full_fall_episodes": 2, "training_successes": 0, "physical_failures": 0, "mean_return": -1.4647792405075648, "policy_loss": -0.005446362309157848, "value_loss": 0.3439828157424927, "approx_kl": -0.0006889330688863993, "wall_seconds": 93.31917493324727}
{"iteration": 27, "controls": 55296, "actual_full_fall_episodes": 0, "training_successes": 0, "physical_failures": 0, "mean_return": null, "policy_loss": -0.00448227021843195, "value_loss": 0.07233025133609772, "approx_kl": 0.001720033003948629, "wall_seconds": 96.59368758741766}
{"iteration": 28, "controls": 57344, "actual_full_fall_episodes": 6, "training_successes": 0, "physical_failures": 0, "mean_return": -0.8094545203334911, "policy_loss": -0.003441455541178584, "value_loss": 0.23142234981060028, "approx_kl": -0.0004120983649045229, "wall_seconds": 100.5564893707633}
{"iteration": 29, "controls": 59392, "actual_full_fall_episodes": 2, "training_successes": 1, "physical_failures": 0, "mean_return": 7.579913191280305, "policy_loss": -0.0018167116213589907, "value_loss": 1.8020789623260498, "approx_kl": 0.0006058064755052328, "wall_seconds": 104.13340831175447}
{"iteration": 30, "controls": 61440, "actual_full_fall_episodes": 6, "training_successes": 0, "physical_failures": 0, "mean_return": -0.9017388202616647, "policy_loss": -0.005493520759046078, "value_loss": 0.2953372001647949, "approx_kl": 0.0012903842143714428, "wall_seconds": 107.9081807397306}
{"iteration": 31, "controls": 63488, "actual_full_fall_episodes": 2, "training_successes": 0, "physical_failures": 0, "mean_return": -0.7749075623801818, "policy_loss": -0.003825269639492035, "value_loss": 0.06993672996759415, "approx_kl": 0.0019957921467721462, "wall_seconds": 111.38523027766496}
{"iteration": 32, "controls": 65536, "actual_full_fall_episodes": 1, "training_successes": 1, "physical_failures": 0, "mean_return": 15.871373235873243, "policy_loss": -0.003896216629073024, "value_loss": 3.770733594894409, "approx_kl": 0.0004096978809684515, "wall_seconds": 114.62006335891783}
{"iteration": 33, "controls": 67584, "actual_full_fall_episodes": 5, "training_successes": 3, "physical_failures": 0, "mean_return": 9.197547702043646, "policy_loss": -0.0016028943937271833, "value_loss": 5.570652961730957, "approx_kl": 0.0018105057533830404, "wall_seconds": 118.32529656868428}
{"iteration": 34, "controls": 69632, "actual_full_fall_episodes": 2, "training_successes": 1, "physical_failures": 0, "mean_return": 7.604783567856376, "policy_loss": -0.003386662807315588, "value_loss": 1.3792212009429932, "approx_kl": 0.0010833046399056911, "wall_seconds": 121.82954532746226}
{"iteration": 35, "controls": 71680, "actual_full_fall_episodes": 7, "training_successes": 2, "physical_failures": 1, "mean_return": 3.3325437155481956, "policy_loss": -0.003266895655542612, "value_loss": 5.6308112144470215, "approx_kl": 0.0006440740544348955, "wall_seconds": 125.68777623213828}
{"iteration": 36, "controls": 73728, "actual_full_fall_episodes": 2, "training_successes": 2, "physical_failures": 0, "mean_return": 15.86681574270573, "policy_loss": -0.004517505876719952, "value_loss": 5.897090911865234, "approx_kl": 0.0026981388218700886, "wall_seconds": 129.28241362329572}
{"iteration": 37, "controls": 75776, "actual_full_fall_episodes": 1, "training_successes": 0, "physical_failures": 0, "mean_return": -0.823347786048653, "policy_loss": -0.0033397357910871506, "value_loss": 0.3394284248352051, "approx_kl": -6.005307659506798e-05, "wall_seconds": 132.51001606602222}
{"iteration": 38, "controls": 77824, "actual_full_fall_episodes": 5, "training_successes": 0, "physical_failures": 0, "mean_return": -0.9937881622955965, "policy_loss": -0.004908409900963306, "value_loss": 0.24922552704811096, "approx_kl": 0.000124208047054708, "wall_seconds": 136.24695494677871}
{"iteration": 39, "controls": 79872, "actual_full_fall_episodes": 3, "training_successes": 1, "physical_failures": 1, "mean_return": 3.503470755733408, "policy_loss": -0.005120120011270046, "value_loss": 2.332616090774536, "approx_kl": 0.003173813223838806, "wall_seconds": 140.07848911266774}
{"iteration": 40, "controls": 81920, "actual_full_fall_episodes": 5, "training_successes": 1, "physical_failures": 0, "mean_return": 2.4910674809930846, "policy_loss": -0.0038146409206092358, "value_loss": 2.7642266750335693, "approx_kl": 0.002276104409247637, "wall_seconds": 143.76411352679133}
{"iteration": 41, "controls": 83968, "actual_full_fall_episodes": 4, "training_successes": 1, "physical_failures": 1, "mean_return": 2.3413389151674755, "policy_loss": -0.0031057323794811964, "value_loss": 3.6787381172180176, "approx_kl": 0.0019583709072321653, "wall_seconds": 147.6542386803776}
{"iteration": 42, "controls": 86016, "actual_full_fall_episodes": 4, "training_successes": 0, "physical_failures": 2, "mean_return": -2.9750523153607773, "policy_loss": -0.004754712805151939, "value_loss": 0.19358180463314056, "approx_kl": -0.000508028082549572, "wall_seconds": 151.31147324945778}
{"iteration": 43, "controls": 88064, "actual_full_fall_episodes": 3, "training_successes": 1, "physical_failures": 0, "mean_return": 4.809440062304776, "policy_loss": -0.004968193359673023, "value_loss": 3.3893063068389893, "approx_kl": 0.002957394579425454, "wall_seconds": 154.97431103140116}
{"iteration": 44, "controls": 90112, "actual_full_fall_episodes": 3, "training_successes": 2, "physical_failures": 0, "mean_return": 10.372071797168216, "policy_loss": -0.0019425388891249895, "value_loss": 5.434024810791016, "approx_kl": 0.0035079694353044033, "wall_seconds": 158.57810522895306}
{"iteration": 45, "controls": 92160, "actual_full_fall_episodes": 4, "training_successes": 2, "physical_failures": 0, "mean_return": 7.64288755244046, "policy_loss": -0.003188085276633501, "value_loss": 5.337419509887695, "approx_kl": 0.0008167142514139414, "wall_seconds": 162.46366528142244}
{"iteration": 46, "controls": 94208, "actual_full_fall_episodes": 4, "training_successes": 1, "physical_failures": 0, "mean_return": 3.434750902720959, "policy_loss": -0.004289442207664251, "value_loss": 3.211935043334961, "approx_kl": 0.0016089619603008032, "wall_seconds": 166.22744803130627}
{"iteration": 47, "controls": 96256, "actual_full_fall_episodes": 4, "training_successes": 1, "physical_failures": 2, "mean_return": 1.19165430597838, "policy_loss": -0.00378485769033432, "value_loss": 3.6286842823028564, "approx_kl": 0.0014942798297852278, "wall_seconds": 169.97983285132796}
{"iteration": 48, "controls": 98304, "actual_full_fall_episodes": 3, "training_successes": 1, "physical_failures": 0, "mean_return": 4.610776523674474, "policy_loss": -0.002358818892389536, "value_loss": 3.3680505752563477, "approx_kl": 0.0008771943394094706, "wall_seconds": 173.62641818914562}
{"iteration": 49, "controls": 100352, "actual_full_fall_episodes": 3, "training_successes": 0, "physical_failures": 0, "mean_return": -0.9652680767579235, "policy_loss": -0.004811044782400131, "value_loss": 0.1983378827571869, "approx_kl": 0.0012899052817374468, "wall_seconds": 177.2563132783398}
{"iteration": 50, "controls": 102400, "actual_full_fall_episodes": 4, "training_successes": 0, "physical_failures": 0, "mean_return": -0.8883766322184489, "policy_loss": -0.006589570082724094, "value_loss": 0.06462762504816055, "approx_kl": -0.0007092569721862674, "wall_seconds": 181.061669414863}
{"iteration": 51, "controls": 104448, "actual_full_fall_episodes": 4, "training_successes": 1, "physical_failures": 1, "mean_return": 2.3843453819203, "policy_loss": -0.004715033806860447, "value_loss": 3.6410014629364014, "approx_kl": 0.0014896090142428875, "wall_seconds": 184.84469071310014}
{"iteration": 52, "controls": 106496, "actual_full_fall_episodes": 4, "training_successes": 1, "physical_failures": 0, "mean_return": 3.4978466117307097, "policy_loss": -0.0027584307827055454, "value_loss": 3.359452486038208, "approx_kl": 0.000990027328953147, "wall_seconds": 188.64489421341568}
{"iteration": 53, "controls": 108544, "actual_full_fall_episodes": 3, "training_successes": 1, "physical_failures": 0, "mean_return": 4.719760169444016, "policy_loss": -0.004815081134438515, "value_loss": 3.137718677520752, "approx_kl": -0.0001880910713225603, "wall_seconds": 192.15979361440986}
{"iteration": 54, "controls": 110592, "actual_full_fall_episodes": 4, "training_successes": 0, "physical_failures": 2, "mean_return": -2.9230593051130356, "policy_loss": -0.004174614790827036, "value_loss": 0.8470171689987183, "approx_kl": 0.0006607966497540474, "wall_seconds": 195.94708790630102}
{"iteration": 55, "controls": 112640, "actual_full_fall_episodes": 4, "training_successes": 1, "physical_failures": 1, "mean_return": 2.19700444992596, "policy_loss": -0.004002353176474571, "value_loss": 2.8442461490631104, "approx_kl": 0.002054805401712656, "wall_seconds": 199.63654533866793}
{"iteration": 56, "controls": 114688, "actual_full_fall_episodes": 6, "training_successes": 0, "physical_failures": 3, "mean_return": -3.02388775011498, "policy_loss": -0.004898838698863983, "value_loss": 1.2936649322509766, "approx_kl": 0.0018044030293822289, "wall_seconds": 203.26391812972724}
{"iteration": 57, "controls": 116736, "actual_full_fall_episodes": 6, "training_successes": 1, "physical_failures": 2, "mean_return": 0.545117601833386, "policy_loss": -0.003296707523986697, "value_loss": 4.1775994300842285, "approx_kl": 0.00022811884991824627, "wall_seconds": 207.3099467214197}
{"iteration": 58, "controls": 118784, "actual_full_fall_episodes": 0, "training_successes": 0, "physical_failures": 0, "mean_return": null, "policy_loss": -0.006276165135204792, "value_loss": 0.33466142416000366, "approx_kl": 0.0016105386894196272, "wall_seconds": 210.43525099288672}
{"iteration": 59, "controls": 120832, "actual_full_fall_episodes": 6, "training_successes": 2, "physical_failures": 1, "mean_return": 4.019756915481038, "policy_loss": -0.002350215334445238, "value_loss": 5.3145928382873535, "approx_kl": 0.0020399680361151695, "wall_seconds": 214.26511353440583}
{"iteration": 60, "controls": 122880, "actual_full_fall_episodes": 2, "training_successes": 0, "physical_failures": 0, "mean_return": -0.7198574735450204, "policy_loss": -0.006333034485578537, "value_loss": 0.15649856626987457, "approx_kl": 0.0019632529001682997, "wall_seconds": 217.86519656330347}
{"iteration": 61, "controls": 124928, "actual_full_fall_episodes": 6, "training_successes": 2, "physical_failures": 2, "mean_return": 3.350715759094838, "policy_loss": -0.0021659363992512226, "value_loss": 6.095239639282227, "approx_kl": 0.0012589432299137115, "wall_seconds": 221.65464859828353}
{"iteration": 62, "controls": 126976, "actual_full_fall_episodes": 5, "training_successes": 0, "physical_failures": 1, "mean_return": -1.6914147117977065, "policy_loss": -0.006117509212344885, "value_loss": 0.5647608041763306, "approx_kl": 0.0011004628613591194, "wall_seconds": 225.76058076228946}
{"iteration": 63, "controls": 129024, "actual_full_fall_episodes": 1, "training_successes": 0, "physical_failures": 0, "mean_return": -0.8422070390872225, "policy_loss": -0.00452938349917531, "value_loss": 0.3280925452709198, "approx_kl": 0.0009256547782570124, "wall_seconds": 229.01429632212967}
{"iteration": 64, "controls": 131072, "actual_full_fall_episodes": 5, "training_successes": 2, "physical_failures": 0, "mean_return": 5.891579514383275, "policy_loss": -0.002998632611706853, "value_loss": 4.7456560134887695, "approx_kl": 0.0022459011524915695, "wall_seconds": 232.6020847503096}
R100_TRAINING_TERMINAL {"completed_iterations": 64, "controls": 131072, "actual_full_fall_episodes": 230, "training_successes": 48, "full_task_completed": false, "simulation_only": true, "hardware_readiness": false, "wall_seconds": 232.63970747217536, "model_sha256": "1575937535092a91c8b7bbb9d0f958d2f8e892e671729c9360c454338c4c57f2"}
