R155_ZERO_AND_NOMINAL_FULL_PARITY_PASS
R155_CANDIDATE 1 0 17 0
R155_CANDIDATE 1 1 17 0
R155_CANDIDATE 1 2 7 1
R155_CANDIDATE 1 3 8 3
R155_CANDIDATE 1 4 8 2
R155_CANDIDATE 1 5 12 1
R155_CANDIDATE 1 6 11 1
R155_CANDIDATE 1 7 8 0
R155_CANDIDATE 1 8 6 1
R155_CANDIDATE 1 9 10 3
R155_CANDIDATE 1 10 7 2
R155_CANDIDATE 1 11 4 0
R155_CANDIDATE 2 0 17 0
R155_CANDIDATE 2 1 17 0
R155_CANDIDATE 2 2 10 3
R155_CANDIDATE 2 3 7 0
R155_CANDIDATE 2 4 9 1
R155_CANDIDATE 2 5 4 2
R155_CANDIDATE 2 6 7 0
R155_CANDIDATE 2 7 9 2
R155_CANDIDATE 2 8 3 1
R155_CANDIDATE 2 9 10 1
R155_CANDIDATE 2 10 9 2
R155_CANDIDATE 2 11 7 3
R155_CANDIDATE 3 0 17 0
R155_CANDIDATE 3 1 17 0
R155_CANDIDATE 3 2 8 2
R155_CANDIDATE 3 3 6 2
R155_CANDIDATE 3 4 5 1
R155_CANDIDATE 3 5 6 2
R155_CANDIDATE 3 6 10 1
R155_CANDIDATE 3 7 9 1
R155_CANDIDATE 3 8 6 1
R155_CANDIDATE 3 9 6 0
R155_CANDIDATE 3 10 5 0
R155_CANDIDATE 3 11 6 1
R155_CANDIDATE 4 0 17 0
R155_CANDIDATE 4 1 17 0
R155_CANDIDATE 4 2 8 1
R155_CANDIDATE 4 3 10 1
R155_CANDIDATE 4 4 8 3
R155_CANDIDATE 4 5 10 2
R155_CANDIDATE 4 6 6 0
R155_CANDIDATE 4 7 5 1
R155_CANDIDATE 4 8 8 2
R155_CANDIDATE 4 9 4 2
R155_CANDIDATE 4 10 2 1
R155_CANDIDATE 4 11 4 3
R155_CANDIDATE 5 0 17 0
R155_CANDIDATE 5 1 17 0
R155_CANDIDATE 5 2 6 1
R155_CANDIDATE 5 3 7 2
R155_CANDIDATE 5 4 3 0
R155_CANDIDATE 5 5 6 2
R155_CANDIDATE 5 6 8 3
R155_CANDIDATE 5 7 5 1
R155_CANDIDATE 5 8 8 1
R155_CANDIDATE 5 9 6 3
R155_CANDIDATE 5 10 7 1
R155_CANDIDATE 5 11 6 1
R155_CANDIDATE 6 0 17 0
R155_CANDIDATE 6 1 17 0
R155_CANDIDATE 6 2 6 3
R155_CANDIDATE 6 3 3 2
R155_CANDIDATE 6 4 7 3
R155_CANDIDATE 6 5 7 0
R155_CANDIDATE 6 6 6 3
R155_CANDIDATE 6 7 10 1
R155_CANDIDATE 6 8 3 1
R155_CANDIDATE 6 9 10 0
R155_CANDIDATE 6 10 7 0
R155_CANDIDATE 6 11 9 0
R155_FULL_DEVELOPMENT 17 17 0
