......F...
======================================================================
FAIL: test_native_gyro_units_and_weld (__main__.AuditTests.test_native_gyro_units_and_weld)
----------------------------------------------------------------------
Traceback (most recent call last):
  File "/data/shijinsheng/open_duck/projects/Open_Duck_Playground/diagnostics/test_getup_centroidal_momentum_audit_r189.py", line 29, in test_native_gyro_units_and_weld
    np.testing.assert_array_equal(M[:,self.g.rootlinear],np.zeros((3,3)))
  File "/data/shijinsheng/open_duck/projects/Open_Duck_Playground/.venv/lib/python3.11/site-packages/numpy/testing/_private/utils.py", line 1121, in assert_array_equal
    assert_array_compare(operator.__eq__, actual, desired, err_msg=err_msg,
  File "/data/shijinsheng/open_duck/projects/Open_Duck_Playground/.venv/lib/python3.11/site-packages/numpy/testing/_private/utils.py", line 983, in assert_array_compare
    raise AssertionError(msg)
AssertionError: 
Arrays are not equal

Mismatched elements: 6 / 9 (66.7%)
First 5 mismatches are at indices:
 [0, 1]: -1.734723475976807e-17 (ACTUAL), 0.0 (DESIRED)
 [0, 2]: 3.469446951953614e-18 (ACTUAL), 0.0 (DESIRED)
 [1, 0]: 1.734723475976807e-17 (ACTUAL), 0.0 (DESIRED)
 [1, 2]: 5.312590645178972e-18 (ACTUAL), 0.0 (DESIRED)
 [2, 0]: -3.469446951953614e-18 (ACTUAL), 0.0 (DESIRED)
Max absolute difference among violations: 1.73472348e-17
Max relative difference among violations: inf
 ACTUAL: array([[ 0.000000e+00, -1.734723e-17,  3.469447e-18],
       [ 1.734723e-17,  0.000000e+00,  5.312591e-18],
       [-3.469447e-18, -5.312591e-18,  0.000000e+00]])
 DESIRED: array([[0., 0., 0.],
       [0., 0., 0.],
       [0., 0., 0.]])

----------------------------------------------------------------------
Ran 10 tests in 0.887s

FAILED (failures=1)
