/data/shijinsheng/open_duck/projects/Open_Duck_Playground/playground/open_duck_mini_v2/xmls/scene_flat_terrain.xml
[Poly ref data] Processing ...
[Poly ref data] Done processing
joint names: ['floating_base', 'left_hip_yaw', 'left_hip_roll', 'left_hip_pitch', 'left_knee', 'left_ankle', 'neck_pitch', 'head_pitch', 'head_yaw', 'head_roll', 'right_hip_yaw', 'right_hip_roll', 'right_hip_pitch', 'right_knee', 'right_ankle']
actuator names: ['left_hip_yaw', 'left_hip_roll', 'left_hip_pitch', 'left_knee', 'left_ankle', 'neck_pitch', 'head_pitch', 'head_yaw', 'head_roll', 'right_hip_yaw', 'right_hip_roll', 'right_hip_pitch', 'right_knee', 'right_ankle']
backlash joint names: []
ZERO BASELINE: [{"seed": 0, "duration_s": 10.0, "fallen": false, "speed_mps": -0.07736643435158147, "lateral_m": 0.2763042354132542, "yaw_change_deg": -17.79369944451421, "heading_rms_deg": 22.4761738700211, "minimum_up_z": 0.9762964371215919, "mean_local_velocity_mps": [-0.08690449562949347, 0.0001153146004205886, 0.014202953047669886], "cost": 1.9350962732446648}, {"seed": 1, "duration_s": 10.0, "fallen": false, "speed_mps": -0.0822286695364605, "lateral_m": 0.2047999136617899, "yaw_change_deg": -29.773712183051355, "heading_rms_deg": 20.5107820960464, "minimum_up_z": 0.9788080520442517, "mean_local_velocity_mps": [-0.0885783195044342, -0.0025648552700934216, 0.013894865940527926], "cost": 1.7331363801283806}]
BEST: 0 2.4146 [{"seed": 0, "duration_s": 10.0, "fallen": false, "speed_mps": -0.07736643435158147, "lateral_m": 0.2763042354132542, "yaw_change_deg": -17.79369944451421, "heading_rms_deg": 22.4761738700211, "minimum_up_z": 0.9762964371215919, "mean_local_velocity_mps": [-0.08690449562949347, 0.0001153146004205886, 0.014202953047669886], "cost": 1.9350962732446648}, {"seed": 1, "duration_s": 10.0, "fallen": false, "speed_mps": -0.0822286695364605, "lateral_m": 0.2047999136617899, "yaw_change_deg": -29.773712183051355, "heading_rms_deg": 20.5107820960464, "minimum_up_z": 0.9788080520442517, "mean_local_velocity_mps": [-0.0885783195044342, -0.0025648552700934216, 0.013894865940527926], "cost": 1.7331363801283806}]
BEST: 0 1.6171 [{"seed": 0, "duration_s": 10.0, "fallen": false, "speed_mps": -0.06738363972463408, "lateral_m": 0.19294690405062345, "yaw_change_deg": -27.136810122812594, "heading_rms_deg": 19.815608252263463, "minimum_up_z": 0.9765028758300912, "mean_local_velocity_mps": [-0.07195425539510879, -0.0006012077174733186, 0.010646532094989314], "cost": 1.515770436960052}, {"seed": 1, "duration_s": 10.0, "fallen": false, "speed_mps": -0.07364498320801276, "lateral_m": 0.14636163003011177, "yaw_change_deg": -19.618027757290225, "heading_rms_deg": 14.618639149492111, "minimum_up_z": 0.9726287313379274, "mean_local_velocity_mps": [-0.07768854402975017, 0.0008505247469661495, 0.011884561662707595], "cost": 0.8089760026743262}]
BEST: 0 0.2766 [{"seed": 0, "duration_s": 10.0, "fallen": false, "speed_mps": -0.07698841974200765, "lateral_m": 0.10154207157206385, "yaw_change_deg": -8.606200016126577, "heading_rms_deg": 6.6287984225733885, "minimum_up_z": 0.9739845173975303, "mean_local_velocity_mps": [-0.08018318737364784, 0.0028306314683860865, 0.013658084221549571], "cost": 0.2590814438930443}, {"seed": 1, "duration_s": 10.0, "fallen": false, "speed_mps": -0.0647401486336142, "lateral_m": 0.010306026930585757, "yaw_change_deg": 4.866911143495879, "heading_rms_deg": 5.443387961355727, "minimum_up_z": 0.9749841592097298, "mean_local_velocity_mps": [-0.06682244731644603, 0.000130121601489913, 0.011498993594873528], "cost": 0.1386848092451408}]
GENERATION COMPLETE: 0 best: 0.27660755973700585 elapsed: 35.6
BEST: 1 0.126 [{"seed": 0, "duration_s": 10.0, "fallen": false, "speed_mps": -0.07349815908025906, "lateral_m": 0.03327536699617512, "yaw_change_deg": 3.1762852388145304, "heading_rms_deg": 6.105661889907711, "minimum_up_z": 0.9776559466645914, "mean_local_velocity_mps": [-0.07556900603637928, -0.0021439029711823993, 0.01300862923581293], "cost": 0.06811735536709373}, {"seed": 1, "duration_s": 10.0, "fallen": false, "speed_mps": -0.0665037523580412, "lateral_m": 0.03872295262181278, "yaw_change_deg": 0.6852504174445179, "heading_rms_deg": 5.466082097291411, "minimum_up_z": 0.9764404183742482, "mean_local_velocity_mps": [-0.06807957135043692, -0.0024218598773096582, 0.01118897474983791], "cost": 0.1149108947642454}]
GENERATION COMPLETE: 1 best: 0.1259873934949432 elapsed: 67.6
GENERATION COMPLETE: 2 best: 0.1259873934949432 elapsed: 102.4
GENERATION COMPLETE: 3 best: 0.1259873934949432 elapsed: 138.9
GENERATION COMPLETE: 4 best: 0.1259873934949432 elapsed: 170.8
BEST: 5 0.1053 [{"seed": 0, "duration_s": 10.0, "fallen": false, "speed_mps": -0.08103673567863093, "lateral_m": 0.007104749076962577, "yaw_change_deg": 0.3174998437525376, "heading_rms_deg": 5.508649289248667, "minimum_up_z": 0.9685803249925773, "mean_local_velocity_mps": [-0.08327646960071063, -0.004965829231316289, 0.016295835030100247], "cost": 0.08783869306299134}, {"seed": 1, "duration_s": 10.0, "fallen": false, "speed_mps": -0.07606868715132095, "lateral_m": -0.016087892186154727, "yaw_change_deg": 8.212280864583574, "heading_rms_deg": 4.097387713105974, "minimum_up_z": 0.9762140944550703, "mean_local_velocity_mps": [-0.07777444995040766, -0.007783475680327958, 0.015187143182392743], "cost": 0.07015422104609007}]
BEST: 5 0.0869 [{"seed": 0, "duration_s": 10.0, "fallen": false, "speed_mps": -0.07725898438825027, "lateral_m": -0.007886329052235288, "yaw_change_deg": -1.2488244361293794, "heading_rms_deg": 6.659470580164759, "minimum_up_z": 0.96560565890171, "mean_local_velocity_mps": [-0.07932124403720095, -0.009776355732347272, 0.015219736268559072], "cost": 0.06730992291145689}, {"seed": 1, "duration_s": 10.0, "fallen": false, "speed_mps": -0.07469478343891617, "lateral_m": 0.01802017499303838, "yaw_change_deg": 4.6863998001152325, "heading_rms_deg": 6.186465557527896, "minimum_up_z": 0.9617919097178854, "mean_local_velocity_mps": [-0.07728921359574485, -0.0073987399556182136, 0.01445763357031116], "cost": 0.0660334874721178}]
GENERATION COMPLETE: 5 best: 0.08686468206522441 elapsed: 202.7
GENERATION COMPLETE: 6 best: 0.08686468206522441 elapsed: 236.2
GENERATION COMPLETE: 7 best: 0.08686468206522441 elapsed: 270.1
