{"read_only": true, "no_MjData_environment_forward_or_integration": true, "no_outcome_or_validity_relabeling": true, "smoke": false, "distinct_actual_programs": 25, "nonzero_programs": 24, "actual_training_attempts": 625, "scalar_trajectories_audited": 625, "generations": 4, "candidate_successes": 18, "baseline_successes": 18, "candidate_physical_failures": 0, "development_gate": false, "best_nonzero": "/data/shijinsheng/open_duck/outputs/getup_expert_mixture_r168_left_20261008/training/generation_0004/candidate_06", "best_all_valid_nonzero": "/data/shijinsheng/open_duck/outputs/getup_expert_mixture_r168_left_20261008/training/generation_0003/candidate_06", "all_valid_nonzero_programs": 8, "raw_feedback_and_executed_differences_separate_not_dynamic_counterfactual": true, "qpos_qvel_only_read_for_separate_original_field_parity_not_feedback_inputs": true, "source_hashes_unchanged": true, "independent_smoke_bitwise_equal": true, "qualification_never_loaded": true, "full_task_completed": false, "hardware_readiness": false}
R169_PROGRAM training/generation_0001/candidate_00 18 0 [] []
R169_PROGRAM training/generation_0001/candidate_02 5 1 [] [769000, 769001, 769003, 769005, 769006, 773002, 773006, 773008, 773010, 773011, 773012, 773013, 773014]
R169_PROGRAM training/generation_0001/candidate_03 4 0 [773004] [769000, 769001, 769003, 769005, 769006, 769007, 773002, 773003, 773006, 773007, 773009, 773010, 773011, 773013, 773014]
R169_PROGRAM training/generation_0001/candidate_04 7 1 [769002, 773015] [769000, 769001, 769003, 773000, 773002, 773003, 773006, 773007, 773008, 773011, 773012, 773013, 773014]
R169_PROGRAM training/generation_0001/candidate_05 5 0 [769004, 773015] [769000, 769001, 769006, 769007, 773000, 773002, 773003, 773006, 773007, 773008, 773009, 773010, 773011, 773012, 773014]
R169_PROGRAM training/generation_0001/candidate_06 8 1 [] [769003, 769006, 769007, 773000, 773002, 773006, 773007, 773009, 773011, 773014]
R169_PROGRAM training/generation_0001/candidate_07 7 0 [769004, 773001, 773004] [769000, 769003, 769005, 769006, 769007, 773000, 773002, 773003, 773007, 773008, 773009, 773010, 773011, 773012]
R169_PROGRAM training/generation_0002/candidate_02 7 1 [] [769000, 769001, 769003, 769005, 769007, 773000, 773003, 773008, 773010, 773013, 773014]
R169_PROGRAM training/generation_0002/candidate_03 8 0 [769004, 773001] [769003, 769005, 769006, 769007, 773000, 773002, 773006, 773008, 773009, 773010, 773012, 773013]
R169_PROGRAM training/generation_0002/candidate_04 6 0 [773015] [769000, 769001, 769006, 769007, 773000, 773002, 773006, 773007, 773008, 773009, 773011, 773013, 773014]
R169_PROGRAM training/generation_0002/candidate_05 6 1 [769004, 773015] [769000, 769003, 769005, 769006, 769007, 773003, 773006, 773007, 773008, 773009, 773011, 773012, 773013, 773014]
R169_PROGRAM training/generation_0002/candidate_06 9 1 [769002, 773004, 773005] [769000, 769001, 769003, 769006, 769007, 773006, 773007, 773008, 773009, 773010, 773012, 773014]
R169_PROGRAM training/generation_0002/candidate_07 11 1 [769002, 773004, 773005] [769001, 769006, 773000, 773003, 773008, 773009, 773011, 773012, 773013, 773014]
R169_PROGRAM training/generation_0003/candidate_02 4 2 [] [769000, 769003, 769005, 769006, 769007, 773000, 773002, 773008, 773009, 773010, 773011, 773012, 773013, 773014]
R169_PROGRAM training/generation_0003/candidate_03 5 3 [773005, 773015] [769000, 769001, 769003, 769005, 769006, 773000, 773002, 773007, 773008, 773009, 773010, 773011, 773012, 773013, 773014]
R169_PROGRAM training/generation_0003/candidate_04 6 3 [773001, 773004] [769000, 769001, 769003, 769006, 769007, 773000, 773002, 773003, 773006, 773009, 773010, 773011, 773012, 773014]
R169_PROGRAM training/generation_0003/candidate_05 9 0 [769004, 773015] [769001, 769005, 773000, 773002, 773006, 773007, 773008, 773009, 773010, 773013, 773014]
R169_PROGRAM training/generation_0003/candidate_06 9 0 [769004, 773005, 773015] [769000, 769001, 769003, 769005, 769006, 773000, 773002, 773003, 773009, 773010, 773011, 773013]
R169_PROGRAM training/generation_0003/candidate_07 9 2 [769002, 769004, 773005] [769001, 769003, 769005, 769007, 773002, 773003, 773006, 773007, 773008, 773009, 773011, 773013]
R169_PROGRAM training/generation_0004/candidate_02 5 1 [769002, 773001, 773005, 773015] [769000, 769001, 769003, 769005, 769006, 769007, 773000, 773002, 773006, 773007, 773008, 773009, 773010, 773011, 773012, 773013, 773014]
R169_PROGRAM training/generation_0004/candidate_03 10 2 [769002, 773001, 773015] [769000, 769003, 769005, 769006, 773000, 773003, 773008, 773009, 773010, 773012, 773013]
R169_PROGRAM training/generation_0004/candidate_04 5 1 [769002, 773015] [769000, 769001, 769003, 769005, 769006, 769007, 773000, 773003, 773006, 773007, 773009, 773010, 773012, 773013, 773014]
R169_PROGRAM training/generation_0004/candidate_05 8 0 [769004, 773005] [769000, 769001, 769003, 769005, 773000, 773002, 773003, 773007, 773009, 773010, 773012, 773013]
R169_PROGRAM training/generation_0004/candidate_06 12 1 [769004, 773004] [769000, 769005, 773006, 773008, 773009, 773010, 773012, 773014]
R169_PROGRAM training/generation_0004/candidate_07 9 1 [769004, 773004] [769000, 769005, 769006, 769007, 773000, 773002, 773003, 773008, 773009, 773012, 773014]
