GEN 1 SUCCESS 13 /24 NOMINAL 1 ELIGIBLE 24 STALE 0
GEN 2 SUCCESS 13 /24 NOMINAL 1 ELIGIBLE 24 STALE 1
GEN 3 SUCCESS 13 /24 NOMINAL 1 ELIGIBLE 24 STALE 2
GEN 4 SUCCESS 13 /24 NOMINAL 1 ELIGIBLE 24 STALE 3
GEN 5 SUCCESS 13 /24 NOMINAL 1 ELIGIBLE 24 STALE 4
GEN 6 SUCCESS 13 /24 NOMINAL 1 ELIGIBLE 24 STALE 5
GEN 7 SUCCESS 13 /24 NOMINAL 1 ELIGIBLE 24 STALE 6
GEN 8 SUCCESS 13 /24 NOMINAL 1 ELIGIBLE 24 STALE 7
GEN 9 SUCCESS 13 /24 NOMINAL 1 ELIGIBLE 24 STALE 8
GEN 10 SUCCESS 13 /24 NOMINAL 1 ELIGIBLE 24 STALE 9
GEN 11 SUCCESS 13 /24 NOMINAL 1 ELIGIBLE 24 STALE 10
GEN 12 SUCCESS 13 /24 NOMINAL 1 ELIGIBLE 24 STALE 11
GEN 13 SUCCESS 13 /24 NOMINAL 1 ELIGIBLE 24 STALE 12
HELDOUT None BASE 1 CANDIDATE 1
HELDOUT 781000 BASE 0 CANDIDATE 0
HELDOUT 781001 BASE 0 CANDIDATE 0
HELDOUT 781002 BASE 1 CANDIDATE 1
HELDOUT 781003 BASE 0 CANDIDATE 0
HELDOUT 781004 BASE 0 CANDIDATE 0
HELDOUT 781005 BASE 0 CANDIDATE 0
HELDOUT 781006 BASE 0 CANDIDATE 0
HELDOUT 781007 BASE 0 CANDIDATE 0
HELDOUT 781008 BASE 0 CANDIDATE 0
HELDOUT 781009 BASE 0 CANDIDATE 0
HELDOUT 781010 BASE 1 CANDIDATE 1
HELDOUT 781011 BASE 0 CANDIDATE 0
HELDOUT 781012 BASE 0 CANDIDATE 0
HELDOUT 781013 BASE 1 CANDIDATE 1
HELDOUT 781014 BASE 1 CANDIDATE 1
HELDOUT 781015 BASE 0 CANDIDATE 0
HELDOUT 781016 BASE 0 CANDIDATE 0
HELDOUT 781017 BASE 0 CANDIDATE 0
HELDOUT 781018 BASE 1 CANDIDATE 1
HELDOUT 781019 BASE 0 CANDIDATE 0
HELDOUT 781020 BASE 0 CANDIDATE 0
HELDOUT 781021 BASE 0 CANDIDATE 0
HELDOUT 781022 BASE 0 CANDIDATE 0
HELDOUT 781023 BASE 0 CANDIDATE 0
HELDOUT 781024 BASE 0 CANDIDATE 0
HELDOUT 781025 BASE 0 CANDIDATE 0
HELDOUT 781026 BASE 0 CANDIDATE 0
HELDOUT 781027 BASE 1 CANDIDATE 1
HELDOUT 781028 BASE 1 CANDIDATE 1
HELDOUT 781029 BASE 0 CANDIDATE 0
HELDOUT 781030 BASE 0 CANDIDATE 0
HELDOUT 781031 BASE 1 CANDIDATE 1
HELDOUT 781032 BASE 0 CANDIDATE 0
HELDOUT 781033 BASE 0 CANDIDATE 0
HELDOUT 781034 BASE 0 CANDIDATE 0
HELDOUT 781035 BASE 0 CANDIDATE 0
HELDOUT 781036 BASE 0 CANDIDATE 0
HELDOUT 781037 BASE 0 CANDIDATE 0
HELDOUT 781038 BASE 0 CANDIDATE 0
HELDOUT 781039 BASE 0 CANDIDATE 0
QUALIFIED 8 /40 BASELINE 8
RESULTS_SAVED /data/shijinsheng/open_duck/outputs/getup_early_feedback_r81_left_20261001
