test_clips_to_joint_ranges (diagnostics.test_getup_rescue_r22.RescueTargetTest.test_clips_to_joint_ranges) ... ok
test_interpolation_returns_to_home (diagnostics.test_getup_rescue_r22.RescueTargetTest.test_interpolation_returns_to_home) ... ok
test_reject_invalid_knots (diagnostics.test_getup_rescue_r22.RescueTargetTest.test_reject_invalid_knots) ... ok
test_zero_knots_exact_home (diagnostics.test_getup_rescue_r22.RescueTargetTest.test_zero_knots_exact_home) ... ok

----------------------------------------------------------------------
Ran 4 tests in 0.002s

OK
BASELINE SCAN: 12 / 20 SEARCH SEEDS: [310002, 310005, 310006, 310010]
RESCUE SEARCH: 310010 {"generation": 1, "best_success": false, "successful_candidates": 0, "best_steps": 30, "best_score": 329.1678480652706, "control_steps": 714, "elapsed_s": 2.8635787963867188}
RESCUE SEARCH: 310002 {"generation": 1, "best_success": false, "successful_candidates": 0, "best_steps": 63, "best_score": 726.3652982127567, "control_steps": 969, "elapsed_s": 3.824209213256836}
RESCUE SEARCH: 310006 {"generation": 1, "best_success": false, "successful_candidates": 0, "best_steps": 48, "best_score": 517.7470948459986, "control_steps": 1020, "elapsed_s": 3.964639186859131}
RESCUE SEARCH: 310005 {"generation": 1, "best_success": true, "successful_candidates": 1, "best_steps": 200, "best_score": 104861.27436846556, "control_steps": 1349, "elapsed_s": 4.751465559005737}
RESCUE SEARCH: 310010 {"generation": 2, "best_success": false, "successful_candidates": 0, "best_steps": 31, "best_score": 342.47405475602466, "control_steps": 1459, "elapsed_s": 5.855393409729004}
RESCUE SEARCH: 310002 {"generation": 2, "best_success": false, "successful_candidates": 0, "best_steps": 97, "best_score": 1274.459954349032, "control_steps": 2134, "elapsed_s": 8.343059301376343}
RESCUE SEARCH: 310006 {"generation": 2, "best_success": false, "successful_candidates": 0, "best_steps": 60, "best_score": 642.9980080717219, "control_steps": 2238, "elapsed_s": 8.253206253051758}
RESCUE SEARCH: 310010 {"generation": 3, "best_success": false, "successful_candidates": 0, "best_steps": 36, "best_score": 399.57239520966004, "control_steps": 2252, "elapsed_s": 8.970694541931152}
RESCUE SEARCH: 310005 {"generation": 2, "best_success": true, "successful_candidates": 1, "best_steps": 200, "best_score": 104861.27436846556, "control_steps": 2824, "elapsed_s": 9.173172235488892}
RESCUE SEARCH: 310010 {"generation": 4, "best_success": false, "successful_candidates": 0, "best_steps": 41, "best_score": 468.9108325136558, "control_steps": 3145, "elapsed_s": 12.291913509368896}
RESCUE SEARCH: 310006 {"generation": 3, "best_success": false, "successful_candidates": 0, "best_steps": 73, "best_score": 893.0975888031244, "control_steps": 3681, "elapsed_s": 12.227473735809326}
RESCUE SEARCH: 310002 {"generation": 3, "best_success": false, "successful_candidates": 0, "best_steps": 200, "best_score": 2038.8325896636145, "control_steps": 3740, "elapsed_s": 12.661025285720825}
RESCUE SEARCH: 310005 {"generation": 3, "best_success": true, "successful_candidates": 1, "best_steps": 200, "best_score": 104861.27436846556, "control_steps": 4320, "elapsed_s": 12.998594999313354}
RESCUE SEARCH: 310010 {"generation": 5, "best_success": false, "successful_candidates": 0, "best_steps": 41, "best_score": 468.9108325136558, "control_steps": 4188, "elapsed_s": 16.101829528808594}
RESCUE SEARCH: 310006 {"generation": 4, "best_success": true, "successful_candidates": 2, "best_steps": 200, "best_score": 104862.55783143415, "control_steps": 5499, "elapsed_s": 16.950298309326172}
RESCUE SEARCH: 310002 {"generation": 4, "best_success": true, "successful_candidates": 1, "best_steps": 200, "best_score": 104780.90753421701, "control_steps": 5538, "elapsed_s": 17.525959730148315}
RESCUE SEARCH: 310005 {"generation": 4, "best_success": true, "successful_candidates": 5, "best_steps": 200, "best_score": 104926.2125419668, "control_steps": 6704, "elapsed_s": 18.66357159614563}
RESCUE SEARCH: 310010 {"generation": 6, "best_success": false, "successful_candidates": 0, "best_steps": 43, "best_score": 475.327724221977, "control_steps": 5340, "elapsed_s": 20.302377223968506}
RESCUE SEARCH: 310006 {"generation": 5, "best_success": true, "successful_candidates": 2, "best_steps": 200, "best_score": 104934.61428862081, "control_steps": 7393, "elapsed_s": 21.86365032196045}
RESCUE SEARCH: 310005 {"generation": 5, "best_success": true, "successful_candidates": 1, "best_steps": 200, "best_score": 104926.2125419668, "control_steps": 8365, "elapsed_s": 22.843188285827637}
RESCUE SEARCH: 310002 {"generation": 5, "best_success": true, "successful_candidates": 1, "best_steps": 200, "best_score": 104780.90753421701, "control_steps": 7757, "elapsed_s": 23.355234384536743}
RESCUE SEARCH: 310010 {"generation": 7, "best_success": false, "successful_candidates": 0, "best_steps": 49, "best_score": 567.5615411856425, "control_steps": 6595, "elapsed_s": 24.74587321281433}
RESCUE SEARCH: 310005 {"generation": 6, "best_success": true, "successful_candidates": 1, "best_steps": 200, "best_score": 104926.2125419668, "control_steps": 10064, "elapsed_s": 27.01633644104004}
RESCUE SEARCH: 310006 {"generation": 6, "best_success": true, "successful_candidates": 5, "best_steps": 200, "best_score": 105144.46726655844, "control_steps": 9930, "elapsed_s": 28.09593176841736}
RESCUE SEARCH: 310002 {"generation": 6, "best_success": true, "successful_candidates": 2, "best_steps": 200, "best_score": 105323.83930483524, "control_steps": 9611, "elapsed_s": 28.36626100540161}
RESCUE SEARCH: 310010 {"generation": 8, "best_success": false, "successful_candidates": 0, "best_steps": 49, "best_score": 567.5615411856425, "control_steps": 7918, "elapsed_s": 28.726916551589966}
RESCUE SEARCH: 310010 {"generation": 9, "best_success": false, "successful_candidates": 0, "best_steps": 54, "best_score": 620.4475135385655, "control_steps": 9260, "elapsed_s": 32.40358018875122}
RESCUE SEARCH: 310005 {"generation": 7, "best_success": true, "successful_candidates": 5, "best_steps": 200, "best_score": 104926.2125419668, "control_steps": 12435, "elapsed_s": 32.5158007144928}
RESCUE SEARCH: 310002 {"generation": 7, "best_success": true, "successful_candidates": 4, "best_steps": 200, "best_score": 105323.83930483524, "control_steps": 12145, "elapsed_s": 34.84842848777771}
RESCUE SEARCH: 310010 {"generation": 10, "best_success": false, "successful_candidates": 0, "best_steps": 66, "best_score": 748.5957452121344, "control_steps": 10710, "elapsed_s": 37.08715486526489}
RESCUE SEARCH: 310005 {"generation": 8, "best_success": true, "successful_candidates": 1, "best_steps": 200, "best_score": 104926.2125419668, "control_steps": 14400, "elapsed_s": 37.11345028877258}
RESCUE SEARCH: 310006 {"generation": 7, "best_success": true, "successful_candidates": 17, "best_steps": 200, "best_score": 105144.46726655844, "control_steps": 14272, "elapsed_s": 38.24087905883789}
RESCUE SEARCH: 310002 {"generation": 8, "best_success": true, "successful_candidates": 4, "best_steps": 200, "best_score": 105323.83930483524, "control_steps": 14382, "elapsed_s": 40.70917081832886}
RESCUE SEARCH: 310005 {"generation": 9, "best_success": true, "successful_candidates": 1, "best_steps": 200, "best_score": 104926.2125419668, "control_steps": 16376, "elapsed_s": 41.75436806678772}
RESCUE SEARCH: 310010 {"generation": 11, "best_success": false, "successful_candidates": 0, "best_steps": 88, "best_score": 1075.8557857561295, "control_steps": 12343, "elapsed_s": 42.490673303604126}
RESCUE SEARCH: 310002 {"generation": 9, "best_success": true, "successful_candidates": 2, "best_steps": 200, "best_score": 105323.83930483524, "control_steps": 16487, "elapsed_s": 46.30959963798523}
RESCUE SEARCH: 310005 {"generation": 10, "best_success": true, "successful_candidates": 2, "best_steps": 200, "best_score": 104926.2125419668, "control_steps": 18466, "elapsed_s": 46.65550398826599}
RESCUE SEARCH: 310010 {"generation": 12, "best_success": true, "successful_candidates": 2, "best_steps": 200, "best_score": 104832.66989666708, "control_steps": 14261, "elapsed_s": 48.21315860748291}
RESCUE SEARCH: 310006 {"generation": 8, "best_success": true, "successful_candidates": 17, "best_steps": 200, "best_score": 105217.79361729961, "control_steps": 18702, "elapsed_s": 48.35820651054382}
RESCUE SEARCH: 310005 {"generation": 11, "best_success": true, "successful_candidates": 4, "best_steps": 200, "best_score": 104926.2125419668, "control_steps": 20860, "elapsed_s": 52.19980454444885}
RESCUE SEARCH: 310002 {"generation": 10, "best_success": true, "successful_candidates": 5, "best_steps": 200, "best_score": 105323.83930483524, "control_steps": 19168, "elapsed_s": 53.140252113342285}
RESCUE SEARCH: 310005 {"generation": 12, "best_success": true, "successful_candidates": 4, "best_steps": 200, "best_score": 104926.2125419668, "control_steps": 23376, "elapsed_s": 57.96155095100403}
RESCUE SEARCH: 310006 {"generation": 9, "best_success": true, "successful_candidates": 20, "best_steps": 200, "best_score": 105329.53656383959, "control_steps": 23556, "elapsed_s": 59.33776569366455}
RESCUE SEARCH: 310002 {"generation": 11, "best_success": true, "successful_candidates": 7, "best_steps": 200, "best_score": 105323.83930483524, "control_steps": 21960, "elapsed_s": 60.048803091049194}
RESCUE SEARCH: 310002 {"generation": 12, "best_success": true, "successful_candidates": 8, "best_steps": 200, "best_score": 105323.83930483524, "control_steps": 25094, "elapsed_s": 67.56465911865234}
RESCUE SEARCH: 310006 {"generation": 10, "best_success": true, "successful_candidates": 22, "best_steps": 200, "best_score": 105352.55671575265, "control_steps": 28585, "elapsed_s": 73.76688814163208}
RESCUE SEARCH: 310006 {"generation": 11, "best_success": true, "successful_candidates": 27, "best_steps": 200, "best_score": 105427.17586127779, "control_steps": 34300, "elapsed_s": 87.3952145576477}
RESCUE SEARCH: 310006 {"generation": 12, "best_success": true, "successful_candidates": 29, "best_steps": 200, "best_score": 105427.17586127779, "control_steps": 40278, "elapsed_s": 101.05011796951294}
RESCUE COMPLETE: {"scanned_runs": 20, "searched_failed_starts": 4, "rescued_4s": 4, "rescued_30s": 4, "actual_control_steps": 112591, "optimization": "per-start trajectory CEM, NOT PPO or trained general actor", "physics_unchanged": true, "success_gate_unchanged": true, "root_edits_after_reset": 0, "target_knots_s": [0.2, 0.6, 1.2], "varied_joint_indices": [1, 2, 3, 4, 10, 11, 12, 13], "knot_bounds_rad": [0.7, 0.9, 0.8, 0.9, 0.7, 0.9, 0.8, 0.9], "simulation_only": true, "hardware_readiness": false, "stage": "near-standing rescue only, NOT full fallen get-up"}
