test_duplicate_training_seed_rejected (diagnostics.test_getup_expanded_r26.ExpandedAtlasTest.test_duplicate_training_seed_rejected) ... ok
test_long_success_without_4s_is_not_rescue (diagnostics.test_getup_expanded_r26.ExpandedAtlasTest.test_long_success_without_4s_is_not_rescue) ... ok
test_mismatched_initialization_rejected (diagnostics.test_getup_expanded_r26.ExpandedAtlasTest.test_mismatched_initialization_rejected) ... ok
test_only_verified_paired_rescue_is_added (diagnostics.test_getup_expanded_r26.ExpandedAtlasTest.test_only_verified_paired_rescue_is_added) ... ok
test_paired_comparison_checks_initial_hash (diagnostics.test_getup_expanded_r26.ExpandedAtlasTest.test_paired_comparison_checks_initial_hash) ... ok
test_unsupported_start_is_not_success_label (diagnostics.test_getup_expanded_r26.ExpandedAtlasTest.test_unsupported_start_is_not_success_label) ... ok
test_clips_to_joint_ranges (diagnostics.test_getup_rescue_r22.RescueTargetTest.test_clips_to_joint_ranges) ... ok
test_interpolation_returns_to_home (diagnostics.test_getup_rescue_r22.RescueTargetTest.test_interpolation_returns_to_home) ... ok
test_reject_invalid_knots (diagnostics.test_getup_rescue_r22.RescueTargetTest.test_reject_invalid_knots) ... ok
test_zero_knots_exact_home (diagnostics.test_getup_rescue_r22.RescueTargetTest.test_zero_knots_exact_home) ... ok
test_exact_teacher_sequence_no_averaging (diagnostics.test_getup_sequence_r24.TrajectoryPolicyTest.test_exact_teacher_sequence_no_averaging) ... ok
test_home_anchor_and_unknown_fallback (diagnostics.test_getup_sequence_r24.TrajectoryPolicyTest.test_home_anchor_and_unknown_fallback) ... ok
test_invalid_observation_and_radius (diagnostics.test_getup_sequence_r24.TrajectoryPolicyTest.test_invalid_observation_and_radius) ... ok
test_selection_penalizes_lost_success_and_baseline_wins_ties (diagnostics.test_getup_sequence_r24.TrajectoryPolicyTest.test_selection_penalizes_lost_success_and_baseline_wins_ties) ... ok
test_zero_radius_always_home (diagnostics.test_getup_sequence_r24.TrajectoryPolicyTest.test_zero_radius_always_home) ... ok

----------------------------------------------------------------------
Ran 15 tests in 0.003s

OK
BASELINE SCAN: 39 / 64 SEARCH SEEDS: [470002, 470006, 470007, 470010, 470011, 470012, 470016, 470023]
RESCUE SEARCH: 470010 {"generation": 1, "best_success": false, "successful_candidates": 0, "best_steps": 17, "best_score": 171.57368257417033, "control_steps": 335, "elapsed_s": 1.3375110626220703}
RESCUE SEARCH: 470010 {"generation": 2, "best_success": false, "successful_candidates": 0, "best_steps": 17, "best_score": 171.57368257417033, "control_steps": 705, "elapsed_s": 2.778657913208008}
RESCUE SEARCH: 470006 {"generation": 1, "best_success": false, "successful_candidates": 0, "best_steps": 53, "best_score": 575.4650796005923, "control_steps": 1017, "elapsed_s": 2.788017988204956}
RESCUE SEARCH: 470007 {"generation": 1, "best_success": true, "successful_candidates": 1, "best_steps": 200, "best_score": 104974.23613942871, "control_steps": 1185, "elapsed_s": 3.0262675285339355}
RESCUE SEARCH: 470002 {"generation": 1, "best_success": false, "successful_candidates": 0, "best_steps": 200, "best_score": 2022.3918553080034, "control_steps": 970, "elapsed_s": 3.2534077167510986}
RESCUE SEARCH: 470010 {"generation": 3, "best_success": false, "successful_candidates": 0, "best_steps": 200, "best_score": 1991.8087225644056, "control_steps": 1714, "elapsed_s": 5.525912523269653}
RESCUE SEARCH: 470002 {"generation": 2, "best_success": false, "successful_candidates": 0, "best_steps": 200, "best_score": 2022.3918553080034, "control_steps": 2035, "elapsed_s": 6.1288533210754395}
RESCUE SEARCH: 470007 {"generation": 2, "best_success": true, "successful_candidates": 2, "best_steps": 200, "best_score": 104974.23613942871, "control_steps": 2656, "elapsed_s": 6.759409427642822}
RESCUE SEARCH: 470006 {"generation": 2, "best_success": true, "successful_candidates": 2, "best_steps": 200, "best_score": 104869.14219816124, "control_steps": 2549, "elapsed_s": 6.8540778160095215}
RESCUE SEARCH: 470010 {"generation": 4, "best_success": false, "successful_candidates": 0, "best_steps": 200, "best_score": 1991.8087225644056, "control_steps": 2667, "elapsed_s": 8.101418256759644}
RESCUE SEARCH: 470002 {"generation": 3, "best_success": false, "successful_candidates": 0, "best_steps": 200, "best_score": 2056.0991932295847, "control_steps": 3687, "elapsed_s": 10.111716032028198}
RESCUE SEARCH: 470010 {"generation": 5, "best_success": false, "successful_candidates": 0, "best_steps": 200, "best_score": 1991.8087225644056, "control_steps": 3836, "elapsed_s": 11.137357234954834}
RESCUE SEARCH: 470006 {"generation": 3, "best_success": true, "successful_candidates": 2, "best_steps": 200, "best_score": 104869.14219816124, "control_steps": 4294, "elapsed_s": 11.340978622436523}
RESCUE SEARCH: 470007 {"generation": 3, "best_success": true, "successful_candidates": 4, "best_steps": 200, "best_score": 105032.80155210082, "control_steps": 4607, "elapsed_s": 11.533555269241333}
RESCUE SEARCH: 470010 {"generation": 6, "best_success": false, "successful_candidates": 0, "best_steps": 200, "best_score": 1991.8087225644056, "control_steps": 4979, "elapsed_s": 14.115719556808472}
RESCUE SEARCH: 470002 {"generation": 4, "best_success": false, "successful_candidates": 0, "best_steps": 200, "best_score": 2069.503247209265, "control_steps": 6067, "elapsed_s": 16.051490783691406}
RESCUE SEARCH: 470007 {"generation": 4, "best_success": true, "successful_candidates": 2, "best_steps": 200, "best_score": 105067.2820281758, "control_steps": 6496, "elapsed_s": 16.622629642486572}
RESCUE SEARCH: 470006 {"generation": 4, "best_success": true, "successful_candidates": 6, "best_steps": 200, "best_score": 104922.02696362394, "control_steps": 7143, "elapsed_s": 18.12166738510132}
RESCUE SEARCH: 470010 {"generation": 7, "best_success": false, "successful_candidates": 0, "best_steps": 200, "best_score": 1991.8087225644056, "control_steps": 6740, "elapsed_s": 18.504660844802856}
RESCUE SEARCH: 470002 {"generation": 5, "best_success": false, "successful_candidates": 0, "best_steps": 200, "best_score": 2069.503247209265, "control_steps": 7765, "elapsed_s": 20.146019220352173}
RESCUE SEARCH: 470010 {"generation": 8, "best_success": false, "successful_candidates": 0, "best_steps": 200, "best_score": 1991.8087225644056, "control_steps": 7889, "elapsed_s": 22.157517910003662}
RESCUE SEARCH: 470007 {"generation": 5, "best_success": true, "successful_candidates": 6, "best_steps": 200, "best_score": 105128.79615900725, "control_steps": 8882, "elapsed_s": 22.26995062828064}
RESCUE SEARCH: 470002 {"generation": 6, "best_success": false, "successful_candidates": 0, "best_steps": 200, "best_score": 2077.702565256279, "control_steps": 10347, "elapsed_s": 26.39667534828186}
RESCUE SEARCH: 470010 {"generation": 9, "best_success": false, "successful_candidates": 0, "best_steps": 200, "best_score": 1991.8087225644056, "control_steps": 9589, "elapsed_s": 27.735465049743652}
RESCUE SEARCH: 470006 {"generation": 5, "best_success": true, "successful_candidates": 13, "best_steps": 200, "best_score": 105074.95837953655, "control_steps": 10814, "elapsed_s": 27.702698945999146}
RESCUE SEARCH: 470007 {"generation": 6, "best_success": true, "successful_candidates": 5, "best_steps": 200, "best_score": 105128.79615900725, "control_steps": 11494, "elapsed_s": 28.288312196731567}
RESCUE SEARCH: 470010 {"generation": 10, "best_success": false, "successful_candidates": 0, "best_steps": 200, "best_score": 1991.8087225644056, "control_steps": 11062, "elapsed_s": 32.25062322616577}
RESCUE SEARCH: 470007 {"generation": 7, "best_success": true, "successful_candidates": 9, "best_steps": 200, "best_score": 105128.79615900725, "control_steps": 14560, "elapsed_s": 35.28243899345398}
RESCUE SEARCH: 470002 {"generation": 7, "best_success": false, "successful_candidates": 0, "best_steps": 200, "best_score": 2082.271492003597, "control_steps": 14009, "elapsed_s": 35.631059646606445}
RESCUE SEARCH: 470010 {"generation": 11, "best_success": false, "successful_candidates": 0, "best_steps": 200, "best_score": 1991.8087225644056, "control_steps": 12487, "elapsed_s": 36.48194980621338}
RESCUE SEARCH: 470006 {"generation": 6, "best_success": true, "successful_candidates": 13, "best_steps": 200, "best_score": 105076.58240325136, "control_steps": 14577, "elapsed_s": 36.424540281295776}
RESCUE SEARCH: 470010 {"generation": 12, "best_success": false, "successful_candidates": 0, "best_steps": 200, "best_score": 1991.8087225644056, "control_steps": 14500, "elapsed_s": 41.52757000923157}
RESCUE SEARCH: 470007 {"generation": 8, "best_success": true, "successful_candidates": 10, "best_steps": 200, "best_score": 105415.12105557146, "control_steps": 17853, "elapsed_s": 42.76996469497681}
RESCUE SEARCH: 470002 {"generation": 8, "best_success": false, "successful_candidates": 0, "best_steps": 200, "best_score": 2092.3651248241945, "control_steps": 17526, "elapsed_s": 43.510618925094604}
RESCUE SEARCH: 470010 {"generation": 13, "best_success": false, "successful_candidates": 0, "best_steps": 200, "best_score": 1991.8087225644056, "control_steps": 16321, "elapsed_s": 46.126065492630005}
RESCUE SEARCH: 470006 {"generation": 7, "best_success": true, "successful_candidates": 25, "best_steps": 200, "best_score": 105224.32655473992, "control_steps": 20148, "elapsed_s": 48.84515142440796}
RESCUE SEARCH: 470007 {"generation": 9, "best_success": true, "successful_candidates": 13, "best_steps": 200, "best_score": 105535.94674736014, "control_steps": 21476, "elapsed_s": 50.85050678253174}
RESCUE SEARCH: 470010 {"generation": 14, "best_success": false, "successful_candidates": 0, "best_steps": 200, "best_score": 1991.8087225644056, "control_steps": 18290, "elapsed_s": 51.0869665145874}
RESCUE SEARCH: 470002 {"generation": 9, "best_success": false, "successful_candidates": 0, "best_steps": 200, "best_score": 4159.865872792825, "control_steps": 20986, "elapsed_s": 51.9635066986084}
RESCUE SEARCH: 470010 {"generation": 15, "best_success": false, "successful_candidates": 0, "best_steps": 200, "best_score": 1991.8087225644056, "control_steps": 19902, "elapsed_s": 55.28047323226929}
RESCUE SEARCH: 470007 {"generation": 10, "best_success": true, "successful_candidates": 15, "best_steps": 200, "best_score": 105535.94674736014, "control_steps": 25538, "elapsed_s": 59.75479078292847}
RESCUE SEARCH: 470002 {"generation": 10, "best_success": false, "successful_candidates": 0, "best_steps": 200, "best_score": 4159.865872792825, "control_steps": 24072, "elapsed_s": 59.79408860206604}
RESCUE SEARCH: 470010 {"generation": 16, "best_success": false, "successful_candidates": 0, "best_steps": 200, "best_score": 1992.3549775155902, "control_steps": 22041, "elapsed_s": 60.67691898345947}
RESCUE SEARCH: 470006 {"generation": 8, "best_success": true, "successful_candidates": 26, "best_steps": 200, "best_score": 105301.86571145554, "control_steps": 25708, "elapsed_s": 63.0971519947052}
RESCUE SEARCH: 470011 {"generation": 1, "best_success": false, "successful_candidates": 0, "best_steps": 200, "best_score": 2042.3527089492525, "control_steps": 982, "elapsed_s": 2.690453290939331}
RESCUE SEARCH: 470002 {"generation": 11, "best_success": false, "successful_candidates": 0, "best_steps": 200, "best_score": 4159.865872792825, "control_steps": 27624, "elapsed_s": 67.83016467094421}
RESCUE SEARCH: 470011 {"generation": 2, "best_success": false, "successful_candidates": 0, "best_steps": 200, "best_score": 2042.3527089492525, "control_steps": 2003, "elapsed_s": 5.598918914794922}
RESCUE SEARCH: 470007 {"generation": 11, "best_success": true, "successful_candidates": 19, "best_steps": 200, "best_score": 105535.94674736014, "control_steps": 30169, "elapsed_s": 70.30437326431274}
RESCUE SEARCH: 470011 {"generation": 3, "best_success": false, "successful_candidates": 0, "best_steps": 200, "best_score": 2042.3527089492525, "control_steps": 3100, "elapsed_s": 8.556946516036987}
RESCUE SEARCH: 470002 {"generation": 12, "best_success": true, "successful_candidates": 1, "best_steps": 200, "best_score": 104895.65758459753, "control_steps": 31287, "elapsed_s": 76.30980038642883}
RESCUE SEARCH: 470006 {"generation": 9, "best_success": true, "successful_candidates": 29, "best_steps": 200, "best_score": 105344.6967469813, "control_steps": 31658, "elapsed_s": 76.88160061836243}
RESCUE SEARCH: 470011 {"generation": 4, "best_success": false, "successful_candidates": 0, "best_steps": 200, "best_score": 2061.365937213662, "control_steps": 4591, "elapsed_s": 12.316811800003052}
RESCUE SEARCH: 470011 {"generation": 5, "best_success": false, "successful_candidates": 0, "best_steps": 200, "best_score": 2061.365937213662, "control_steps": 5988, "elapsed_s": 15.859646081924438}
RESCUE SEARCH: 470007 {"generation": 12, "best_success": true, "successful_candidates": 25, "best_steps": 200, "best_score": 105535.94674736014, "control_steps": 35597, "elapsed_s": 82.07356357574463}
RESCUE SEARCH: 470011 {"generation": 6, "best_success": false, "successful_candidates": 0, "best_steps": 200, "best_score": 2061.365937213662, "control_steps": 7401, "elapsed_s": 19.386508464813232}
RESCUE SEARCH: 470002 {"generation": 13, "best_success": true, "successful_candidates": 2, "best_steps": 200, "best_score": 104895.65758459753, "control_steps": 34986, "elapsed_s": 84.61447501182556}
RESCUE SEARCH: 470006 {"generation": 10, "best_success": true, "successful_candidates": 22, "best_steps": 200, "best_score": 105393.03996478207, "control_steps": 36627, "elapsed_s": 87.94392275810242}
RESCUE SEARCH: 470011 {"generation": 7, "best_success": false, "successful_candidates": 0, "best_steps": 200, "best_score": 2068.1513818096046, "control_steps": 9267, "elapsed_s": 23.836928606033325}
RESCUE SEARCH: 470002 {"generation": 14, "best_success": true, "successful_candidates": 4, "best_steps": 200, "best_score": 104895.65758459753, "control_steps": 38105, "elapsed_s": 91.69075226783752}
RESCUE SEARCH: 470011 {"generation": 8, "best_success": true, "successful_candidates": 2, "best_steps": 200, "best_score": 105045.02891422944, "control_steps": 11465, "elapsed_s": 28.91198182106018}
RESCUE SEARCH: 470007 {"generation": 13, "best_success": true, "successful_candidates": 27, "best_steps": 200, "best_score": 105535.94674736014, "control_steps": 41347, "elapsed_s": 95.81144428253174}
RESCUE SEARCH: 470002 {"generation": 15, "best_success": true, "successful_candidates": 2, "best_steps": 200, "best_score": 104895.65758459753, "control_steps": 40906, "elapsed_s": 97.99846959114075}
RESCUE SEARCH: 470011 {"generation": 9, "best_success": true, "successful_candidates": 4, "best_steps": 200, "best_score": 105106.56864214368, "control_steps": 13923, "elapsed_s": 34.49678158760071}
RESCUE SEARCH: 470006 {"generation": 11, "best_success": true, "successful_candidates": 23, "best_steps": 200, "best_score": 105393.03996478207, "control_steps": 41798, "elapsed_s": 99.531423330307}
RESCUE SEARCH: 470002 {"generation": 16, "best_success": true, "successful_candidates": 5, "best_steps": 200, "best_score": 104895.65758459753, "control_steps": 44135, "elapsed_s": 105.23306250572205}
RESCUE SEARCH: 470011 {"generation": 10, "best_success": true, "successful_candidates": 10, "best_steps": 200, "best_score": 105262.90902730626, "control_steps": 17138, "elapsed_s": 41.67373609542847}
RESCUE SEARCH: 470007 {"generation": 14, "best_success": true, "successful_candidates": 26, "best_steps": 200, "best_score": 105535.94674736014, "control_steps": 46998, "elapsed_s": 108.79771900177002}
RESCUE SEARCH: 470012 {"generation": 1, "best_success": false, "successful_candidates": 0, "best_steps": 29, "best_score": 322.3084125465491, "control_steps": 637, "elapsed_s": 1.8586230278015137}
RESCUE SEARCH: 470006 {"generation": 12, "best_success": true, "successful_candidates": 26, "best_steps": 200, "best_score": 105393.03996478207, "control_steps": 47383, "elapsed_s": 112.01198363304138}
RESCUE SEARCH: 470012 {"generation": 2, "best_success": false, "successful_candidates": 0, "best_steps": 48, "best_score": 511.4858913904158, "control_steps": 1349, "elapsed_s": 3.9391002655029297}
RESCUE SEARCH: 470012 {"generation": 3, "best_success": false, "successful_candidates": 0, "best_steps": 200, "best_score": 2013.4504430790364, "control_steps": 2322, "elapsed_s": 6.47162389755249}
RESCUE SEARCH: 470011 {"generation": 11, "best_success": true, "successful_candidates": 20, "best_steps": 200, "best_score": 105366.9567085168, "control_steps": 21960, "elapsed_s": 52.22658586502075}
RESCUE SEARCH: 470012 {"generation": 4, "best_success": false, "successful_candidates": 0, "best_steps": 200, "best_score": 2018.9282400354114, "control_steps": 4087, "elapsed_s": 10.65234661102295}
RESCUE SEARCH: 470007 {"generation": 15, "best_success": true, "successful_candidates": 28, "best_steps": 200, "best_score": 105535.94674736014, "control_steps": 52869, "elapsed_s": 121.40115642547607}
RESCUE SEARCH: 470006 {"generation": 13, "best_success": true, "successful_candidates": 24, "best_steps": 200, "best_score": 105394.75256175948, "control_steps": 52669, "elapsed_s": 123.93730068206787}
RESCUE SEARCH: 470012 {"generation": 5, "best_success": false, "successful_candidates": 0, "best_steps": 200, "best_score": 2019.7399042891197, "control_steps": 6733, "elapsed_s": 16.650842428207397}
RESCUE SEARCH: 470011 {"generation": 12, "best_success": true, "successful_candidates": 20, "best_steps": 200, "best_score": 105366.9567085168, "control_steps": 26901, "elapsed_s": 64.9922137260437}
RESCUE SEARCH: 470012 {"generation": 6, "best_success": false, "successful_candidates": 0, "best_steps": 200, "best_score": 2019.7399042891197, "control_steps": 8896, "elapsed_s": 21.6643283367157}
RESCUE SEARCH: 470007 {"generation": 16, "best_success": true, "successful_candidates": 27, "best_steps": 200, "best_score": 105563.51894083175, "control_steps": 58621, "elapsed_s": 133.8370201587677}
RESCUE SEARCH: 470012 {"generation": 7, "best_success": false, "successful_candidates": 0, "best_steps": 200, "best_score": 2023.6716882476487, "control_steps": 11637, "elapsed_s": 27.7988920211792}
RESCUE SEARCH: 470006 {"generation": 14, "best_success": true, "successful_candidates": 25, "best_steps": 200, "best_score": 105394.75256175948, "control_steps": 58064, "elapsed_s": 138.38773322105408}
RESCUE SEARCH: 470011 {"generation": 13, "best_success": true, "successful_candidates": 17, "best_steps": 200, "best_score": 105366.9567085168, "control_steps": 31162, "elapsed_s": 75.51353311538696}
RESCUE SEARCH: 470016 {"generation": 1, "best_success": false, "successful_candidates": 0, "best_steps": 51, "best_score": 610.2012948061703, "control_steps": 922, "elapsed_s": 3.120950222015381}
RESCUE SEARCH: 470012 {"generation": 8, "best_success": false, "successful_candidates": 0, "best_steps": 200, "best_score": 2024.0980496322318, "control_steps": 14879, "elapsed_s": 35.072136878967285}
RESCUE SEARCH: 470016 {"generation": 2, "best_success": false, "successful_candidates": 0, "best_steps": 64, "best_score": 737.9305865914685, "control_steps": 1941, "elapsed_s": 6.252081871032715}
RESCUE SEARCH: 470016 {"generation": 3, "best_success": true, "successful_candidates": 2, "best_steps": 200, "best_score": 104967.05611670346, "control_steps": 3483, "elapsed_s": 9.8967444896698}
RESCUE SEARCH: 470011 {"generation": 14, "best_success": true, "successful_candidates": 21, "best_steps": 200, "best_score": 105400.92945093138, "control_steps": 35988, "elapsed_s": 86.46512126922607}
RESCUE SEARCH: 470012 {"generation": 9, "best_success": false, "successful_candidates": 0, "best_steps": 200, "best_score": 2024.0980496322318, "control_steps": 18418, "elapsed_s": 43.01768469810486}
RESCUE SEARCH: 470006 {"generation": 15, "best_success": true, "successful_candidates": 30, "best_steps": 200, "best_score": 105397.4636348957, "control_steps": 64230, "elapsed_s": 152.214284658432}
RESCUE SEARCH: 470016 {"generation": 4, "best_success": true, "successful_candidates": 3, "best_steps": 200, "best_score": 104967.05611670346, "control_steps": 5454, "elapsed_s": 14.879908084869385}
RESCUE SEARCH: 470016 {"generation": 5, "best_success": true, "successful_candidates": 1, "best_steps": 200, "best_score": 104967.05611670346, "control_steps": 7033, "elapsed_s": 19.568751573562622}
RESCUE SEARCH: 470012 {"generation": 10, "best_success": false, "successful_candidates": 0, "best_steps": 200, "best_score": 2024.0980496322318, "control_steps": 22332, "elapsed_s": 51.73708724975586}
RESCUE SEARCH: 470011 {"generation": 15, "best_success": true, "successful_candidates": 20, "best_steps": 200, "best_score": 105534.12062394581, "control_steps": 40681, "elapsed_s": 96.95920515060425}
RESCUE SEARCH: 470016 {"generation": 6, "best_success": true, "successful_candidates": 4, "best_steps": 200, "best_score": 105092.77150054928, "control_steps": 9168, "elapsed_s": 24.64067053794861}
RESCUE SEARCH: 470006 {"generation": 16, "best_success": true, "successful_candidates": 23, "best_steps": 200, "best_score": 105397.4636348957, "control_steps": 69377, "elapsed_s": 163.97219729423523}
RESCUE SEARCH: 470016 {"generation": 7, "best_success": true, "successful_candidates": 5, "best_steps": 200, "best_score": 105092.77150054928, "control_steps": 11542, "elapsed_s": 29.80565047264099}
RESCUE SEARCH: 470012 {"generation": 11, "best_success": false, "successful_candidates": 0, "best_steps": 200, "best_score": 2030.5169788434437, "control_steps": 26117, "elapsed_s": 60.14091992378235}
RESCUE SEARCH: 470023 {"generation": 1, "best_success": false, "successful_candidates": 0, "best_steps": 37, "best_score": 381.5463421544198, "control_steps": 620, "elapsed_s": 1.9002585411071777}
RESCUE SEARCH: 470011 {"generation": 16, "best_success": true, "successful_candidates": 19, "best_steps": 200, "best_score": 105534.12062394581, "control_steps": 45203, "elapsed_s": 106.856271982193}
RESCUE SEARCH: 470023 {"generation": 2, "best_success": false, "successful_candidates": 0, "best_steps": 200, "best_score": 2004.6077312324799, "control_steps": 1638, "elapsed_s": 4.617345333099365}
RESCUE SEARCH: 470016 {"generation": 8, "best_success": true, "successful_candidates": 4, "best_steps": 200, "best_score": 105092.77150054928, "control_steps": 14000, "elapsed_s": 35.17860794067383}
RESCUE SEARCH: 470023 {"generation": 3, "best_success": false, "successful_candidates": 0, "best_steps": 200, "best_score": 2009.067986328088, "control_steps": 2908, "elapsed_s": 7.876739025115967}
RESCUE SEARCH: 470012 {"generation": 12, "best_success": false, "successful_candidates": 0, "best_steps": 200, "best_score": 2030.5169788434437, "control_steps": 29774, "elapsed_s": 68.25165319442749}
RESCUE SEARCH: 470023 {"generation": 4, "best_success": false, "successful_candidates": 0, "best_steps": 200, "best_score": 2009.067986328088, "control_steps": 4627, "elapsed_s": 12.059251546859741}
RESCUE SEARCH: 470016 {"generation": 9, "best_success": true, "successful_candidates": 8, "best_steps": 200, "best_score": 105092.77150054928, "control_steps": 17036, "elapsed_s": 41.61902832984924}
RESCUE SEARCH: 470023 {"generation": 5, "best_success": false, "successful_candidates": 0, "best_steps": 200, "best_score": 2009.067986328088, "control_steps": 6401, "elapsed_s": 16.35823893547058}
RESCUE SEARCH: 470012 {"generation": 13, "best_success": false, "successful_candidates": 0, "best_steps": 200, "best_score": 2032.820137893976, "control_steps": 33573, "elapsed_s": 76.78224420547485}
RESCUE SEARCH: 470016 {"generation": 10, "best_success": true, "successful_candidates": 8, "best_steps": 200, "best_score": 105254.13585309676, "control_steps": 19858, "elapsed_s": 47.65783762931824}
RESCUE SEARCH: 470023 {"generation": 6, "best_success": false, "successful_candidates": 0, "best_steps": 200, "best_score": 2009.067986328088, "control_steps": 9828, "elapsed_s": 24.16780972480774}
RESCUE SEARCH: 470016 {"generation": 11, "best_success": true, "successful_candidates": 8, "best_steps": 200, "best_score": 105254.13585309676, "control_steps": 23066, "elapsed_s": 54.38854265213013}
RESCUE SEARCH: 470012 {"generation": 14, "best_success": false, "successful_candidates": 0, "best_steps": 200, "best_score": 2032.820137893976, "control_steps": 36867, "elapsed_s": 84.18650245666504}
RESCUE SEARCH: 470023 {"generation": 7, "best_success": false, "successful_candidates": 0, "best_steps": 200, "best_score": 2009.067986328088, "control_steps": 11840, "elapsed_s": 28.97591781616211}
RESCUE SEARCH: 470012 {"generation": 15, "best_success": false, "successful_candidates": 0, "best_steps": 200, "best_score": 2032.820137893976, "control_steps": 40491, "elapsed_s": 92.35904335975647}
RESCUE SEARCH: 470016 {"generation": 12, "best_success": true, "successful_candidates": 10, "best_steps": 200, "best_score": 105254.13585309676, "control_steps": 26286, "elapsed_s": 62.750810861587524}
RESCUE SEARCH: 470023 {"generation": 8, "best_success": false, "successful_candidates": 0, "best_steps": 200, "best_score": 2009.067986328088, "control_steps": 14915, "elapsed_s": 36.064823389053345}
RESCUE SEARCH: 470016 {"generation": 13, "best_success": true, "successful_candidates": 9, "best_steps": 200, "best_score": 105254.13585309676, "control_steps": 29557, "elapsed_s": 69.65212416648865}
RESCUE SEARCH: 470012 {"generation": 16, "best_success": false, "successful_candidates": 0, "best_steps": 200, "best_score": 2032.820137893976, "control_steps": 43975, "elapsed_s": 100.24746251106262}
RESCUE SEARCH: 470023 {"generation": 9, "best_success": false, "successful_candidates": 0, "best_steps": 200, "best_score": 2009.5442454039335, "control_steps": 17120, "elapsed_s": 41.32879710197449}
RESCUE SEARCH: 470023 {"generation": 10, "best_success": false, "successful_candidates": 0, "best_steps": 200, "best_score": 2009.5442454039335, "control_steps": 19869, "elapsed_s": 47.68575572967529}
RESCUE SEARCH: 470016 {"generation": 14, "best_success": true, "successful_candidates": 19, "best_steps": 200, "best_score": 105362.70325038739, "control_steps": 34100, "elapsed_s": 79.16719317436218}
RESCUE SEARCH: 470023 {"generation": 11, "best_success": false, "successful_candidates": 0, "best_steps": 200, "best_score": 2009.9955321518837, "control_steps": 22800, "elapsed_s": 55.00318264961243}
RESCUE SEARCH: 470016 {"generation": 15, "best_success": true, "successful_candidates": 17, "best_steps": 200, "best_score": 105379.11505824693, "control_steps": 38383, "elapsed_s": 88.2454845905304}
RESCUE SEARCH: 470023 {"generation": 12, "best_success": false, "successful_candidates": 0, "best_steps": 200, "best_score": 2009.9955321518837, "control_steps": 24824, "elapsed_s": 59.860907793045044}
RESCUE SEARCH: 470023 {"generation": 13, "best_success": false, "successful_candidates": 0, "best_steps": 200, "best_score": 2010.419270052552, "control_steps": 26851, "elapsed_s": 64.69283103942871}
RESCUE SEARCH: 470016 {"generation": 16, "best_success": true, "successful_candidates": 19, "best_steps": 200, "best_score": 105532.48081932028, "control_steps": 42954, "elapsed_s": 98.05195260047913}
RESCUE SEARCH: 470023 {"generation": 14, "best_success": false, "successful_candidates": 0, "best_steps": 200, "best_score": 2010.419270052552, "control_steps": 28695, "elapsed_s": 69.12593722343445}
RESCUE SEARCH: 470023 {"generation": 15, "best_success": false, "successful_candidates": 0, "best_steps": 200, "best_score": 2010.419270052552, "control_steps": 31447, "elapsed_s": 75.50439286231995}
RESCUE SEARCH: 470023 {"generation": 16, "best_success": false, "successful_candidates": 0, "best_steps": 200, "best_score": 2013.5702618235177, "control_steps": 33988, "elapsed_s": 81.44278168678284}
RESCUE COMPLETE: {"scanned_runs": 64, "searched_failed_starts": 8, "rescued_4s": 5, "rescued_30s": 5, "actual_control_steps": 382590, "optimization": "per-start trajectory CEM, NOT PPO or trained general actor", "physics_unchanged": true, "success_gate_unchanged": true, "root_edits_after_reset": 0, "target_knots_s": [0.2, 0.6, 1.2], "varied_joint_indices": [1, 2, 3, 4, 10, 11, 12, 13], "knot_bounds_rad": [0.7, 0.9, 0.8, 0.9, 0.7, 0.9, 0.8, 0.9], "simulation_only": true, "hardware_readiness": false, "stage": "near-standing rescue only, NOT full fallen get-up"}
R26 ANCHORS: {"home_success": 39, "verified_rescue": 5, "unsupported_abstention": 20}
R26 FROZEN RADIUS: 0.3 {"0.0": {"runs": 60, "successes": 36, "full_duration_runs": 36, "rescue_selections": 0, "new_successes": 0, "new_failures": 0, "continuous_goal_after4s": 0}, "0.15": {"runs": 60, "successes": 36, "full_duration_runs": 36, "rescue_selections": 0, "new_successes": 0, "new_failures": 0, "continuous_goal_after4s": 0}, "0.3": {"runs": 60, "successes": 37, "full_duration_runs": 37, "rescue_selections": 2, "new_successes": 1, "new_failures": 0, "continuous_goal_after4s": 0}, "0.6": {"runs": 60, "successes": 36, "full_duration_runs": 36, "rescue_selections": 3, "new_successes": 1, "new_failures": 1, "continuous_goal_after4s": 0}, "1.2": {"runs": 60, "successes": 36, "full_duration_runs": 36, "rescue_selections": 4, "new_successes": 1, "new_failures": 1, "continuous_goal_after4s": 0}}
R26 HELD OUT: independent_4s {"runs": 200, "r25_successes": 124, "r26_successes": 123, "gains_over_r25": 0, "losses_vs_r25": 1}
R26 HELD OUT: independent_30s {"runs": 40, "r25_successes": 24, "r26_successes": 24, "gains_over_r25": 0, "losses_vs_r25": 0}
R26 HELD OUT: mild_4s {"runs": 100, "r25_successes": 86, "r26_successes": 85, "gains_over_r25": 0, "losses_vs_r25": 1}
R26 COMPLETE: {"actual_control_steps": 743991, "adoption_gate_passed": false, "new_anchor_counts": {"home_success": 39, "verified_rescue": 5, "unsupported_abstention": 20}}
