R196_PATH baseline None 2279 True True
R196_PATH baseline 773004 2279 False True
R196_PATH baseline 769000 2279 True True
R196_PATH deterministic None 2279 True True
R196_PATH sample 769002 2279 True True
R196_PATH sample 773004 2279 False True
R196_PATH baseline 769001 2279 True True
R196_PATH baseline 769000 2279 True True
R196_PATH baseline 769003 2279 True True
R196_PATH baseline 769002 2279 False True
R196_PATH baseline 769004 2279 False True
R196_PATH baseline None 2279 True True
R196_PATH baseline 769005 2279 True True
R196_PATH baseline 769006 2279 True True
R196_PATH baseline 773000 2279 True True
R196_PATH baseline 769007 2279 True True
R196_PATH baseline 773001 2279 False True
R196_PATH baseline 773002 2279 True True
R196_PATH baseline 773003 2279 True True
R196_PATH baseline 773004 2279 False True
R196_PATH baseline 773006 2279 True True
R196_PATH baseline 773005 2279 False True
R196_PATH baseline 773007 2279 True True
R196_PATH baseline 773008 2279 True True
R196_PATH baseline 773009 2279 True True
R196_PATH baseline 773010 2279 True True
R196_PATH baseline 773012 2279 True True
R196_PATH baseline 773011 2279 True True
R196_PATH baseline 773014 2279 True True
R196_PATH baseline 773013 2279 True True
R196_PATH baseline 773015 2279 False True
R196_PATH sample 769002 2279 False True
R196_PATH sample 769000 2279 False True
R196_PATH sample 769003 2279 False True
R196_PATH sample 769001 2279 False True
R196_PATH sample 769004 2279 False True
R196_PATH sample None 2279 False True
R196_PATH sample 769007 2279 True True
R196_PATH sample 773000 2279 True True
R196_PATH sample 773002 2279 True True
R196_PATH sample 769006 2279 False True
R196_PATH sample 769005 2279 False True
R196_PATH sample 773001 2279 False True
R196_PATH sample 773003 2279 True True
R196_PATH sample 773005 2279 True True
R196_PATH sample 773007 2279 True True
R196_PATH sample 773004 2279 False True
R196_PATH sample 773006 2279 False True
R196_PATH sample 773008 2279 True True
R196_PATH sample 773009 2279 False True
R196_PATH sample 773010 2279 False True
R196_PATH sample 773012 2279 True True
R196_PATH sample 773011 2279 False True
R196_PATH sample 773013 2279 False True
R196_PATH sample 773014 2279 False True
R196_PATH sample 773015 2279 True True
R196_PATH deterministic None 2279 True True
R196_PATH deterministic 769001 2279 False True
R196_PATH deterministic 769002 2279 False True
R196_PATH deterministic 769004 2279 False True
R196_PATH deterministic 769003 2279 False True
R196_PATH deterministic 769000 2279 False True
R196_PATH deterministic 769007 2279 True True
R196_PATH deterministic 773000 2279 False True
R196_PATH deterministic 769005 2279 False True
R196_PATH deterministic 773001 2279 True True
R196_PATH deterministic 769006 2279 False True
R196_PATH deterministic 773002 2279 True True
R196_PATH deterministic 773003 2279 False True
R196_PATH deterministic 773005 2279 True True
R196_PATH deterministic 773006 2279 False True
R196_PATH deterministic 773007 2279 False True
R196_PATH deterministic 773004 2279 False True
R196_PATH deterministic 773008 2279 False True
R196_PATH deterministic 773010 2279 True True
R196_PATH deterministic 773009 2279 False True
R196_PATH deterministic 773012 2279 True True
R196_PATH deterministic 773011 2279 False True
R196_PATH deterministic 773013 2279 False True
R196_PATH deterministic 773014 2279 False True
R196_PATH deterministic 773015 2279 True True
R196_UPDATE_CLOSED 1 7 False
R196_PATH sample 769001 2279 True True
R196_PATH sample 769002 2279 False True
R196_PATH sample None 2279 False True
R196_PATH sample 769000 2279 False True
R196_PATH sample 769003 2279 False True
R196_PATH sample 769004 2279 False True
R196_PATH sample 769005 303 False False
R196_PATH sample 769007 2279 True True
R196_PATH sample 769006 2279 False True
R196_PATH sample 773000 2279 False True
R196_PATH sample 773002 2279 False True
R196_PATH sample 773001 2279 False True
R196_PATH sample 773003 2279 False True
R196_PATH sample 773006 304 False False
R196_PATH sample 773005 2279 True True
R196_PATH sample 773004 2279 False True
R196_PATH sample 773007 2279 False True
R196_PATH sample 773009 2279 True True
R196_PATH sample 773008 2279 False True
R196_PATH sample 773010 2279 True True
R196_PATH sample 773011 2279 False True
R196_PATH sample 773012 2279 False True
R196_PATH sample 773014 2279 False True
R196_PATH sample 773013 2279 False True
R196_PATH sample 773015 2279 False True
R196_PATH deterministic 769001 2279 True True
R196_PATH deterministic 769000 2279 True True
R196_PATH deterministic 769002 2279 False True
R196_PATH deterministic 769003 2279 False True
R196_PATH deterministic 769004 2279 False True
R196_PATH deterministic None 2279 False True
R196_PATH deterministic 769005 2279 False True
R196_PATH deterministic 773002 2279 True True
R196_PATH deterministic 769006 2279 False True
R196_PATH deterministic 769007 2279 False True
R196_PATH deterministic 773000 2279 False True
R196_PATH deterministic 773001 2279 False True
R196_PATH deterministic 773003 2279 False True
R196_PATH deterministic 773004 2279 True True
R196_PATH deterministic 773006 2279 True True
R196_PATH deterministic 773007 2279 True True
R196_PATH deterministic 773005 2279 False True
R196_PATH deterministic 773008 2279 False True
R196_PATH deterministic 773009 2279 True True
R196_PATH deterministic 773010 2279 True True
R196_PATH deterministic 773011 2279 False True
R196_PATH deterministic 773012 2279 False True
R196_PATH deterministic 773013 2279 False True
R196_PATH deterministic 773014 2279 False True
R196_PATH deterministic 773015 2279 False True
R196_UPDATE_CLOSED 2 8 False
R196_PATH baseline 769001 2279 True True
R196_PATH baseline 769000 2279 True True
R196_PATH baseline None 2279 True True
R196_PATH baseline 769003 2279 True True
R196_PATH baseline 769002 2279 False True
R196_PATH baseline 769004 2279 False True
R196_PATH baseline 769005 2279 True True
R196_PATH baseline 769007 2279 True True
R196_PATH baseline 769006 2279 True True
R196_PATH baseline 773000 2279 True True
R196_PATH baseline 773002 2279 True True
R196_PATH baseline 773001 2279 False True
R196_PATH baseline 773003 2279 True True
R196_PATH baseline 773004 2279 False True
R196_PATH baseline 773005 2279 False True
R196_PATH baseline 773007 2279 True True
R196_PATH baseline 773006 2279 True True
R196_PATH baseline 773008 2279 True True
R196_PATH baseline 773009 2279 True True
R196_PATH baseline 773011 2279 True True
R196_PATH baseline 773010 2279 True True
R196_PATH baseline 773012 2279 True True
R196_PATH baseline 773013 2279 True True
R196_PATH baseline 773014 2279 True True
R196_PATH baseline 773015 2279 False True
